******************************************************************************
            TI ARM Clang Linker PC v5.1.1                      
******************************************************************************
>> Linked Fri Aug  7 04:54:56 2026

OUTPUT FILE NAME:   <testbench.out>
ENTRY POINT SYMBOL: "_c_int00_noargs"  address: 000043b9


MEMORY CONFIGURATION

         name            origin    length      used     unused   attr    fill
----------------------  --------  ---------  --------  --------  ----  --------
  FLASH_BANK0           00000000   00040000  00004e38  0003b1c8  RWIX
  FLASH_BANK1           00040000   00040000  00000000  00040000  RWIX
  RAM_C                 00c18000   00008000  00000040  00007fc0  RWIX
  RAM_S                 20000000   00018000  0000b766  0000c89a  RWIX
  BCR_CONFIG            60100800   00000150  00000000  00000150  RWIX
  BSL_CONFIG            60100c00   00000050  00000000  00000050  RWIX
  EPI_SDRAM_CODE        80000000   00010000  00000000  00010000  RWIX
  EPI_SDRAM_DATA        80020000   00001000  00000000  00001000  RWIX


SEGMENT ALLOCATION MAP

run origin  load origin   length   init length attrs members
----------  ----------- ---------- ----------- ----- -------
00000000    00000000    000006c0   000006c0    r--
  00000000    00000000    00000100   00000100    r-- .intvecs
  00000100    00000100    000005c0   000005c0    r-- .rodata
00000700    00000700    00004738   00004738    r-x
  00000700    00000700    00004660   00004660    r-x .text
  00004d60    00004d60    000000c8   000000c8    r-- .cinit
  00004e28    00004e28    00000010   00000010    r-- .binit
00c18000    000006c0    00000040   00000040    r-x
  00c18000    000006c0    00000040   00000040    r-x .TI.ramfunc
20000000    20000000    0000b770   00000000    rw-
  20000000    20000000    00008289   00000000    rw- .data
  20008290    20008290    000014dd   00000000    rw- .bss
  20009770    20009770    00001000   00000000    rw- .stack
  2000a770    2000a770    00001000   00000000    rw- .sysmem


SECTION ALLOCATION MAP

 output                                  attributes/
section   page    origin      length       input sections
--------  ----  ----------  ----------   ----------------
.intvecs   0    00000000    00000100     
                  00000000    00000100     libam13e230x_m33_ti_arm_clang.a : startup_ti_arm_clang.c.obj (.intvecs)

.rodata    0    00000100    000005c0     
                  00000100    000000a8     protocol_app_interface.o (.rodata.protocol_app_if_callback_list)
                  000001a8    00000088     hsadc.o (.rodata.adc_sampling_rate_map)
                  00000230    00000064     libdriverlib_ti_sdk_cfg_default_m33_ti_arm_clang.a : dl_sysctl.c.obj (.rodata.str1.9771586710076178345.1)
                  00000294    00000062                                                        : dl_ecap.c.obj (.rodata.str1.12699008888836866327.1)
                  000002f6    00000061                                                        : dl_adc.c.obj (.rodata.str1.1200506113571057252.1)
                  00000357    00000061                                                        : dl_adc.c.obj (.rodata.str1.4834735705013660223.1)
                  000003b8    00000034     ti_sdk_dl_config.o (.rodata.gCAPTURE_ECAP0Config)
                  000003ec    00000034     ti_sdk_dl_config.o (.rodata.gCAPTURE_ECAP1Config)
                  00000420    00000020     pwm.o (.rodata.cst32)
                  00000440    0000001c     ti_sdk_dl_config.o (.rodata.gHSADC_TRIGGER_PWM_EventTriggerConfig)
                  0000045c    0000001c     ti_sdk_dl_config.o (.rodata.gSYSPLLConfig)
                  00000478    00000018     libdriverlib_ti_sdk_cfg_default_m33_ti_arm_clang.a : dl_mcpwm.c.obj (.rodata..Lswitch.table.DL_MCPWM_configureActionQualifierActions.11)
                  00000490    00000018                                                        : dl_mcpwm.c.obj (.rodata..Lswitch.table.DL_MCPWM_configureActionQualifierActions.5)
                  000004a8    00000018                                                        : dl_unicomm.c.obj (.rodata.UC2_Inst)
                  000004c0    00000018                                                        : dl_unicomm.c.obj (.rodata.UC3_Inst)
                  000004d8    00000018                                                        : dl_unicomm.c.obj (.rodata.UC4_Inst)
                  000004f0    00000018     ti_sdk_dl_config.o (.rodata.gHSADC_DMAConfig)
                  00000508    00000016     ti_sdk_dl_config.o (.rodata.gHSADC_TRIGGER_PWM_LoadModeConfig)
                  0000051e    00000016     ti_sdk_dl_config.o (.rodata.gPWM_CH0_LoadModeConfig)
                  00000534    00000016     ti_sdk_dl_config.o (.rodata.gPWM_CH1_LoadModeConfig)
                  0000054a    00000016     ti_sdk_dl_config.o (.rodata.gPWM_CH2_LoadModeConfig)
                  00000560    00000016     ti_sdk_dl_config.o (.rodata.gPWM_CH3_LoadModeConfig)
                  00000576    00000011     libc.a : _printfi.c.obj (.rodata.str1.15363888844622738466.1)
                  00000587    00000001     --HOLE-- [fill = 0]
                  00000588    00000010     ti_sdk_dl_config.o (.rodata.gHSADC_TRIGGER_PWM_CounterCompareConfig)
                  00000598    00000010     ti_sdk_dl_config.o (.rodata.gHSADC_TRIGGER_PWM_TimeBaseConfig)
                  000005a8    00000010     ti_sdk_dl_config.o (.rodata.gPWM_CH0_CounterCompareConfig)
                  000005b8    00000010     ti_sdk_dl_config.o (.rodata.gPWM_CH0_TimeBaseConfig)
                  000005c8    00000010     ti_sdk_dl_config.o (.rodata.gPWM_CH1_CounterCompareConfig)
                  000005d8    00000010     ti_sdk_dl_config.o (.rodata.gPWM_CH1_TimeBaseConfig)
                  000005e8    00000010     ti_sdk_dl_config.o (.rodata.gPWM_CH2_CounterCompareConfig)
                  000005f8    00000010     ti_sdk_dl_config.o (.rodata.gPWM_CH2_TimeBaseConfig)
                  00000608    00000010     ti_sdk_dl_config.o (.rodata.gPWM_CH3_CounterCompareConfig)
                  00000618    00000010     ti_sdk_dl_config.o (.rodata.gPWM_CH3_TimeBaseConfig)
                  00000628    00000010     protocol_app_interface.o (.rodata.str1.3638795161258545313.1)
                  00000638    0000000c     ti_sdk_dl_config.o (.rodata.gHSADC_SEQ1_SeqNConfig)
                  00000644    0000000b     protocol_app_interface.o (.rodata.str1.11033561301840170704.1)
                  0000064f    0000000b     protocol_app_interface.o (.rodata.str1.9351703080602949693.1)
                  0000065a    0000000a     ti_sdk_dl_config.o (.rodata.gRS485_UART_Config)
                  00000664    0000000a     ti_sdk_dl_config.o (.rodata.gUSER_UART_Config)
                  0000066e    00000008     user_spi.o (.rodata.cst8)
                  00000676    00000008     ti_sdk_dl_config.o (.rodata.gSPI_COMMON_config)
                  0000067e    00000008     protocol_app_interface.o (.rodata.str1.17098036574031987664.1)
                  00000686    00000007     ti_sdk_dl_config.o (.rodata.gHSADC_TRIGGER_PWM_ActionQualifierActions_PWM1A)
                  0000068d    00000007     ti_sdk_dl_config.o (.rodata.gPWM_CH0_ActionQualifierActions_PWM1A)
                  00000694    00000007     ti_sdk_dl_config.o (.rodata.gPWM_CH1_ActionQualifierActions_PWM1B)
                  0000069b    00000007     ti_sdk_dl_config.o (.rodata.gPWM_CH2_ActionQualifierActions_PWM3A)
                  000006a2    00000007     ti_sdk_dl_config.o (.rodata.gPWM_CH3_ActionQualifierActions_PWM2A)
                  000006a9    00000005     protocol_app_interface.o (.rodata.str1.17903635297661635722.1)
                  000006ae    00000003     ti_sdk_dl_config.o (.rodata.gHSADC_DMAINT1_IntNConfig)
                  000006b1    00000003     libti_sdk_cfg_default_m33_ti_arm_clang.a : device_init_m33.c.obj (.rodata.str1.9445915351233533749.1)
                  000006b4    00000002     ti_sdk_dl_config.o (.rodata.gHSADC_SOC0_SocConfig)
                  000006b6    00000002     ti_sdk_dl_config.o (.rodata.gHSADC_SOC1_SocConfig)
                  000006b8    00000002     ti_sdk_dl_config.o (.rodata.gRS485_UART_ClockConfig)
                  000006ba    00000002     ti_sdk_dl_config.o (.rodata.gSPI_COMMON_clockConfig)
                  000006bc    00000002     ti_sdk_dl_config.o (.rodata.gUSER_UART_ClockConfig)
                  000006be    00000002     --HOLE-- [fill = 0]

.TI.ramfunc 
*          0    000006c0    00000040     RUN ADDR = 00c18000
                  000006c0    0000003c     libdriverlib_ti_sdk_cfg_default_m33_ti_arm_clang.a : dl_fri.c.obj (.TI.ramfunc)
                  000006fc    00000004     --HOLE-- [fill = 0]

.text      0    00000700    00004660     
                  00000700    000002dc     libc.a : strcmp_t2.S.obj (.text:strcmp)
                  000009dc    00000254            : _printfi.c.obj (.text:__TI_printfi_minimal)
                  00000c30    000001f4     user_uart.o (.text.UART_consecutive_transfer_start)
                  00000e24    000001b6     libclang_rt.builtins.a : adddf3.S.obj (.text)
                  00000fda    0000019e     ti_sdk_dl_config.o (.text.SYSCFG_DL_initPower)
                  00001178    00000194     user_uart.o (.text.UART_apply_configuration)
                  0000130c    0000017c     libdriverlib_ti_sdk_cfg_default_m33_ti_arm_clang.a : dl_ecap.c.obj (.text.DL_ECAP_init)
                  00001488    0000016a                                                        : dl_mcpwm.c.obj (.text.DL_MCPWM_configureActionQualifierActions)
                  000015f2    00000002     capture.o (.text.Capture_init)
                  000015f4    0000014c     libclang_rt.builtins.a : divdf3.S.obj (.text)
                  00001740    0000012e     protocol_app_interface.o (.text.capture_get_data)
                  0000186e    00000002     clocks.o (.text.Clocks_init)
                  00001870    00000128     pwm.o (.text.pwm_configure)
                  00001998    0000011e     libdriverlib_ti_sdk_cfg_default_m33_ti_arm_clang.a : dl_mcpwm.c.obj (.text.DL_MCPWM_configureLoadMode)
                  00001ab6    00000102                                                        : dl_adc.c.obj (.text.DL_ADC_sequencerInit)
                  00001bb8    00000100     libc.a : memory.c.obj (.text.aligned_alloc)
                  00001cb8    000000fc     libclang_rt.builtins.a : muldf3.S.obj (.text)
                  00001db4    000000f8     protocol_app_interface.o (.text.uart_read)
                  00001eac    000000f0     protocol.o (.text.protocol_handle_rx_byte)
                  00001f9c    000000e8     libc.a : fputs.c.obj (.text.fputs)
                  00002084    000000e6     libdriverlib_ti_sdk_cfg_default_m33_ti_arm_clang.a : dl_mcpwm.c.obj (.text.DL_MCPWM_configureCounterCompare)
                  0000216a    00000002     user_uart.o (.text.UART_consecutive_transfer_stop)
                  0000216c    000000dc     libc.a : memory.c.obj (.text.free)
                  00002248    000000d8            : setvbuf.c.obj (.text.setvbuf)
                  00002320    000000d2     libdriverlib_ti_sdk_cfg_default_m33_ti_arm_clang.a : dl_mcpwm.c.obj (.text.DL_MCPWM_configureEventTrigger)
                  000023f2    000000b8     user_spi.o (.text.SPI_init)
                  000024aa    00000002     user_uart.o (.text.UART_stop)
                  000024ac    000000b0     libclang_rt.builtins.a : udivmoddi4.S.obj (.text)
                  0000255c    0000009e     user_spi.o (.text.SPI_set_bitrate)
                  000025fa    0000009a     ti_sdk_dl_config.o (.text.SYSCFG_DL_HSADC_init)
                  00002694    0000009a     user_uart.o (.text.UART_transfer_till_read_count)
                  0000272e    00000094     libdriverlib_ti_sdk_cfg_default_m33_ti_arm_clang.a : dl_mcpwm.c.obj (.text.DL_MCPWM_configureTimeBase)
                  000027c2    00000002     libclang_rt.builtins.a : aeabi_div0.c.obj (.text.__aeabi_ldiv0)
                  000027c4    00000094     user_uart.o (.text.UART_transfer_until_char)
                  00002858    00000092     libdriverlib_ti_sdk_cfg_default_m33_ti_arm_clang.a : dl_sysctl.c.obj (.text.DL_SYSCTL_configSYSPLL)
                  000028ea    00000092     ti_sdk_dl_config.o (.text.SYSCFG_DL_RS485_UART_init)
                  0000297c    00000092     ti_sdk_dl_config.o (.text.SYSCFG_DL_USER_UART_init)
                  00002a0e    00000002     libc.a : _lock.c.obj (.text._nop)
                  00002a10    00000090     user_spi.o (.text.SPI_start_transfer)
                  00002aa0    00000090     protocol_app_interface.o (.text.uart_single_transfer)
                  00002b30    00000088     hsadc.o (.text.HSADC_set_sampling_rate)
                  00002bb8    00000088     libc.a : fputc.c.obj (.text.fputc)
                  00002c40    00000088     protocol_app_interface.o (.text.pwm_set_config)
                  00002cc8    00000082     user_uart.o (.text.UART_read_until_char)
                  00002d4a    00000002     --HOLE-- [fill = 0]
                  00002d4c    00000082     protocol_app_interface.o (.text.uart_read_buffer_get)
                  00002dce    00000002     --HOLE-- [fill = 0]
                  00002dd0    00000080     capture.o (.text.Capture_stop)
                  00002e50    00000080     ti_sdk_dl_config.o (.text.SYSCFG_DL_SYSCTL_CLK_init)
                  00002ed0    0000007e     protocol_app_interface.o (.text.uart_put_into_write_buffer)
                  00002f4e    0000007c     libti_sdk_cfg_default_m33_ti_arm_clang.a : device_init_m33.c.obj (.text.Device_InitPrepareHw)
                  00002fca    00000002     --HOLE-- [fill = 0]
                  00002fcc    0000007c     user_uart.o (.text.UART_read_till_count)
                  00003048    00000078     protocol_app_interface.o (.text.get_device_info)
                  000030c0    00000074     libc.a : copy_decompress_lzss.c.obj (.text:decompress:lzss)
                  00003134    00000070     libdriverlib_ti_sdk_cfg_default_m33_ti_arm_clang.a : dl_adc.c.obj (.text.DL_ADC_dmaInterruptInit)
                  000031a4    00000070     libc.a : fclose.c.obj (.text.__TI_closefile)
                  00003214    0000006e     libclang_rt.builtins.a : truncdfsf2.S.obj (.text)
                  00003282    00000002     --HOLE-- [fill = 0]
                  00003284    0000006c     pwm.o (.text.PWM_init)
                  000032f0    0000006c     libc.a : memory.c.obj (.text.split)
                  0000335c    0000006a     user_uart.o (.text.UC2_IRQHandler)
                  000033c6    00000002     --HOLE-- [fill = 0]
                  000033c8    0000006a     protocol_app_interface.o (.text.hsadc_get_samples)
                  00003432    00000002     --HOLE-- [fill = 0]
                  00003434    00000068     libc.a : fseek.c.obj (.text.fseeko)
                  0000349c    00000068            : getdevice.c.obj (.text.getdevice)
                  00003504    00000066     libarch_ti_sdk_cfg_default_m33_ti_arm_clang.a : arch_interrupt.c.obj (.text.Arch_Interrupt_Init)
                  0000356a    00000002     --HOLE-- [fill = 0]
                  0000356c    00000064     libsysbm.a : hostrename.c.obj (.text.HOSTrename)
                  000035d0    00000064     ti_sdk_dl_config.o (.text.SYSCFG_DL_Pinmux_init)
                  00003634    00000062     protocol_app_interface.o (.text.uart_write)
                  00003696    00000002     --HOLE-- [fill = 0]
                  00003698    00000060     libsysbm.a : hostopen.c.obj (.text.HOSTopen)
                  000036f8    00000060     ti_sdk_dl_config.o (.text.SYSCFG_DL_HSADC_TRIGGER_PWM_init)
                  00003758    00000060     libc.a : _io_perm.c.obj (.text.__TI_wrt_ok)
                  000037b8    00000060            : printf.c.obj (.text.printf)
                  00003818    0000005c     libsysbm.a : close.c.obj (.text.close)
                  00003874    0000005a     clocks.o (.text.Clocks_get_time_us)
                  000038ce    00000058     protocol_app_interface.o (.text.uart_configure_consecutive_transfer_instance)
                  00003926    00000056     ti_sdk_dl_config.o (.text.SYSCFG_DL_SPI_COMMON_init)
                  0000397c    00000056     ti_sdk_dl_config.o (.text.SYSCFG_DL_init)
                  000039d2    00000002     --HOLE-- [fill = 0]
                  000039d4    00000054     libsysbm.a : hostread.c.obj (.text.HOSTread)
                  00003a28    00000054                : hostwrite.c.obj (.text.HOSTwrite)
                  00003a7c    00000052     ti_sdk_dl_config.o (.text.SYSCFG_DL_PWM_CH1_init)
                  00003ace    00000052     ti_sdk_dl_config.o (.text.SYSCFG_DL_PWM_CH2_init)
                  00003b20    00000052     ti_sdk_dl_config.o (.text.SYSCFG_DL_PWM_CH3_init)
                  00003b72    00000050     ti_sdk_dl_config.o (.text.SYSCFG_DL_PWM_CH0_init)
                  00003bc2    00000050     libc.a : fflush.c.obj (.text.__TI_doflush)
                  00003c12    00000002     --HOLE-- [fill = 0]
                  00003c14    00000050            : cpy_tbl.c.obj (.text.copy_in)
                  00003c64    00000050     protocol_app_interface.o (.text.ping_device)
                  00003cb4    0000004e     libdriverlib_ti_sdk_cfg_default_m33_ti_arm_clang.a : dl_unicommuart.c.obj (.text.DL_UART_init)
                  00003d02    00000002     --HOLE-- [fill = 0]
                  00003d04    0000004e     main.o (.text.main)
                  00003d52    00000002     --HOLE-- [fill = 0]
                  00003d54    0000004e     protocol_app_interface.o (.text.uart_consecutive_transfer_instance_write_bytes)
                  00003da2    00000002     --HOLE-- [fill = 0]
                  00003da4    0000004c     libsysbm.a : hostlseek.c.obj (.text.HOSTlseek)
                  00003df0    0000004a     libdriverlib_ti_sdk_cfg_default_m33_ti_arm_clang.a : dl_adc.c.obj (.text.DL_ADC_socInit)
                  00003e3a    00000002     --HOLE-- [fill = 0]
                  00003e3c    00000048     hsadc.o (.text.HSADC_acquire)
                  00003e84    00000046     libdriverlib_ti_sdk_cfg_default_m33_ti_arm_clang.a : dl_unicommspi.c.obj (.text.DL_SPI_init)
                  00003eca    00000002     --HOLE-- [fill = 0]
                  00003ecc    00000046                                                        : dl_sysctl.c.obj (.text.DL_SYSCTL_setHFCLKSourceXTAL)
                  00003f12    00000044                                                        : dl_dma.c.obj (.text.DL_DMA_initChannel)
                  00003f56    00000002     --HOLE-- [fill = 0]
                  00003f58    00000044     libc.a : autoinit.c.obj (.text:__TI_auto_init_nopinit)
                  00003f9c    00000044     libclang_rt.builtins.a : fixunsdfsi.S.obj (.text)
                  00003fe0    00000040     libsysbm.a : hostunlink.c.obj (.text.HOSTunlink)
                  00004020    00000040     ti_sdk_dl_config.o (.text.SYSCFG_DL_HSADC_DMA_init)
                  00004060    0000003e     hsadc.o (.text.HSADC_init)
                  0000409e    0000003e     libutils_nortos_ti_sdk_cfg_default_m33_ti_arm_clang.a : log.c.obj (.text.Log_RegisterOutput)
                  000040dc    0000003e     protocol_app_interface.o (.text.uart_consecutive_transfer_instance_read_bytes)
                  0000411a    00000002     --HOLE-- [fill = 0]
                  0000411c    0000003c     libsysbm.a : hostclose.c.obj (.text.HOSTclose)
                  00004158    0000003c     user_uart.o (.text.UART_consecutive_transfer_write_byte)
                  00004194    0000003c     protocol_app_interface.o (.text.protocol_uart_send)
                  000041d0    00000038     libc.a : fopen.c.obj (.text.__TI_cleanup)
                  00004208    00000038     protocol_app_interface.o (.text.capture_control)
                  00004240    00000038     protocol_app_interface.o (.text.uart_consecutive_transfer_instance_get_read_count_and_status)
                  00004278    00000038     libclang_rt.builtins.a : extendsfdf2.S.obj (.text)
                  000042b0    00000036     capture.o (.text.ECAP0_IRQHandler)
                  000042e6    00000036     protocol_app_interface.o (.text.protocol_app_interface_init)
                  0000431c    00000034     libsysbm.a : trgmsg.c.obj (.text.__TI_writemsg)
                  00004350    00000034     protocol_app_interface.o (.text.uart_configure)
                  00004384    00000034     protocol_app_interface.o (.text.uart_consecutive_transfers_configure)
                  000043b8    00000034     libc.a : boot_cortex_m.c.obj (.text:_c_int00_noargs)
                  000043ec    00000032     libdriverlib_ti_sdk_cfg_default_m33_ti_arm_clang.a : dl_sysctl.c.obj (.text.DL_SYSCTL_switchMCLKfromSYSOSCtoHSCLK)
                  0000441e    00000032     ti_sdk_dl_config.o (.text.SYSCFG_DL_FLASH_init)
                  00004450    00000032     user_uart.o (.text.UART_init)
                  00004482    00000002     --HOLE-- [fill = 0]
                  00004484    00000030     user_uart.o (.text.UART_write)
                  000044b4    00000030     libsysbm.a : trgmsg.c.obj (.text.__TI_readmsg)
                  000044e4    00000030     libc.a : exit.c.obj (.text.exit)
                  00004514    0000002c            : getdevice.c.obj (.text.finddevice)
                  00004540    0000002c     libsysbm.a : lseek.c.obj (.text.lseek)
                  0000456c    0000002c     libc.a : strstr.c.obj (.text.strstr)
                  00004598    0000002c     libsysbm.a : unlink.c.obj (.text.unlink)
                  000045c4    0000002c                : write.c.obj (.text.write)
                  000045f0    0000002a     hsadc.o (.text.DMA0_IRQHandler)
                  0000461a    00000028     protocol_app_interface.o (.text.UC4_IRQHandler)
                  00004642    00000002     --HOLE-- [fill = 0]
                  00004644    00000028     libc.a : memory.c.obj (.text.free_list_insert)
                  0000466c    00000026     clocks.o (.text.Clocks_wait_us_precise)
                  00004692    00000024     libarch_ti_sdk_cfg_default_m33_ti_arm_clang.a : arch_counter.c.obj (.text.Arch_Counter_Init)
                  000046b6    00000022     capture.o (.text.Capture_start)
                  000046d8    00000022     libti_sdk_cfg_default_m33_ti_arm_clang.a : device_init.c.obj (.text.Device_Init)
                  000046fa    00000022     user_uart.o (.text.UART_reset_read_buffer)
                  0000471c    00000022     libc.a : memccpy.c.obj (.text.memccpy)
                  0000473e    00000022     protocol_app_interface.o (.text.uart_consecutive_transfer_start)
                  00004760    00000020     libutils_nortos_ti_sdk_cfg_default_m33_ti_arm_clang.a : log.c.obj (.text.Log_Init)
                  00004780    00000020     ti_sdk_dl_config.o (.text.SYSCFG_DL_INTERRUPT_init)
                  000047a0    00000020     ti_sdk_dl_config.o (.text.SYSCFG_DL_SYSTICK_init)
                  000047c0    00000020     user_uart.o (.text.UART_reset_write_buffer)
                  000047e0    00000020     libclang_rt.builtins.a : floatunsidf.S.obj (.text)
                  00004800    0000001e     ti_sdk_dl_config.o (.text.SYSCFG_DL_DMA0_init)
                  0000481e    0000001e     user_uart.o (.text.UART_receive_stop)
                  0000483c    0000001e     protocol_app_interface.o (.text.hsadc_configure)
                  0000485a    0000001c     libti_sdk_cfg_default_m33_ti_arm_clang.a : device_init_m33.c.obj (.text.Device_InitSetupSw)
                  00004876    00000002     --HOLE-- [fill = 0]
                  00004878    0000001c     pwm.o (.text.PWM_disable)
                  00004894    0000001c     user_uart.o (.text.UART_receive_start)
                  000048b0    0000001c     user_uart.o (.text.UART_start)
                  000048cc    0000001c     libc.a : memory.c.obj (.text.free_list_remove)
                  000048e8    0000001c     protocol_app_interface.o (.text.hsadc_control)
                  00004904    0000001c     protocol.o (.text.protocol_init)
                  00004920    00000018     pwm.o (.text.PWM_enable)
                  00004938    00000018     clocks.o (.text.SysTick_Handler)
                  00004950    00000018     user_uart.o (.text.UART_consecutive_transfer_get_status)
                  00004968    00000016     hsadc.o (.text.HSADC_get_sample)
                  0000497e    00000016     pwm.o (.text.PWM_set_frequency)
                  00004994    00000016     user_uart.o (.text.UART_consecutive_transfer_get_read_count)
                  000049aa    00000016     user_uart.o (.text.UART_consecutive_transfer_read_byte)
                  000049c0    00000016     user_uart.o (.text.UART_consecutive_transfer_set_pause_time)
                  000049d6    00000016     user_uart.o (.text.UART_consecutive_transfer_set_timeout)
                  000049ec    00000014     libdriverlib_ti_sdk_cfg_default_m33_ti_arm_clang.a : dl_unicommspi.c.obj (.text.DL_SPI_receiveDataBlocking8)
                  00004a00    00000014                                                        : dl_unicommuart.c.obj (.text.DL_UART_receiveDataBlocking)
                  00004a14    00000014     pwm.o (.text.PWM_set_duty)
                  00004a28    00000014     ti_sdk_dl_config.o (.text.SYSCFG_DL_CAPTURE_ECAP1_init)
                  00004a3c    00000014     user_uart.o (.text.UART_consecutive_transfer_set_target_read_count)
                  00004a50    00000014     user_uart.o (.text.UART_consecutive_transfer_set_write_count)
                  00004a64    00000014     user_uart.o (.text.UART_put_write_buffer)
                  00004a78    00000014     libclang_rt.builtins.a : aeabi_uldivmod.S.obj (.text)
                  00004a8c    00000012     capture.o (.text.Capture_get_duty_cycle)
                  00004a9e    00000012     capture.o (.text.Capture_get_frequency)
                  00004ab0    00000012     capture.o (.text.Capture_get_off_time_ns)
                  00004ac2    00000012     capture.o (.text.Capture_get_on_time_ns)
                  00004ad4    00000012     capture.o (.text.Capture_get_period_ns)
                  00004ae6    00000002     --HOLE-- [fill = 0]
                  00004ae8    00000012     libdriverlib_ti_sdk_cfg_default_m33_ti_arm_clang.a : dl_unicommuart.c.obj (.text.DL_UART_transmitDataBlocking)
                  00004afa    00000012     ti_sdk_dl_config.o (.text.SYSCFG_DL_CAPTURE_ECAP0_init)
                  00004b0c    00000012     ti_sdk_dl_config.o (.text.SYSCFG_DL_INPUTXBAR_init)
                  00004b1e    00000012     libc.a : fputs.c.obj (.text.memchr)
                  00004b30    00000012            : memcpy_t2.S.obj (.text:TI_memcpy_small)
                  00004b42    00000002     --HOLE-- [fill = 0]
                  00004b44    00000012     libclang_rt.builtins.a : aeabi_memset.S.obj (.text)
                  00004b56    00000010     libdriverlib_ti_sdk_cfg_default_m33_ti_arm_clang.a : dl_unicommspi.c.obj (.text.DL_SPI_setClockConfig)
                  00004b66    00000010                                                        : dl_unicommuart.c.obj (.text.DL_UART_setClockConfig)
                  00004b76    00000010     user_uart.o (.text.UART_increment_write_count)
                  00004b86    00000010     libc.a : copy_zero_init.c.obj (.text:decompress:ZI)
                  00004b96    0000000e     libti_sdk_cfg_default_m33_ti_arm_clang.a : device_init_m33.c.obj (.text.Device_LogStringPrintf)
                  00004ba4    0000000e     user_spi.o (.text.SPI_write_buffer_put)
                  00004bb2    0000000e     ti_sdk_dl_config.o (.text.SYSCFG_DL_SYSCTL_init)
                  00004bc0    0000000e     user_uart.o (.text.UART_consecutive_transfer_set_termination_char)
                  00004bce    0000000e     user_uart.o (.text.UART_set_baudrate)
                  00004bdc    0000000e     user_uart.o (.text.UART_set_parity)
                  00004bea    0000000e     user_uart.o (.text.UART_set_read_timeout_us)
                  00004bf8    0000000e     user_uart.o (.text.UART_set_stop_bits)
                  00004c06    0000000e     protocol_app_interface.o (.text.protocol_uart_send_byte)
                  00004c14    0000000e     libsysbm.a : hostrename.c.obj (.text.strcpy)
                  00004c22    0000000e     libc.a : _printfi.c.obj (.text.strlen)
                  00004c30    0000000e            : fputs.c.obj (.text.strlen)
                  00004c3e    0000000e     libsysbm.a : hostopen.c.obj (.text.strlen)
                  00004c4c    0000000e                : hostrename.c.obj (.text.strlen)
                  00004c5a    0000000e                : hostunlink.c.obj (.text.strlen)
                  00004c68    0000000e     libc.a : memset_t2.S.obj (.text:TI_memset_small)
                  00004c76    0000000e            : copy_decompress_none.c.obj (.text:decompress:none)
                  00004c84    0000000c     libti_sdk_cfg_default_m33_ti_arm_clang.a : device_init_m33.c.obj (.text.Device_InitPrepareSw)
                  00004c90    0000000c     libc.a : memory.c.obj (.text.OUTLINED_FUNCTION_0)
                  00004c9c    0000000c     user_spi.o (.text.SPI_set_transfer_count)
                  00004ca8    0000000c     user_uart.o (.text.UART_consecutive_transfer_set_termination_mode)
                  00004cb4    0000000c     user_uart.o (.text.UART_consecutive_transfer_set_transfer_count)
                  00004cc0    0000000c     user_uart.o (.text.UART_get_read_buffer)
                  00004ccc    0000000c     user_uart.o (.text.UART_get_read_count)
                  00004cd8    0000000c     user_uart.o (.text.UART_get_status)
                  00004ce4    0000000c     user_uart.o (.text.UART_get_write_buffer)
                  00004cf0    0000000c     libc.a : fputc.c.obj (.text.putchar)
                  00004cfc    0000000a     libdriverlib_ti_sdk_cfg_default_m33_ti_arm_clang.a : dl_common.c.obj (.text.DL_Common_delayCycles)
                  00004d06    00000008     libc.a : memory.c.obj (.text.malloc)
                  00004d0e    00000006     libam13e230x_m33_ti_arm_clang.a : startup_ti_arm_clang.c.obj (.text.Reset_Handler)
                  00004d14    00000006     protocol.o (.text.protocol_write_payload_byte)
                  00004d1a    00000006     libc.a : exit.c.obj (.text:abort)
                  00004d20    00000004     libti_sdk_cfg_default_m33_ti_arm_clang.a : device_init_m33.c.obj (.text.Device_InitSetupHw)
                  00004d24    00000004                                              : device_init_m33.c.obj (.text.Device_LogCharPutchar)
                  00004d28    00000004     libsysbm.a : hostexit.c.obj (.text.HOSTexit)
                  00004d2c    00000004     libutils_nortos_ti_sdk_cfg_default_m33_ti_arm_clang.a : log_nortos.c.obj (.text.Log_MsgCreateLock)
                  00004d30    00000004     libclang_rt.builtins.a : aeabi_ddiv.c.obj (.text.__aeabi_ddiv)
                  00004d34    00000004                            : aeabi_dmul.c.obj (.text.__aeabi_dmul)
                  00004d38    00000004     libdriverlib_ti_sdk_cfg_default_m33_ti_arm_clang.a : dl_common.c.obj (.text.__error__)
                  00004d3c    00000004     libc.a : printf.c.obj (.text._outc)
                  00004d40    00000004            : printf.c.obj (.text._outs)
                  00004d44    00000004            : pre_init.c.obj (.text._system_pre_init)
                  00004d48    00000004            : fseek.c.obj (.text.fseek)
                  00004d4c    00000004     protocol.o (.text.protocol_set_response_payload_length)
                  00004d50    00000004     libsysbm.a : remove.c.obj (.text.remove)
                  00004d54    00000004     libclang_rt.builtins.a : aeabi_memcpy.S.obj (.text)
                  00004d58    00000002     libam13e230x_m33_ti_arm_clang.a : startup_ti_arm_clang.c.obj (.text.Default_Handler)
                  00004d5a    00000006     --HOLE-- [fill = 0]

.cinit     0    00004d60    000000c8     
                  00004d60    0000009d     (.cinit..data.load) [load image, compression = lzss]
                  00004dfd    00000003     --HOLE-- [fill = 0]
                  00004e00    0000000c     (__TI_handler_table)
                  00004e0c    00000008     (.cinit..bss.load) [load image, compression = zero_init]
                  00004e14    00000010     (__TI_cinit_table)
                  00004e24    00000004     --HOLE-- [fill = 0]

.data      0    20000000    00008289     UNINITIALIZED
                  20000000    00008008     hsadc.o (.data.hsadc_context)
                  20008008    000000f0     libc.a : defs.c.obj (.data._ftable)
                  200080f8    00000078     libsysbm.a : host_device.c.obj (.data._device)
                  20008170    00000050                : host_device.c.obj (.data._stream)
                  200081c0    00000040     capture.o (.data.capture_channels)
                  20008200    00000040     pwm.o (.data.pwm_channels)
                  20008240    0000000a     user_uart.o (.data.USER_UART_Config)
                  2000824a    00000002     user_spi.o (.data.USER_SPI_clockConfig)
                  2000824c    00000008     libc.a : exit.c.obj (.data..L_MergedGlobals)
                  20008254    00000004     libutils_nortos_ti_sdk_cfg_default_m33_ti_arm_clang.a : log.c.obj (.data.Log_Obj.0)
                  20008258    00000008     clocks.o (.data.Clocks_systick_isr_count)
                  20008260    00000008     user_spi.o (.data.USER_SPI_config)
                  20008268    00000004     libutils_nortos_ti_sdk_cfg_default_m33_ti_arm_clang.a : log.c.obj (.data.Log_Obj.1)
                  2000826c    00000004     libc.a : defs.c.obj (.data.__TI_ft_end)
                  20008270    00000004            : _lock.c.obj (.data._lock)
                  20008274    00000004            : _lock.c.obj (.data._unlock)
                  20008278    00000004     hsadc.o (.data.hsadc_interrupt_count)
                  2000827c    00000004     protocol_app_interface.o (.data.ping_counter_value)
                  20008280    00000002     user_uart.o (.data.USER_UART_ClockConfig)
                  20008282    00000002     --HOLE--
                  20008284    00000001     libutils_nortos_ti_sdk_cfg_default_m33_ti_arm_clang.a : log.c.obj (.data.Log_Obj.2)
                  20008285    00000003     --HOLE--
                  20008288    00000001     libc.a : memory.c.obj (.data.memory_is_initialized)

.bss       0    20008290    000014dd     UNINITIALIZED
                  20008290    00000400     user_spi.o (.bss.SPI_rx_buffer)
                  20008690    00000400     user_spi.o (.bss.SPI_tx_buffer)
                  20008a90    00000400     user_uart.o (.bss.UART_read_buffer)
                  20008e90    00000400     user_uart.o (.bss.UART_write_buffer)
                  20009290    00000180     user_uart.o (.bss.uart_consecutive_transfers)
                  20009410    00000120     libsysbm.a : trgmsg.c.obj (.bss:_CIOBUF_)
                  20009530    00000120     (.common:protocol_context)
                  20009650    000000a0     libc.a : defs.c.obj (.bss.__TI_tmpnams)
                  200096f0    00000058     user_uart.o (.bss.user_uart)
                  20009748    00000008     libsysbm.a : hostopen.c.obj (.bss.parmbuf)
                  20009750    00000004     protocol_app_interface.o (.bss.capture_get_data.duty)
                  20009754    00000004     libc.a : memory.c.obj (.bss.sys_free)
                  20009758    00000004     user_spi.o (.bss.user_spi.0)
                  2000975c    00000004     user_spi.o (.bss.user_spi.1)
                  20009760    00000004     user_spi.o (.bss.user_spi.2)
                  20009764    00000004     user_spi.o (.bss.user_spi.3)
                  20009768    00000004     user_spi.o (.bss.user_spi.5)
                  2000976c    00000001     user_spi.o (.bss.user_spi.4)

.stack     0    20009770    00001000     UNINITIALIZED
                  20009770    00000004     libc.a : boot_cortex_m.c.obj (.stack)
                  20009774    00000ffc     --HOLE--

.sysmem    0    2000a770    00001000     UNINITIALIZED
                  2000a770    00000010     libc.a : memory.c.obj (.sysmem)
                  2000a780    00000ff0     --HOLE--

.binit     0    00004e28    00000010     
                  00004e28    00000010     (.binit)

.sdram_code 
*          0    80000000    00000000     UNINITIALIZED

__llvm_prf_cnts 
*          0    20000000    00000000     UNINITIALIZED

__llvm_prf_bits 
*          0    20000000    00000000     UNINITIALIZED

MODULE SUMMARY

       Module                       code    ro data   rw data
       ------                       ----    -------   -------
    .\
       hsadc.o                      334     136       32780  
       user_uart.o                  2210    0         2532   
       protocol_app_interface.o     2194    219       296    
       user_spi.o                   512     8         2079   
       pwm.o                        498     32        64     
       capture.o                    308     0         64     
       protocol.o                   278     0         0      
       clocks.o                     154     0         8      
       main.o                       78      0         0      
    +--+----------------------------+-------+---------+---------+
       Total:                       6566    395       37823  
                                                             
    .\syscfg\
       ti_sdk_dl_config.o           1960    542       0      
    +--+----------------------------+-------+---------+---------+
       Total:                       1960    542       0      
                                                             
    C:/ti/am13e230x_sdk_26_01_00_03/build/am13e230x/lib/Debug/libam13e230x_m33_ti_arm_clang.a
       startup_ti_arm_clang.c.obj   8       256       0      
    +--+----------------------------+-------+---------+---------+
       Total:                       8       256       0      
                                                             
    C:/ti/am13e230x_sdk_26_01_00_03/build/am13e230x/lib/Debug/libarch_ti_sdk_cfg_default_m33_ti_arm_clang.a
       arch_interrupt.c.obj         102     0         0      
       arch_counter.c.obj           36      0         0      
    +--+----------------------------+-------+---------+---------+
       Total:                       138     0         0      
                                                             
    C:/ti/am13e230x_sdk_26_01_00_03/build/am13e230x/lib/Debug/libdriverlib_ti_sdk_cfg_default_m33_ti_arm_clang.a
       dl_mcpwm.c.obj               1236    48        0      
       dl_adc.c.obj                 444     194       0      
       dl_ecap.c.obj                380     98        0      
       dl_sysctl.c.obj              266     100       0      
       dl_unicommuart.c.obj         132     0         0      
       dl_fri.c.obj                 120     0         0      
       dl_unicommspi.c.obj          106     0         0      
       dl_unicomm.c.obj             0       72        0      
       dl_dma.c.obj                 68      0         0      
       dl_common.c.obj              14      0         0      
    +--+----------------------------+-------+---------+---------+
       Total:                       2766    512       0      
                                                             
    C:/ti/am13e230x_sdk_26_01_00_03/build/am13e230x/lib/Debug/libti_sdk_cfg_default_m33_ti_arm_clang.a
       device_init_m33.c.obj        186     3         0      
       device_init.c.obj            34      0         0      
    +--+----------------------------+-------+---------+---------+
       Total:                       220     3         0      
                                                             
    C:/ti/am13e230x_sdk_26_01_00_03/build/am13e230x/lib/Debug/libutils_nortos_ti_sdk_cfg_default_m33_ti_arm_clang.a
       log.c.obj                    94      0         9      
       log_nortos.c.obj             4       0         0      
    +--+----------------------------+-------+---------+---------+
       Total:                       98      0         9      
                                                             
    C:\ti\ccs2100\ccs\tools\compiler\ti-cgt-armllvm_5.1.1.LTS\lib\armv8m.main-ti-none-eabihf/dsp/c/libc.a
       strcmp_t2.S.obj              732     0         0      
       memory.c.obj                 672     0         5      
       _printfi.c.obj               610     17        0      
       defs.c.obj                   0       0         404    
       fputs.c.obj                  264     0         0      
       setvbuf.c.obj                216     0         0      
       fputc.c.obj                  148     0         0      
       getdevice.c.obj              148     0         0      
       copy_decompress_lzss.c.obj   116     0         0      
       fclose.c.obj                 112     0         0      
       fseek.c.obj                  108     0         0      
       printf.c.obj                 104     0         0      
       _io_perm.c.obj               96      0         0      
       cpy_tbl.c.obj                80      0         0      
       fflush.c.obj                 80      0         0      
       autoinit.c.obj               68      0         0      
       exit.c.obj                   54      0         8      
       fopen.c.obj                  56      0         0      
       boot_cortex_m.c.obj          52      0         0      
       strstr.c.obj                 44      0         0      
       memccpy.c.obj                34      0         0      
       memcpy_t2.S.obj              18      0         0      
       copy_zero_init.c.obj         16      0         0      
       copy_decompress_none.c.obj   14      0         0      
       memset_t2.S.obj              14      0         0      
       _lock.c.obj                  2       0         8      
       pre_init.c.obj               4       0         0      
    +--+----------------------------+-------+---------+---------+
       Total:                       3862    17        425    
                                                             
    C:\ti\ccs2100\ccs\tools\compiler\ti-cgt-armllvm_5.1.1.LTS\lib\armv8m.main-ti-none-eabihf/dsp/c/libsysbm.a
       trgmsg.c.obj                 100     0         288    
       host_device.c.obj            0       0         200    
       hostrename.c.obj             128     0         0      
       hostopen.c.obj               110     0         8      
       close.c.obj                  92      0         0      
       hostread.c.obj               84      0         0      
       hostwrite.c.obj              84      0         0      
       hostunlink.c.obj             78      0         0      
       hostlseek.c.obj              76      0         0      
       hostclose.c.obj              60      0         0      
       lseek.c.obj                  44      0         0      
       unlink.c.obj                 44      0         0      
       write.c.obj                  44      0         0      
       hostexit.c.obj               4       0         0      
       remove.c.obj                 4       0         0      
    +--+----------------------------+-------+---------+---------+
       Total:                       952     0         496    
                                                             
    C:\ti\ccs2100\ccs\tools\compiler\ti-cgt-armllvm_5.1.1.LTS\lib\armv8m.main-ti-none-eabihf/dsp/libclang_rt.builtins.a
       adddf3.S.obj                 438     0         0      
       divdf3.S.obj                 332     0         0      
       muldf3.S.obj                 252     0         0      
       udivmoddi4.S.obj             176     0         0      
       truncdfsf2.S.obj             110     0         0      
       fixunsdfsi.S.obj             68      0         0      
       extendsfdf2.S.obj            56      0         0      
       floatunsidf.S.obj            32      0         0      
       aeabi_uldivmod.S.obj         20      0         0      
       aeabi_memset.S.obj           18      0         0      
       aeabi_ddiv.c.obj             4       0         0      
       aeabi_dmul.c.obj             4       0         0      
       aeabi_memcpy.S.obj           4       0         0      
       aeabi_div0.c.obj             2       0         0      
    +--+----------------------------+-------+---------+---------+
       Total:                       1516    0         0      
                                                             
       Heap:                        0       0         4096   
       Stack:                       0       0         4096   
       Linker Generated:            0       209       0      
    +--+----------------------------+-------+---------+---------+
       Grand Total:                 18086   1934      46945  


LINKER GENERATED COPY TABLES

__TI_cinit_table @ 00004e14 records: 2, size/record: 8, table size: 16
	.data: load addr=00004d60, load size=0000009d bytes, run addr=20000000, run size=00008289 bytes, compression=lzss
	.bss: load addr=00004e0c, load size=00000008 bytes, run addr=20008290, run size=000014dd bytes, compression=zero_init
binit @ 00004e28 records: 1, size/record: 12, table size: 16
	.TI.ramfunc: load addr=000006c0, load size=00000040, run addr=00c18000, run size=00000040, compression=none


LINKER GENERATED HANDLER TABLE

__TI_handler_table @ 00004e00 records: 3, size/record: 4, table size: 12
	index: 0, handler: __TI_decompress_lzss
	index: 1, handler: __TI_decompress_none
	index: 2, handler: __TI_zero_init


GLOBAL SYMBOLS: SORTED ALPHABETICALLY BY Name 

address   name                                           
-------   ----                                           
00004d59  ADC0_EVT_IRQHandler                            
00004d59  ADC0_INT1_IRQHandler                           
00004d59  ADC0_INT2_IRQHandler                           
00004d59  ADC0_INT3_IRQHandler                           
00004d59  ADC0_INT4_IRQHandler                           
00004d59  ADC1_EVT_IRQHandler                            
00004d59  ADC1_INT1_IRQHandler                           
00004d59  ADC1_INT2_IRQHandler                           
00004d59  ADC1_INT3_IRQHandler                           
00004d59  ADC1_INT4_IRQHandler                           
00004d59  ADC2_EVT_IRQHandler                            
00004d59  ADC2_INT1_IRQHandler                           
00004d59  ADC2_INT2_IRQHandler                           
00004d59  ADC2_INT3_IRQHandler                           
00004d59  ADC2_INT4_IRQHandler                           
00004d59  AES_IRQHandler                                 
00004693  Arch_Counter_Init                              
00003505  Arch_Interrupt_Init                            
00004d59  BusFault_Handler                               
00004d28  C$$EXIT                                        
00004347  C$$IO$$                                        
00004a8d  Capture_get_duty_cycle                         
00004a9f  Capture_get_frequency                          
00004ab1  Capture_get_off_time_ns                        
00004ac3  Capture_get_on_time_ns                         
00004ad5  Capture_get_period_ns                          
000015f3  Capture_init                                   
000046b7  Capture_start                                  
00002dd1  Capture_stop                                   
00003875  Clocks_get_time_us                             
0000186f  Clocks_init                                    
20008258  Clocks_systick_isr_count                       
0000466d  Clocks_wait_us_precise                         
00003135  DL_ADC_dmaInterruptInit                        
00001ab7  DL_ADC_sequencerInit                           
00003df1  DL_ADC_socInit                                 
00004cfd  DL_Common_delayCycles                          
00003f13  DL_DMA_initChannel                             
0000130d  DL_ECAP_init                                   
00c18013  DL_FRI_setReadWaitStates                       
00c18001  DL_FRI_setZeroReadWaitStates                   
00001489  DL_MCPWM_configureActionQualifierActions       
00002085  DL_MCPWM_configureCounterCompare               
00002321  DL_MCPWM_configureEventTrigger                 
00001999  DL_MCPWM_configureLoadMode                     
0000272f  DL_MCPWM_configureTimeBase                     
00003e85  DL_SPI_init                                    
000049ed  DL_SPI_receiveDataBlocking8                    
00004b57  DL_SPI_setClockConfig                          
00002859  DL_SYSCTL_configSYSPLL                         
00003ecd  DL_SYSCTL_setHFCLKSourceXTAL                   
000043ed  DL_SYSCTL_switchMCLKfromSYSOSCtoHSCLK          
00003cb5  DL_UART_init                                   
00004a01  DL_UART_receiveDataBlocking                    
00004b67  DL_UART_setClockConfig                         
00004ae9  DL_UART_transmitDataBlocking                   
000045f1  DMA0_IRQHandler                                
00004d59  DebugMon_Handler                               
00004d59  Debug_IRQHandler                               
00004d59  Default_Handler                                
000046d9  Device_Init                                    
00002f4f  Device_InitPrepareHw                           
00004c85  Device_InitPrepareSw                           
00004d21  Device_InitSetupHw                             
0000485b  Device_InitSetupSw                             
00004d25  Device_LogCharPutchar                          
00004b97  Device_LogStringPrintf                         
000042b1  ECAP0_IRQHandler                               
00004d59  ECAP1_IRQHandler                               
00004d59  EPI_IRQHandler                                 
00004d59  EQEP0_IRQHandler                               
00004d59  EQEP1_IRQHandler                               
00004d59  EQEP2_IRQHandler                               
00004d59  Flash_IRQHandler                               
00004d59  GPIO0_IRQHandler                               
00004d59  GPIO1_IRQHandler                               
00004d59  GPIO2_IRQHandler                               
00004d59  GPIO3_IRQHandler                               
0000411d  HOSTclose                                      
00004d29  HOSTexit                                       
00003da5  HOSTlseek                                      
00003699  HOSTopen                                       
000039d5  HOSTread                                       
0000356d  HOSTrename                                     
00003fe1  HOSTunlink                                     
00003a29  HOSTwrite                                      
00003e3d  HSADC_acquire                                  
00004969  HSADC_get_sample                               
00004061  HSADC_init                                     
00002b31  HSADC_set_sampling_rate                        
00004d59  HardFault_Handler                              
00004761  Log_Init                                       
00004d2d  Log_MsgCreateLock                              
0000409f  Log_RegisterOutput                             
00004d59  MCAN0_IRQHandler                               
00004d59  MCPWM0_IRQHandler                              
00004d59  MCPWM1_IRQHandler                              
00004d59  MCPWM2_IRQHandler                              
00004d59  MCPWM3_IRQHandler                              
00004d59  MCPWM4_IRQHandler                              
00004d59  MemManage_Handler                              
00004d59  NMI_Handler                                    
00004d59  PMCU_IRQHandler                                
00004879  PWM_disable                                    
00004921  PWM_enable                                     
00003285  PWM_init                                       
00004a15  PWM_set_duty                                   
0000497f  PWM_set_frequency                              
00004d59  PendSV_Handler                                 
00004d0f  Reset_Handler                                  
000023f3  SPI_init                                       
0000255d  SPI_set_bitrate                                
00004c9d  SPI_set_transfer_count                         
00002a11  SPI_start_transfer                             
00004ba5  SPI_write_buffer_put                           
00004d59  SVC_Handler                                    
00004afb  SYSCFG_DL_CAPTURE_ECAP0_init                   
00004a29  SYSCFG_DL_CAPTURE_ECAP1_init                   
00004801  SYSCFG_DL_DMA0_init                            
0000441f  SYSCFG_DL_FLASH_init                           
00004021  SYSCFG_DL_HSADC_DMA_init                       
000036f9  SYSCFG_DL_HSADC_TRIGGER_PWM_init               
000025fb  SYSCFG_DL_HSADC_init                           
00004b0d  SYSCFG_DL_INPUTXBAR_init                       
00004781  SYSCFG_DL_INTERRUPT_init                       
00003b73  SYSCFG_DL_PWM_CH0_init                         
00003a7d  SYSCFG_DL_PWM_CH1_init                         
00003acf  SYSCFG_DL_PWM_CH2_init                         
00003b21  SYSCFG_DL_PWM_CH3_init                         
000035d1  SYSCFG_DL_Pinmux_init                          
000028eb  SYSCFG_DL_RS485_UART_init                      
00003927  SYSCFG_DL_SPI_COMMON_init                      
00002e51  SYSCFG_DL_SYSCTL_CLK_init                      
00004bb3  SYSCFG_DL_SYSCTL_init                          
000047a1  SYSCFG_DL_SYSTICK_init                         
0000297d  SYSCFG_DL_USER_UART_init                       
0000397d  SYSCFG_DL_init                                 
00000fdb  SYSCFG_DL_initPower                            
00004939  SysTick_Handler                                
00004d59  TIMG12_0_IRQHandler                            
00004d59  TIMG4_0_IRQHandler                             
00004d59  TINIE_LITE_IRQHandler                          
00004b31  TI_memcpy_small                                
00004c69  TI_memset_small                                
00004d59  TMU_LUF_IRQHandler                             
00004d59  TMU_LVF_IRQHandler                             
00001179  UART_apply_configuration                       
00004995  UART_consecutive_transfer_get_read_count       
00004951  UART_consecutive_transfer_get_status           
000049ab  UART_consecutive_transfer_read_byte            
000049c1  UART_consecutive_transfer_set_pause_time       
00004a3d  UART_consecutive_transfer_set_target_read_count
00004bc1  UART_consecutive_transfer_set_termination_char 
00004ca9  UART_consecutive_transfer_set_termination_mode 
000049d7  UART_consecutive_transfer_set_timeout          
00004cb5  UART_consecutive_transfer_set_transfer_count   
00004a51  UART_consecutive_transfer_set_write_count      
00000c31  UART_consecutive_transfer_start                
0000216b  UART_consecutive_transfer_stop                 
00004159  UART_consecutive_transfer_write_byte           
00004cc1  UART_get_read_buffer                           
00004ccd  UART_get_read_count                            
00004cd9  UART_get_status                                
00004ce5  UART_get_write_buffer                          
00004b77  UART_increment_write_count                     
00004451  UART_init                                      
00004a65  UART_put_write_buffer                          
00002fcd  UART_read_till_count                           
00002cc9  UART_read_until_char                           
00004895  UART_receive_start                             
0000481f  UART_receive_stop                              
000046fb  UART_reset_read_buffer                         
000047c1  UART_reset_write_buffer                        
00004bcf  UART_set_baudrate                              
00004bdd  UART_set_parity                                
00004beb  UART_set_read_timeout_us                       
00004bf9  UART_set_stop_bits                             
000048b1  UART_start                                     
000024ab  UART_stop                                      
00002695  UART_transfer_till_read_count                  
000027c5  UART_transfer_until_char                       
00004485  UART_write                                     
00004d59  UC0_IRQHandler                                 
00004d59  UC1_IRQHandler                                 
0000335d  UC2_IRQHandler                                 
000004a8  UC2_Inst                                       
00004d59  UC3_IRQHandler                                 
000004c0  UC3_Inst                                       
0000461b  UC4_IRQHandler                                 
000004d8  UC4_Inst                                       
00004d59  UC5_IRQHandler                                 
00004d59  UsageFault_Handler                             
00004d59  WWDT0_IRQHandler                               
20009410  _CIOBUF_                                       
20009410  __CIOBUF_                                      
00000000  __INT_VECS_START                               
2000a770  __STACK_END                                    
00001000  __STACK_SIZE                                   
00001000  __SYSMEM_SIZE                                  
00000000  __TI_ATRegion0_region_sz                       
00000000  __TI_ATRegion0_src_addr                        
00000000  __TI_ATRegion0_trg_addr                        
00000000  __TI_ATRegion1_region_sz                       
00000000  __TI_ATRegion1_src_addr                        
00000000  __TI_ATRegion1_trg_addr                        
00000000  __TI_ATRegion2_region_sz                       
00000000  __TI_ATRegion2_src_addr                        
00000000  __TI_ATRegion2_trg_addr                        
00004e14  __TI_CINIT_Base                                
00004e24  __TI_CINIT_Limit                               
00004e24  __TI_CINIT_Warm                                
00004e00  __TI_Handler_Table_Base                        
00004e0c  __TI_Handler_Table_Limit                       
00003f59  __TI_auto_init_nopinit                         
000041d1  __TI_cleanup                                   
2000824c  __TI_cleanup_ptr                               
000031a5  __TI_closefile                                 
000030c1  __TI_decompress_lzss                           
00004c77  __TI_decompress_none                           
00003bc3  __TI_doflush                                   
20008250  __TI_dtors_ptr                                 
2000826c  __TI_ft_end                                    
ffffffff  __TI_pprof_out_hndl                            
000009dd  __TI_printfi_minimal                           
ffffffff  __TI_prof_data_size                            
ffffffff  __TI_prof_data_start                           
000044b5  __TI_readmsg                                   
00000000  __TI_static_base__                             
00004e28  __TI_table_binit                               
20009650  __TI_tmpnams                                   
0000431d  __TI_writemsg                                  
00003759  __TI_wrt_ok                                    
00004b87  __TI_zero_init                                 
00000e2f  __adddf3                                       
00003215  __aeabi_d2f                                    
00003f9d  __aeabi_d2uiz                                  
00000e2f  __aeabi_dadd                                   
00004d31  __aeabi_ddiv                                   
00004d35  __aeabi_dmul                                   
00000e25  __aeabi_dsub                                   
00004279  __aeabi_f2d                                    
000027c3  __aeabi_ldiv0                                  
00004b4f  __aeabi_memclr                                 
00004b4f  __aeabi_memclr4                                
00004b4f  __aeabi_memclr8                                
00004d55  __aeabi_memcpy                                 
00004d55  __aeabi_memcpy4                                
00004d55  __aeabi_memcpy8                                
00004b45  __aeabi_memset                                 
00004b45  __aeabi_memset4                                
00004b45  __aeabi_memset8                                
000047e1  __aeabi_ui2d                                   
00004a79  __aeabi_uldivmod                               
00004e28  __binit__                                      
000015f5  __divdf3                                       
00004d39  __error__                                      
00004279  __extendsfdf2                                  
00003f9d  __fixunsdfsi                                   
000047e1  __floatunsidf                                  
UNDEFED   __mpu_init                                     
00001cb9  __muldf3                                       
20009770  __stack                                        
20000000  __start___llvm_prf_bits                        
20000000  __start___llvm_prf_cnts                        
20000000  __stop___llvm_prf_bits                         
20000000  __stop___llvm_prf_cnts                         
00000e25  __subdf3                                       
00003215  __truncdfsf2                                   
000024ad  __udivmoddi4                                   
000043b9  _c_int00_noargs                                
200080f8  _device                                        
20008008  _ftable                                        
20008270  _lock                                          
00002a0f  _nop                                           
20008170  _stream                                        
2000a770  _sys_memory                                    
UNDEFED   _system_post_cinit                             
00004d45  _system_pre_init                               
20008274  _unlock                                        
00004d1b  abort                                          
00001bb9  aligned_alloc                                  
00004e28  binit                                          
200081c0  capture_channels                               
00003819  close                                          
00003c15  copy_in                                        
000044e5  exit                                           
00004515  finddevice                                     
00002bb9  fputc                                          
00001f9d  fputs                                          
0000216d  free                                           
00004d49  fseek                                          
00003435  fseeko                                         
0000349d  getdevice                                      
20000000  hsadc_context                                  
20008278  hsadc_interrupt_count                          
00000000  interruptVectors                               
00004541  lseek                                          
00003d05  main                                           
00004d07  malloc                                         
00001bb9  memalign                                       
0000471d  memccpy                                        
20009748  parmbuf                                        
000037b9  printf                                         
000042e7  protocol_app_interface_init                    
20009530  protocol_context                               
00001ead  protocol_handle_rx_byte                        
00004905  protocol_init                                  
00004d4d  protocol_set_response_payload_length           
00004d15  protocol_write_payload_byte                    
00004cf1  putchar                                        
20008200  pwm_channels                                   
00001871  pwm_configure                                  
00004d51  remove                                         
00000000  sdram_code_loadsize                            
80000000  sdram_code_loadstart                           
00000000  sdram_code_runsize                             
80000000  sdram_code_runstart                            
00002249  setvbuf                                        
00000709  strcmp                                         
0000456d  strstr                                         
00003635  uart_write                                     
00004599  unlink                                         
000045c5  write                                          


GLOBAL SYMBOLS: SORTED BY Symbol Address 

address   name                                           
-------   ----                                           
00000000  __INT_VECS_START                               
00000000  __TI_ATRegion0_region_sz                       
00000000  __TI_ATRegion0_src_addr                        
00000000  __TI_ATRegion0_trg_addr                        
00000000  __TI_ATRegion1_region_sz                       
00000000  __TI_ATRegion1_src_addr                        
00000000  __TI_ATRegion1_trg_addr                        
00000000  __TI_ATRegion2_region_sz                       
00000000  __TI_ATRegion2_src_addr                        
00000000  __TI_ATRegion2_trg_addr                        
00000000  __TI_static_base__                             
00000000  interruptVectors                               
00000000  sdram_code_loadsize                            
00000000  sdram_code_runsize                             
000004a8  UC2_Inst                                       
000004c0  UC3_Inst                                       
000004d8  UC4_Inst                                       
00000709  strcmp                                         
000009dd  __TI_printfi_minimal                           
00000c31  UART_consecutive_transfer_start                
00000e25  __aeabi_dsub                                   
00000e25  __subdf3                                       
00000e2f  __adddf3                                       
00000e2f  __aeabi_dadd                                   
00000fdb  SYSCFG_DL_initPower                            
00001000  __STACK_SIZE                                   
00001000  __SYSMEM_SIZE                                  
00001179  UART_apply_configuration                       
0000130d  DL_ECAP_init                                   
00001489  DL_MCPWM_configureActionQualifierActions       
000015f3  Capture_init                                   
000015f5  __divdf3                                       
0000186f  Clocks_init                                    
00001871  pwm_configure                                  
00001999  DL_MCPWM_configureLoadMode                     
00001ab7  DL_ADC_sequencerInit                           
00001bb9  aligned_alloc                                  
00001bb9  memalign                                       
00001cb9  __muldf3                                       
00001ead  protocol_handle_rx_byte                        
00001f9d  fputs                                          
00002085  DL_MCPWM_configureCounterCompare               
0000216b  UART_consecutive_transfer_stop                 
0000216d  free                                           
00002249  setvbuf                                        
00002321  DL_MCPWM_configureEventTrigger                 
000023f3  SPI_init                                       
000024ab  UART_stop                                      
000024ad  __udivmoddi4                                   
0000255d  SPI_set_bitrate                                
000025fb  SYSCFG_DL_HSADC_init                           
00002695  UART_transfer_till_read_count                  
0000272f  DL_MCPWM_configureTimeBase                     
000027c3  __aeabi_ldiv0                                  
000027c5  UART_transfer_until_char                       
00002859  DL_SYSCTL_configSYSPLL                         
000028eb  SYSCFG_DL_RS485_UART_init                      
0000297d  SYSCFG_DL_USER_UART_init                       
00002a0f  _nop                                           
00002a11  SPI_start_transfer                             
00002b31  HSADC_set_sampling_rate                        
00002bb9  fputc                                          
00002cc9  UART_read_until_char                           
00002dd1  Capture_stop                                   
00002e51  SYSCFG_DL_SYSCTL_CLK_init                      
00002f4f  Device_InitPrepareHw                           
00002fcd  UART_read_till_count                           
000030c1  __TI_decompress_lzss                           
00003135  DL_ADC_dmaInterruptInit                        
000031a5  __TI_closefile                                 
00003215  __aeabi_d2f                                    
00003215  __truncdfsf2                                   
00003285  PWM_init                                       
0000335d  UC2_IRQHandler                                 
00003435  fseeko                                         
0000349d  getdevice                                      
00003505  Arch_Interrupt_Init                            
0000356d  HOSTrename                                     
000035d1  SYSCFG_DL_Pinmux_init                          
00003635  uart_write                                     
00003699  HOSTopen                                       
000036f9  SYSCFG_DL_HSADC_TRIGGER_PWM_init               
00003759  __TI_wrt_ok                                    
000037b9  printf                                         
00003819  close                                          
00003875  Clocks_get_time_us                             
00003927  SYSCFG_DL_SPI_COMMON_init                      
0000397d  SYSCFG_DL_init                                 
000039d5  HOSTread                                       
00003a29  HOSTwrite                                      
00003a7d  SYSCFG_DL_PWM_CH1_init                         
00003acf  SYSCFG_DL_PWM_CH2_init                         
00003b21  SYSCFG_DL_PWM_CH3_init                         
00003b73  SYSCFG_DL_PWM_CH0_init                         
00003bc3  __TI_doflush                                   
00003c15  copy_in                                        
00003cb5  DL_UART_init                                   
00003d05  main                                           
00003da5  HOSTlseek                                      
00003df1  DL_ADC_socInit                                 
00003e3d  HSADC_acquire                                  
00003e85  DL_SPI_init                                    
00003ecd  DL_SYSCTL_setHFCLKSourceXTAL                   
00003f13  DL_DMA_initChannel                             
00003f59  __TI_auto_init_nopinit                         
00003f9d  __aeabi_d2uiz                                  
00003f9d  __fixunsdfsi                                   
00003fe1  HOSTunlink                                     
00004021  SYSCFG_DL_HSADC_DMA_init                       
00004061  HSADC_init                                     
0000409f  Log_RegisterOutput                             
0000411d  HOSTclose                                      
00004159  UART_consecutive_transfer_write_byte           
000041d1  __TI_cleanup                                   
00004279  __aeabi_f2d                                    
00004279  __extendsfdf2                                  
000042b1  ECAP0_IRQHandler                               
000042e7  protocol_app_interface_init                    
0000431d  __TI_writemsg                                  
00004347  C$$IO$$                                        
000043b9  _c_int00_noargs                                
000043ed  DL_SYSCTL_switchMCLKfromSYSOSCtoHSCLK          
0000441f  SYSCFG_DL_FLASH_init                           
00004451  UART_init                                      
00004485  UART_write                                     
000044b5  __TI_readmsg                                   
000044e5  exit                                           
00004515  finddevice                                     
00004541  lseek                                          
0000456d  strstr                                         
00004599  unlink                                         
000045c5  write                                          
000045f1  DMA0_IRQHandler                                
0000461b  UC4_IRQHandler                                 
0000466d  Clocks_wait_us_precise                         
00004693  Arch_Counter_Init                              
000046b7  Capture_start                                  
000046d9  Device_Init                                    
000046fb  UART_reset_read_buffer                         
0000471d  memccpy                                        
00004761  Log_Init                                       
00004781  SYSCFG_DL_INTERRUPT_init                       
000047a1  SYSCFG_DL_SYSTICK_init                         
000047c1  UART_reset_write_buffer                        
000047e1  __aeabi_ui2d                                   
000047e1  __floatunsidf                                  
00004801  SYSCFG_DL_DMA0_init                            
0000481f  UART_receive_stop                              
0000485b  Device_InitSetupSw                             
00004879  PWM_disable                                    
00004895  UART_receive_start                             
000048b1  UART_start                                     
00004905  protocol_init                                  
00004921  PWM_enable                                     
00004939  SysTick_Handler                                
00004951  UART_consecutive_transfer_get_status           
00004969  HSADC_get_sample                               
0000497f  PWM_set_frequency                              
00004995  UART_consecutive_transfer_get_read_count       
000049ab  UART_consecutive_transfer_read_byte            
000049c1  UART_consecutive_transfer_set_pause_time       
000049d7  UART_consecutive_transfer_set_timeout          
000049ed  DL_SPI_receiveDataBlocking8                    
00004a01  DL_UART_receiveDataBlocking                    
00004a15  PWM_set_duty                                   
00004a29  SYSCFG_DL_CAPTURE_ECAP1_init                   
00004a3d  UART_consecutive_transfer_set_target_read_count
00004a51  UART_consecutive_transfer_set_write_count      
00004a65  UART_put_write_buffer                          
00004a79  __aeabi_uldivmod                               
00004a8d  Capture_get_duty_cycle                         
00004a9f  Capture_get_frequency                          
00004ab1  Capture_get_off_time_ns                        
00004ac3  Capture_get_on_time_ns                         
00004ad5  Capture_get_period_ns                          
00004ae9  DL_UART_transmitDataBlocking                   
00004afb  SYSCFG_DL_CAPTURE_ECAP0_init                   
00004b0d  SYSCFG_DL_INPUTXBAR_init                       
00004b31  TI_memcpy_small                                
00004b45  __aeabi_memset                                 
00004b45  __aeabi_memset4                                
00004b45  __aeabi_memset8                                
00004b4f  __aeabi_memclr                                 
00004b4f  __aeabi_memclr4                                
00004b4f  __aeabi_memclr8                                
00004b57  DL_SPI_setClockConfig                          
00004b67  DL_UART_setClockConfig                         
00004b77  UART_increment_write_count                     
00004b87  __TI_zero_init                                 
00004b97  Device_LogStringPrintf                         
00004ba5  SPI_write_buffer_put                           
00004bb3  SYSCFG_DL_SYSCTL_init                          
00004bc1  UART_consecutive_transfer_set_termination_char 
00004bcf  UART_set_baudrate                              
00004bdd  UART_set_parity                                
00004beb  UART_set_read_timeout_us                       
00004bf9  UART_set_stop_bits                             
00004c69  TI_memset_small                                
00004c77  __TI_decompress_none                           
00004c85  Device_InitPrepareSw                           
00004c9d  SPI_set_transfer_count                         
00004ca9  UART_consecutive_transfer_set_termination_mode 
00004cb5  UART_consecutive_transfer_set_transfer_count   
00004cc1  UART_get_read_buffer                           
00004ccd  UART_get_read_count                            
00004cd9  UART_get_status                                
00004ce5  UART_get_write_buffer                          
00004cf1  putchar                                        
00004cfd  DL_Common_delayCycles                          
00004d07  malloc                                         
00004d0f  Reset_Handler                                  
00004d15  protocol_write_payload_byte                    
00004d1b  abort                                          
00004d21  Device_InitSetupHw                             
00004d25  Device_LogCharPutchar                          
00004d28  C$$EXIT                                        
00004d29  HOSTexit                                       
00004d2d  Log_MsgCreateLock                              
00004d31  __aeabi_ddiv                                   
00004d35  __aeabi_dmul                                   
00004d39  __error__                                      
00004d45  _system_pre_init                               
00004d49  fseek                                          
00004d4d  protocol_set_response_payload_length           
00004d51  remove                                         
00004d55  __aeabi_memcpy                                 
00004d55  __aeabi_memcpy4                                
00004d55  __aeabi_memcpy8                                
00004d59  ADC0_EVT_IRQHandler                            
00004d59  ADC0_INT1_IRQHandler                           
00004d59  ADC0_INT2_IRQHandler                           
00004d59  ADC0_INT3_IRQHandler                           
00004d59  ADC0_INT4_IRQHandler                           
00004d59  ADC1_EVT_IRQHandler                            
00004d59  ADC1_INT1_IRQHandler                           
00004d59  ADC1_INT2_IRQHandler                           
00004d59  ADC1_INT3_IRQHandler                           
00004d59  ADC1_INT4_IRQHandler                           
00004d59  ADC2_EVT_IRQHandler                            
00004d59  ADC2_INT1_IRQHandler                           
00004d59  ADC2_INT2_IRQHandler                           
00004d59  ADC2_INT3_IRQHandler                           
00004d59  ADC2_INT4_IRQHandler                           
00004d59  AES_IRQHandler                                 
00004d59  BusFault_Handler                               
00004d59  DebugMon_Handler                               
00004d59  Debug_IRQHandler                               
00004d59  Default_Handler                                
00004d59  ECAP1_IRQHandler                               
00004d59  EPI_IRQHandler                                 
00004d59  EQEP0_IRQHandler                               
00004d59  EQEP1_IRQHandler                               
00004d59  EQEP2_IRQHandler                               
00004d59  Flash_IRQHandler                               
00004d59  GPIO0_IRQHandler                               
00004d59  GPIO1_IRQHandler                               
00004d59  GPIO2_IRQHandler                               
00004d59  GPIO3_IRQHandler                               
00004d59  HardFault_Handler                              
00004d59  MCAN0_IRQHandler                               
00004d59  MCPWM0_IRQHandler                              
00004d59  MCPWM1_IRQHandler                              
00004d59  MCPWM2_IRQHandler                              
00004d59  MCPWM3_IRQHandler                              
00004d59  MCPWM4_IRQHandler                              
00004d59  MemManage_Handler                              
00004d59  NMI_Handler                                    
00004d59  PMCU_IRQHandler                                
00004d59  PendSV_Handler                                 
00004d59  SVC_Handler                                    
00004d59  TIMG12_0_IRQHandler                            
00004d59  TIMG4_0_IRQHandler                             
00004d59  TINIE_LITE_IRQHandler                          
00004d59  TMU_LUF_IRQHandler                             
00004d59  TMU_LVF_IRQHandler                             
00004d59  UC0_IRQHandler                                 
00004d59  UC1_IRQHandler                                 
00004d59  UC3_IRQHandler                                 
00004d59  UC5_IRQHandler                                 
00004d59  UsageFault_Handler                             
00004d59  WWDT0_IRQHandler                               
00004e00  __TI_Handler_Table_Base                        
00004e0c  __TI_Handler_Table_Limit                       
00004e14  __TI_CINIT_Base                                
00004e24  __TI_CINIT_Limit                               
00004e24  __TI_CINIT_Warm                                
00004e28  __TI_table_binit                               
00004e28  __binit__                                      
00004e28  binit                                          
00c18001  DL_FRI_setZeroReadWaitStates                   
00c18013  DL_FRI_setReadWaitStates                       
20000000  __start___llvm_prf_bits                        
20000000  __start___llvm_prf_cnts                        
20000000  __stop___llvm_prf_bits                         
20000000  __stop___llvm_prf_cnts                         
20000000  hsadc_context                                  
20008008  _ftable                                        
200080f8  _device                                        
20008170  _stream                                        
200081c0  capture_channels                               
20008200  pwm_channels                                   
2000824c  __TI_cleanup_ptr                               
20008250  __TI_dtors_ptr                                 
20008258  Clocks_systick_isr_count                       
2000826c  __TI_ft_end                                    
20008270  _lock                                          
20008274  _unlock                                        
20008278  hsadc_interrupt_count                          
20009410  _CIOBUF_                                       
20009410  __CIOBUF_                                      
20009530  protocol_context                               
20009650  __TI_tmpnams                                   
20009748  parmbuf                                        
20009770  __stack                                        
2000a770  __STACK_END                                    
2000a770  _sys_memory                                    
80000000  sdram_code_loadstart                           
80000000  sdram_code_runstart                            
ffffffff  __TI_pprof_out_hndl                            
ffffffff  __TI_prof_data_size                            
ffffffff  __TI_prof_data_start                           
UNDEFED   __mpu_init                                     
UNDEFED   _system_post_cinit                             

[323 symbols]
