<?xml version="1.0" encoding="ISO-8859-1" ?>
<link_info>
   <banner>TI ARM Clang Linker PC v5.1.1.LTS</banner>
   <copyright>Copyright (c) 1996-2018 Texas Instruments Incorporated</copyright>
   <command_line>C:\ti\ccs2100\ccs\tools\compiler\ti-cgt-armllvm_5.1.1.LTS\bin\tiarmlnk -IC:\ti\ccs2100\ccs\tools\compiler\ti-cgt-armllvm_5.1.1.LTS\lib -o testbench.out --cg_opt_level=g -mtestbench.map --heap_size=0 --stack_size=256 -iC:/ti/am13e230x_sdk_26_01_00_03/build/am13e230x/lib/Debug -iC:/ti/am13e230x_sdk_26_01_00_03 -iC:/ti/ccs2100/ccs/tools/compiler/ti-cgt-armllvm_5.1.1.LTS/lib --reread_libs --diag_suppress=10063 --diag_wrap=off --display_error_number --warn_sections --xml_link_info=testbench_linkInfo.xml --rom_model ./capture.o ./clocks.o ./syscfg/ti_sdk_dl_config.o ./hsadc.o ./main.o ./protocol.o ./protocol_app_interface.o ./pwm.o ./user_uart.o ../linker_m33_ti_arm_clang.cmd -llibti_sdk_cfg_default_m33_ti_arm_clang.a -llibarch_ti_sdk_cfg_default_m33_ti_arm_clang.a -llibdriverlib_ti_sdk_cfg_default_m33_ti_arm_clang.a -llibutils_nortos_ti_sdk_cfg_default_m33_ti_arm_clang.a -llibam13e230x_m33_ti_arm_clang.a --start-group -llibc++.a -llibc++abi.a -llibc.a -llibsys.a -llibsysbm.a -llibclang_rt.builtins.a -llibclang_rt.profile.a --end-group</command_line>
   <link_time>0x6a74f003</link_time>
   <link_errors>0x0</link_errors>
   <output_file>F:\Projects\testbench\testbench\firmware\testbench\Debug\testbench.out</output_file>
   <entry_point>
      <name>_c_int00_noargs</name>
      <address>0x43b1</address>
   </entry_point>
   <input_file_list>
      <input_file id="fl-1">
         <path>F:\Projects\testbench\testbench\firmware\testbench\Debug\.\</path>
         <kind>object</kind>
         <file>capture.o</file>
         <name>capture.o</name>
      </input_file>
      <input_file id="fl-2">
         <path>F:\Projects\testbench\testbench\firmware\testbench\Debug\.\</path>
         <kind>object</kind>
         <file>clocks.o</file>
         <name>clocks.o</name>
      </input_file>
      <input_file id="fl-3">
         <path>F:\Projects\testbench\testbench\firmware\testbench\Debug\.\syscfg\</path>
         <kind>object</kind>
         <file>ti_sdk_dl_config.o</file>
         <name>ti_sdk_dl_config.o</name>
      </input_file>
      <input_file id="fl-4">
         <path>F:\Projects\testbench\testbench\firmware\testbench\Debug\.\</path>
         <kind>object</kind>
         <file>hsadc.o</file>
         <name>hsadc.o</name>
      </input_file>
      <input_file id="fl-5">
         <path>F:\Projects\testbench\testbench\firmware\testbench\Debug\.\</path>
         <kind>object</kind>
         <file>main.o</file>
         <name>main.o</name>
      </input_file>
      <input_file id="fl-6">
         <path>F:\Projects\testbench\testbench\firmware\testbench\Debug\.\</path>
         <kind>object</kind>
         <file>protocol.o</file>
         <name>protocol.o</name>
      </input_file>
      <input_file id="fl-7">
         <path>F:\Projects\testbench\testbench\firmware\testbench\Debug\.\</path>
         <kind>object</kind>
         <file>protocol_app_interface.o</file>
         <name>protocol_app_interface.o</name>
      </input_file>
      <input_file id="fl-8">
         <path>F:\Projects\testbench\testbench\firmware\testbench\Debug\.\</path>
         <kind>object</kind>
         <file>pwm.o</file>
         <name>pwm.o</name>
      </input_file>
      <input_file id="fl-9">
         <path>F:\Projects\testbench\testbench\firmware\testbench\Debug\.\</path>
         <kind>object</kind>
         <file>user_uart.o</file>
         <name>user_uart.o</name>
      </input_file>
      <input_file id="fl-18">
         <path>F:\Projects\testbench\testbench\firmware\testbench\Debug\</path>
         <kind>object</kind>
         <file>&lt;internal&gt;</file>
         <name>&lt;internal&gt;</name>
      </input_file>
      <input_file id="fl-19">
         <path>C:\ti\am13e230x_sdk_26_01_00_03\build\am13e230x\lib\Debug\</path>
         <kind>archive</kind>
         <file>libti_sdk_cfg_default_m33_ti_arm_clang.a</file>
         <name>device_init.c.obj</name>
      </input_file>
      <input_file id="fl-1a">
         <path>C:\ti\am13e230x_sdk_26_01_00_03\build\am13e230x\lib\Debug\</path>
         <kind>archive</kind>
         <file>libti_sdk_cfg_default_m33_ti_arm_clang.a</file>
         <name>device_init_m33.c.obj</name>
      </input_file>
      <input_file id="fl-1b">
         <path>C:\ti\am13e230x_sdk_26_01_00_03\build\am13e230x\lib\Debug\</path>
         <kind>archive</kind>
         <file>libarch_ti_sdk_cfg_default_m33_ti_arm_clang.a</file>
         <name>arch_counter.c.obj</name>
      </input_file>
      <input_file id="fl-1c">
         <path>C:\ti\am13e230x_sdk_26_01_00_03\build\am13e230x\lib\Debug\</path>
         <kind>archive</kind>
         <file>libarch_ti_sdk_cfg_default_m33_ti_arm_clang.a</file>
         <name>arch_interrupt.c.obj</name>
      </input_file>
      <input_file id="fl-1d">
         <path>C:\ti\am13e230x_sdk_26_01_00_03\build\am13e230x\lib\Debug\</path>
         <kind>archive</kind>
         <file>libdriverlib_ti_sdk_cfg_default_m33_ti_arm_clang.a</file>
         <name>dl_adc.c.obj</name>
      </input_file>
      <input_file id="fl-1e">
         <path>C:\ti\am13e230x_sdk_26_01_00_03\build\am13e230x\lib\Debug\</path>
         <kind>archive</kind>
         <file>libdriverlib_ti_sdk_cfg_default_m33_ti_arm_clang.a</file>
         <name>dl_common.c.obj</name>
      </input_file>
      <input_file id="fl-1f">
         <path>C:\ti\am13e230x_sdk_26_01_00_03\build\am13e230x\lib\Debug\</path>
         <kind>archive</kind>
         <file>libdriverlib_ti_sdk_cfg_default_m33_ti_arm_clang.a</file>
         <name>dl_dma.c.obj</name>
      </input_file>
      <input_file id="fl-20">
         <path>C:\ti\am13e230x_sdk_26_01_00_03\build\am13e230x\lib\Debug\</path>
         <kind>archive</kind>
         <file>libdriverlib_ti_sdk_cfg_default_m33_ti_arm_clang.a</file>
         <name>dl_ecap.c.obj</name>
      </input_file>
      <input_file id="fl-21">
         <path>C:\ti\am13e230x_sdk_26_01_00_03\build\am13e230x\lib\Debug\</path>
         <kind>archive</kind>
         <file>libdriverlib_ti_sdk_cfg_default_m33_ti_arm_clang.a</file>
         <name>dl_fri.c.obj</name>
      </input_file>
      <input_file id="fl-22">
         <path>C:\ti\am13e230x_sdk_26_01_00_03\build\am13e230x\lib\Debug\</path>
         <kind>archive</kind>
         <file>libdriverlib_ti_sdk_cfg_default_m33_ti_arm_clang.a</file>
         <name>dl_mcpwm.c.obj</name>
      </input_file>
      <input_file id="fl-23">
         <path>C:\ti\am13e230x_sdk_26_01_00_03\build\am13e230x\lib\Debug\</path>
         <kind>archive</kind>
         <file>libdriverlib_ti_sdk_cfg_default_m33_ti_arm_clang.a</file>
         <name>dl_sysctl.c.obj</name>
      </input_file>
      <input_file id="fl-24">
         <path>C:\ti\am13e230x_sdk_26_01_00_03\build\am13e230x\lib\Debug\</path>
         <kind>archive</kind>
         <file>libdriverlib_ti_sdk_cfg_default_m33_ti_arm_clang.a</file>
         <name>dl_unicomm.c.obj</name>
      </input_file>
      <input_file id="fl-25">
         <path>C:\ti\am13e230x_sdk_26_01_00_03\build\am13e230x\lib\Debug\</path>
         <kind>archive</kind>
         <file>libdriverlib_ti_sdk_cfg_default_m33_ti_arm_clang.a</file>
         <name>dl_unicommuart.c.obj</name>
      </input_file>
      <input_file id="fl-26">
         <path>C:\ti\am13e230x_sdk_26_01_00_03\build\am13e230x\lib\Debug\</path>
         <kind>archive</kind>
         <file>libutils_nortos_ti_sdk_cfg_default_m33_ti_arm_clang.a</file>
         <name>log.c.obj</name>
      </input_file>
      <input_file id="fl-27">
         <path>C:\ti\am13e230x_sdk_26_01_00_03\build\am13e230x\lib\Debug\</path>
         <kind>archive</kind>
         <file>libutils_nortos_ti_sdk_cfg_default_m33_ti_arm_clang.a</file>
         <name>log_nortos.c.obj</name>
      </input_file>
      <input_file id="fl-28">
         <path>C:\ti\am13e230x_sdk_26_01_00_03\build\am13e230x\lib\Debug\</path>
         <kind>archive</kind>
         <file>libam13e230x_m33_ti_arm_clang.a</file>
         <name>startup_ti_arm_clang.c.obj</name>
      </input_file>
      <input_file id="fl-138">
         <path>C:\ti\ccs2100\ccs\tools\compiler\ti-cgt-armllvm_5.1.1.LTS\lib\armv8m.main-ti-none-eabihf\dsp\c\</path>
         <kind>archive</kind>
         <file>libc.a</file>
         <name>printf.c.obj</name>
      </input_file>
      <input_file id="fl-139">
         <path>C:\ti\ccs2100\ccs\tools\compiler\ti-cgt-armllvm_5.1.1.LTS\lib\armv8m.main-ti-none-eabihf\dsp\c\</path>
         <kind>archive</kind>
         <file>libc.a</file>
         <name>_printfi.c.obj</name>
      </input_file>
      <input_file id="fl-13a">
         <path>C:\ti\ccs2100\ccs\tools\compiler\ti-cgt-armllvm_5.1.1.LTS\lib\armv8m.main-ti-none-eabihf\dsp\c\</path>
         <kind>archive</kind>
         <file>libc.a</file>
         <name>snprintf.c.obj</name>
      </input_file>
      <input_file id="fl-13b">
         <path>C:\ti\ccs2100\ccs\tools\compiler\ti-cgt-armllvm_5.1.1.LTS\lib\armv8m.main-ti-none-eabihf\dsp\c\</path>
         <kind>archive</kind>
         <file>libc.a</file>
         <name>vsnprintf.c.obj</name>
      </input_file>
      <input_file id="fl-13c">
         <path>C:\ti\ccs2100\ccs\tools\compiler\ti-cgt-armllvm_5.1.1.LTS\lib\armv8m.main-ti-none-eabihf\dsp\c\</path>
         <kind>archive</kind>
         <file>libc.a</file>
         <name>fputc.c.obj</name>
      </input_file>
      <input_file id="fl-13d">
         <path>C:\ti\ccs2100\ccs\tools\compiler\ti-cgt-armllvm_5.1.1.LTS\lib\armv8m.main-ti-none-eabihf\dsp\c\</path>
         <kind>archive</kind>
         <file>libc.a</file>
         <name>fputs.c.obj</name>
      </input_file>
      <input_file id="fl-13e">
         <path>C:\ti\ccs2100\ccs\tools\compiler\ti-cgt-armllvm_5.1.1.LTS\lib\armv8m.main-ti-none-eabihf\dsp\c\</path>
         <kind>archive</kind>
         <file>libc.a</file>
         <name>_io_perm.c.obj</name>
      </input_file>
      <input_file id="fl-13f">
         <path>C:\ti\ccs2100\ccs\tools\compiler\ti-cgt-armllvm_5.1.1.LTS\lib\armv8m.main-ti-none-eabihf\dsp\c\</path>
         <kind>archive</kind>
         <file>libc.a</file>
         <name>setvbuf.c.obj</name>
      </input_file>
      <input_file id="fl-140">
         <path>C:\ti\ccs2100\ccs\tools\compiler\ti-cgt-armllvm_5.1.1.LTS\lib\armv8m.main-ti-none-eabihf\dsp\c\</path>
         <kind>archive</kind>
         <file>libc.a</file>
         <name>aeabi_portable.c.obj</name>
      </input_file>
      <input_file id="fl-141">
         <path>C:\ti\ccs2100\ccs\tools\compiler\ti-cgt-armllvm_5.1.1.LTS\lib\armv8m.main-ti-none-eabihf\dsp\c\</path>
         <kind>archive</kind>
         <file>libc.a</file>
         <name>exit.c.obj</name>
      </input_file>
      <input_file id="fl-142">
         <path>C:\ti\ccs2100\ccs\tools\compiler\ti-cgt-armllvm_5.1.1.LTS\lib\armv8m.main-ti-none-eabihf\dsp\c\</path>
         <kind>archive</kind>
         <file>libc.a</file>
         <name>_lock.c.obj</name>
      </input_file>
      <input_file id="fl-143">
         <path>C:\ti\ccs2100\ccs\tools\compiler\ti-cgt-armllvm_5.1.1.LTS\lib\armv8m.main-ti-none-eabihf\dsp\c\</path>
         <kind>archive</kind>
         <file>libc.a</file>
         <name>_ltoa.c.obj</name>
      </input_file>
      <input_file id="fl-144">
         <path>C:\ti\ccs2100\ccs\tools\compiler\ti-cgt-armllvm_5.1.1.LTS\lib\armv8m.main-ti-none-eabihf\dsp\c\</path>
         <kind>archive</kind>
         <file>libc.a</file>
         <name>assert.c.obj</name>
      </input_file>
      <input_file id="fl-145">
         <path>C:\ti\ccs2100\ccs\tools\compiler\ti-cgt-armllvm_5.1.1.LTS\lib\armv8m.main-ti-none-eabihf\dsp\c\</path>
         <kind>archive</kind>
         <file>libc.a</file>
         <name>atoi.c.obj</name>
      </input_file>
      <input_file id="fl-146">
         <path>C:\ti\ccs2100\ccs\tools\compiler\ti-cgt-armllvm_5.1.1.LTS\lib\armv8m.main-ti-none-eabihf\dsp\c\</path>
         <kind>archive</kind>
         <file>libc.a</file>
         <name>defs.c.obj</name>
      </input_file>
      <input_file id="fl-147">
         <path>C:\ti\ccs2100\ccs\tools\compiler\ti-cgt-armllvm_5.1.1.LTS\lib\armv8m.main-ti-none-eabihf\dsp\c\</path>
         <kind>archive</kind>
         <file>libc.a</file>
         <name>memccpy.c.obj</name>
      </input_file>
      <input_file id="fl-148">
         <path>C:\ti\ccs2100\ccs\tools\compiler\ti-cgt-armllvm_5.1.1.LTS\lib\armv8m.main-ti-none-eabihf\dsp\c\</path>
         <kind>archive</kind>
         <file>libc.a</file>
         <name>memory.c.obj</name>
      </input_file>
      <input_file id="fl-149">
         <path>C:\ti\ccs2100\ccs\tools\compiler\ti-cgt-armllvm_5.1.1.LTS\lib\armv8m.main-ti-none-eabihf\dsp\c\</path>
         <kind>archive</kind>
         <file>libc.a</file>
         <name>strstr.c.obj</name>
      </input_file>
      <input_file id="fl-14a">
         <path>C:\ti\ccs2100\ccs\tools\compiler\ti-cgt-armllvm_5.1.1.LTS\lib\armv8m.main-ti-none-eabihf\dsp\c\</path>
         <kind>archive</kind>
         <file>libc.a</file>
         <name>boot_cortex_m.c.obj</name>
      </input_file>
      <input_file id="fl-14b">
         <path>C:\ti\ccs2100\ccs\tools\compiler\ti-cgt-armllvm_5.1.1.LTS\lib\armv8m.main-ti-none-eabihf\dsp\c\</path>
         <kind>archive</kind>
         <file>libc.a</file>
         <name>mathacl_init.c.obj</name>
      </input_file>
      <input_file id="fl-14c">
         <path>C:\ti\ccs2100\ccs\tools\compiler\ti-cgt-armllvm_5.1.1.LTS\lib\armv8m.main-ti-none-eabihf\dsp\c\</path>
         <kind>archive</kind>
         <file>libc.a</file>
         <name>autoinit.c.obj</name>
      </input_file>
      <input_file id="fl-14d">
         <path>C:\ti\ccs2100\ccs\tools\compiler\ti-cgt-armllvm_5.1.1.LTS\lib\armv8m.main-ti-none-eabihf\dsp\c\</path>
         <kind>archive</kind>
         <file>libc.a</file>
         <name>pre_init.c.obj</name>
      </input_file>
      <input_file id="fl-14e">
         <path>C:\ti\ccs2100\ccs\tools\compiler\ti-cgt-armllvm_5.1.1.LTS\lib\armv8m.main-ti-none-eabihf\dsp\c\</path>
         <kind>archive</kind>
         <file>libc.a</file>
         <name>cpy_tbl.c.obj</name>
      </input_file>
      <input_file id="fl-14f">
         <path>C:\ti\ccs2100\ccs\tools\compiler\ti-cgt-armllvm_5.1.1.LTS\lib\armv8m.main-ti-none-eabihf\dsp\c\</path>
         <kind>archive</kind>
         <file>libc.a</file>
         <name>copy_zero_init.c.obj</name>
      </input_file>
      <input_file id="fl-150">
         <path>C:\ti\ccs2100\ccs\tools\compiler\ti-cgt-armllvm_5.1.1.LTS\lib\armv8m.main-ti-none-eabihf\dsp\c\</path>
         <kind>archive</kind>
         <file>libc.a</file>
         <name>copy_decompress_none.c.obj</name>
      </input_file>
      <input_file id="fl-151">
         <path>C:\ti\ccs2100\ccs\tools\compiler\ti-cgt-armllvm_5.1.1.LTS\lib\armv8m.main-ti-none-eabihf\dsp\c\</path>
         <kind>archive</kind>
         <file>libc.a</file>
         <name>copy_decompress_lzss.c.obj</name>
      </input_file>
      <input_file id="fl-152">
         <path>C:\ti\ccs2100\ccs\tools\compiler\ti-cgt-armllvm_5.1.1.LTS\lib\armv8m.main-ti-none-eabihf\dsp\c\</path>
         <kind>archive</kind>
         <file>libc.a</file>
         <name>s_frexp.c.obj</name>
      </input_file>
      <input_file id="fl-153">
         <path>C:\ti\ccs2100\ccs\tools\compiler\ti-cgt-armllvm_5.1.1.LTS\lib\armv8m.main-ti-none-eabihf\dsp\c\</path>
         <kind>archive</kind>
         <file>libc.a</file>
         <name>s_scalbn.c.obj</name>
      </input_file>
      <input_file id="fl-154">
         <path>C:\ti\ccs2100\ccs\tools\compiler\ti-cgt-armllvm_5.1.1.LTS\lib\armv8m.main-ti-none-eabihf\dsp\c\</path>
         <kind>archive</kind>
         <file>libc.a</file>
         <name>wcslen.c.obj</name>
      </input_file>
      <input_file id="fl-155">
         <path>C:\ti\ccs2100\ccs\tools\compiler\ti-cgt-armllvm_5.1.1.LTS\lib\armv8m.main-ti-none-eabihf\dsp\c\</path>
         <kind>archive</kind>
         <file>libc.a</file>
         <name>sprintf.c.obj</name>
      </input_file>
      <input_file id="fl-156">
         <path>C:\ti\ccs2100\ccs\tools\compiler\ti-cgt-armllvm_5.1.1.LTS\lib\armv8m.main-ti-none-eabihf\dsp\c\</path>
         <kind>archive</kind>
         <file>libc.a</file>
         <name>fflush.c.obj</name>
      </input_file>
      <input_file id="fl-157">
         <path>C:\ti\ccs2100\ccs\tools\compiler\ti-cgt-armllvm_5.1.1.LTS\lib\armv8m.main-ti-none-eabihf\dsp\c\</path>
         <kind>archive</kind>
         <file>libc.a</file>
         <name>fopen.c.obj</name>
      </input_file>
      <input_file id="fl-158">
         <path>C:\ti\ccs2100\ccs\tools\compiler\ti-cgt-armllvm_5.1.1.LTS\lib\armv8m.main-ti-none-eabihf\dsp\c\</path>
         <kind>archive</kind>
         <file>libc.a</file>
         <name>fseek.c.obj</name>
      </input_file>
      <input_file id="fl-159">
         <path>C:\ti\ccs2100\ccs\tools\compiler\ti-cgt-armllvm_5.1.1.LTS\lib\armv8m.main-ti-none-eabihf\dsp\c\</path>
         <kind>archive</kind>
         <file>libc.a</file>
         <name>aeabi_ctype.S.obj</name>
      </input_file>
      <input_file id="fl-15a">
         <path>C:\ti\ccs2100\ccs\tools\compiler\ti-cgt-armllvm_5.1.1.LTS\lib\armv8m.main-ti-none-eabihf\dsp\c\</path>
         <kind>archive</kind>
         <file>libc.a</file>
         <name>args_main.c.obj</name>
      </input_file>
      <input_file id="fl-15b">
         <path>C:\ti\ccs2100\ccs\tools\compiler\ti-cgt-armllvm_5.1.1.LTS\lib\armv8m.main-ti-none-eabihf\dsp\c\</path>
         <kind>archive</kind>
         <file>libc.a</file>
         <name>fclose.c.obj</name>
      </input_file>
      <input_file id="fl-15c">
         <path>C:\ti\ccs2100\ccs\tools\compiler\ti-cgt-armllvm_5.1.1.LTS\lib\armv8m.main-ti-none-eabihf\dsp\c\</path>
         <kind>archive</kind>
         <file>libsysbm.a</file>
         <name>hostexit.c.obj</name>
      </input_file>
      <input_file id="fl-15d">
         <path>C:\ti\ccs2100\ccs\tools\compiler\ti-cgt-armllvm_5.1.1.LTS\lib\armv8m.main-ti-none-eabihf\dsp\c\</path>
         <kind>archive</kind>
         <file>libsysbm.a</file>
         <name>write.c.obj</name>
      </input_file>
      <input_file id="fl-15e">
         <path>C:\ti\ccs2100\ccs\tools\compiler\ti-cgt-armllvm_5.1.1.LTS\lib\armv8m.main-ti-none-eabihf\dsp\c\</path>
         <kind>archive</kind>
         <file>libsysbm.a</file>
         <name>host_device.c.obj</name>
      </input_file>
      <input_file id="fl-15f">
         <path>C:\ti\ccs2100\ccs\tools\compiler\ti-cgt-armllvm_5.1.1.LTS\lib\armv8m.main-ti-none-eabihf\dsp\c\</path>
         <kind>archive</kind>
         <file>libsysbm.a</file>
         <name>remove.c.obj</name>
      </input_file>
      <input_file id="fl-160">
         <path>C:\ti\ccs2100\ccs\tools\compiler\ti-cgt-armllvm_5.1.1.LTS\lib\armv8m.main-ti-none-eabihf\dsp\c\</path>
         <kind>archive</kind>
         <file>libsysbm.a</file>
         <name>open.c.obj</name>
      </input_file>
      <input_file id="fl-161">
         <path>C:\ti\ccs2100\ccs\tools\compiler\ti-cgt-armllvm_5.1.1.LTS\lib\armv8m.main-ti-none-eabihf\dsp\c\</path>
         <kind>archive</kind>
         <file>libsysbm.a</file>
         <name>lseek.c.obj</name>
      </input_file>
      <input_file id="fl-162">
         <path>C:\ti\ccs2100\ccs\tools\compiler\ti-cgt-armllvm_5.1.1.LTS\lib\armv8m.main-ti-none-eabihf\dsp\c\</path>
         <kind>archive</kind>
         <file>libsysbm.a</file>
         <name>close.c.obj</name>
      </input_file>
      <input_file id="fl-163">
         <path>C:\ti\ccs2100\ccs\tools\compiler\ti-cgt-armllvm_5.1.1.LTS\lib\armv8m.main-ti-none-eabihf\dsp\c\</path>
         <kind>archive</kind>
         <file>libsysbm.a</file>
         <name>unlink.c.obj</name>
      </input_file>
      <input_file id="fl-164">
         <path>C:\ti\ccs2100\ccs\tools\compiler\ti-cgt-armllvm_5.1.1.LTS\lib\armv8m.main-ti-none-eabihf\dsp\c\</path>
         <kind>archive</kind>
         <file>libsysbm.a</file>
         <name>hostclose.c.obj</name>
      </input_file>
      <input_file id="fl-165">
         <path>C:\ti\ccs2100\ccs\tools\compiler\ti-cgt-armllvm_5.1.1.LTS\lib\armv8m.main-ti-none-eabihf\dsp\c\</path>
         <kind>archive</kind>
         <file>libsysbm.a</file>
         <name>hostlseek.c.obj</name>
      </input_file>
      <input_file id="fl-166">
         <path>C:\ti\ccs2100\ccs\tools\compiler\ti-cgt-armllvm_5.1.1.LTS\lib\armv8m.main-ti-none-eabihf\dsp\c\</path>
         <kind>archive</kind>
         <file>libsysbm.a</file>
         <name>hostopen.c.obj</name>
      </input_file>
      <input_file id="fl-167">
         <path>C:\ti\ccs2100\ccs\tools\compiler\ti-cgt-armllvm_5.1.1.LTS\lib\armv8m.main-ti-none-eabihf\dsp\c\</path>
         <kind>archive</kind>
         <file>libsysbm.a</file>
         <name>hostread.c.obj</name>
      </input_file>
      <input_file id="fl-168">
         <path>C:\ti\ccs2100\ccs\tools\compiler\ti-cgt-armllvm_5.1.1.LTS\lib\armv8m.main-ti-none-eabihf\dsp\c\</path>
         <kind>archive</kind>
         <file>libsysbm.a</file>
         <name>hostrename.c.obj</name>
      </input_file>
      <input_file id="fl-169">
         <path>C:\ti\ccs2100\ccs\tools\compiler\ti-cgt-armllvm_5.1.1.LTS\lib\armv8m.main-ti-none-eabihf\dsp\c\</path>
         <kind>archive</kind>
         <file>libsysbm.a</file>
         <name>hostunlink.c.obj</name>
      </input_file>
      <input_file id="fl-16a">
         <path>C:\ti\ccs2100\ccs\tools\compiler\ti-cgt-armllvm_5.1.1.LTS\lib\armv8m.main-ti-none-eabihf\dsp\c\</path>
         <kind>archive</kind>
         <file>libsysbm.a</file>
         <name>hostwrite.c.obj</name>
      </input_file>
      <input_file id="fl-16b">
         <path>C:\ti\ccs2100\ccs\tools\compiler\ti-cgt-armllvm_5.1.1.LTS\lib\armv8m.main-ti-none-eabihf\dsp\c\</path>
         <kind>archive</kind>
         <file>libsysbm.a</file>
         <name>trgmsg.c.obj</name>
      </input_file>
      <input_file id="fl-16c">
         <path>C:\ti\ccs2100\ccs\tools\compiler\ti-cgt-armllvm_5.1.1.LTS\lib\armv8m.main-ti-none-eabihf\dsp\</path>
         <kind>archive</kind>
         <file>libclang_rt.builtins.a</file>
         <name>adddf3.S.obj</name>
      </input_file>
      <input_file id="fl-16d">
         <path>C:\ti\ccs2100\ccs\tools\compiler\ti-cgt-armllvm_5.1.1.LTS\lib\armv8m.main-ti-none-eabihf\dsp\</path>
         <kind>archive</kind>
         <file>libclang_rt.builtins.a</file>
         <name>extendsfdf2.S.obj</name>
      </input_file>
      <input_file id="fl-16e">
         <path>C:\ti\ccs2100\ccs\tools\compiler\ti-cgt-armllvm_5.1.1.LTS\lib\armv8m.main-ti-none-eabihf\dsp\</path>
         <kind>archive</kind>
         <file>libclang_rt.builtins.a</file>
         <name>fixdfsi.S.obj</name>
      </input_file>
      <input_file id="fl-16f">
         <path>C:\ti\ccs2100\ccs\tools\compiler\ti-cgt-armllvm_5.1.1.LTS\lib\armv8m.main-ti-none-eabihf\dsp\</path>
         <kind>archive</kind>
         <file>libclang_rt.builtins.a</file>
         <name>fixunsdfsi.S.obj</name>
      </input_file>
      <input_file id="fl-170">
         <path>C:\ti\ccs2100\ccs\tools\compiler\ti-cgt-armllvm_5.1.1.LTS\lib\armv8m.main-ti-none-eabihf\dsp\</path>
         <kind>archive</kind>
         <file>libclang_rt.builtins.a</file>
         <name>floatsidf.S.obj</name>
      </input_file>
      <input_file id="fl-171">
         <path>C:\ti\ccs2100\ccs\tools\compiler\ti-cgt-armllvm_5.1.1.LTS\lib\armv8m.main-ti-none-eabihf\dsp\</path>
         <kind>archive</kind>
         <file>libclang_rt.builtins.a</file>
         <name>floatunsidf.S.obj</name>
      </input_file>
      <input_file id="fl-172">
         <path>C:\ti\ccs2100\ccs\tools\compiler\ti-cgt-armllvm_5.1.1.LTS\lib\armv8m.main-ti-none-eabihf\dsp\</path>
         <kind>archive</kind>
         <file>libclang_rt.builtins.a</file>
         <name>truncdfsf2.S.obj</name>
      </input_file>
      <input_file id="fl-173">
         <path>C:\ti\ccs2100\ccs\tools\compiler\ti-cgt-armllvm_5.1.1.LTS\lib\armv8m.main-ti-none-eabihf\dsp\</path>
         <kind>archive</kind>
         <file>libclang_rt.builtins.a</file>
         <name>comparedf2.c.obj</name>
      </input_file>
      <input_file id="fl-174">
         <path>C:\ti\ccs2100\ccs\tools\compiler\ti-cgt-armllvm_5.1.1.LTS\lib\armv8m.main-ti-none-eabihf\dsp\</path>
         <kind>archive</kind>
         <file>libclang_rt.builtins.a</file>
         <name>aeabi_dcmp.S.obj</name>
      </input_file>
      <input_file id="fl-175">
         <path>C:\ti\ccs2100\ccs\tools\compiler\ti-cgt-armllvm_5.1.1.LTS\lib\armv8m.main-ti-none-eabihf\dsp\</path>
         <kind>archive</kind>
         <file>libclang_rt.builtins.a</file>
         <name>aeabi_ddiv.c.obj</name>
      </input_file>
      <input_file id="fl-176">
         <path>C:\ti\ccs2100\ccs\tools\compiler\ti-cgt-armllvm_5.1.1.LTS\lib\armv8m.main-ti-none-eabihf\dsp\</path>
         <kind>archive</kind>
         <file>libclang_rt.builtins.a</file>
         <name>aeabi_dmul.c.obj</name>
      </input_file>
      <input_file id="fl-177">
         <path>C:\ti\ccs2100\ccs\tools\compiler\ti-cgt-armllvm_5.1.1.LTS\lib\armv8m.main-ti-none-eabihf\dsp\</path>
         <kind>archive</kind>
         <file>libclang_rt.builtins.a</file>
         <name>aeabi_uldivmod.S.obj</name>
      </input_file>
      <input_file id="fl-178">
         <path>C:\ti\ccs2100\ccs\tools\compiler\ti-cgt-armllvm_5.1.1.LTS\lib\armv8m.main-ti-none-eabihf\dsp\</path>
         <kind>archive</kind>
         <file>libclang_rt.builtins.a</file>
         <name>aeabi_memcpy.S.obj</name>
      </input_file>
      <input_file id="fl-179">
         <path>C:\ti\ccs2100\ccs\tools\compiler\ti-cgt-armllvm_5.1.1.LTS\lib\armv8m.main-ti-none-eabihf\dsp\</path>
         <kind>archive</kind>
         <file>libclang_rt.builtins.a</file>
         <name>aeabi_memset.S.obj</name>
      </input_file>
      <input_file id="fl-17a">
         <path>C:\ti\ccs2100\ccs\tools\compiler\ti-cgt-armllvm_5.1.1.LTS\lib\armv8m.main-ti-none-eabihf\dsp\</path>
         <kind>archive</kind>
         <file>libclang_rt.builtins.a</file>
         <name>udivmoddi4.S.obj</name>
      </input_file>
      <input_file id="fl-17b">
         <path>C:\ti\ccs2100\ccs\tools\compiler\ti-cgt-armllvm_5.1.1.LTS\lib\armv8m.main-ti-none-eabihf\dsp\</path>
         <kind>archive</kind>
         <file>libclang_rt.builtins.a</file>
         <name>muldf3.S.obj</name>
      </input_file>
      <input_file id="fl-17c">
         <path>C:\ti\ccs2100\ccs\tools\compiler\ti-cgt-armllvm_5.1.1.LTS\lib\armv8m.main-ti-none-eabihf\dsp\</path>
         <kind>archive</kind>
         <file>libclang_rt.builtins.a</file>
         <name>divdf3.S.obj</name>
      </input_file>
      <input_file id="fl-17d">
         <path>C:\ti\ccs2100\ccs\tools\compiler\ti-cgt-armllvm_5.1.1.LTS\lib\armv8m.main-ti-none-eabihf\dsp\</path>
         <kind>archive</kind>
         <file>libclang_rt.builtins.a</file>
         <name>aeabi_div0.c.obj</name>
      </input_file>
      <input_file id="fl-17e">
         <path>C:\ti\ccs2100\ccs\tools\compiler\ti-cgt-armllvm_5.1.1.LTS\lib\armv8m.main-ti-none-eabihf\dsp\c\</path>
         <kind>archive</kind>
         <file>libc.a</file>
         <name>divdf3_fast.c.obj</name>
      </input_file>
      <input_file id="fl-17f">
         <path>C:\ti\ccs2100\ccs\tools\compiler\ti-cgt-armllvm_5.1.1.LTS\lib\armv8m.main-ti-none-eabihf\dsp\c\</path>
         <kind>archive</kind>
         <file>libc.a</file>
         <name>muldf3_fast.c.obj</name>
      </input_file>
      <input_file id="fl-180">
         <path>C:\ti\ccs2100\ccs\tools\compiler\ti-cgt-armllvm_5.1.1.LTS\lib\armv8m.main-ti-none-eabihf\dsp\c\</path>
         <kind>archive</kind>
         <file>libc.a</file>
         <name>getdevice.c.obj</name>
      </input_file>
      <input_file id="fl-181">
         <path>C:\ti\ccs2100\ccs\tools\compiler\ti-cgt-armllvm_5.1.1.LTS\lib\armv8m.main-ti-none-eabihf\dsp\c\</path>
         <kind>archive</kind>
         <file>libc.a</file>
         <name>strcmp_t2.S.obj</name>
      </input_file>
      <input_file id="fl-182">
         <path>C:\ti\ccs2100\ccs\tools\compiler\ti-cgt-armllvm_5.1.1.LTS\lib\armv8m.main-ti-none-eabihf\dsp\c\</path>
         <kind>archive</kind>
         <file>libc.a</file>
         <name>memcpy_t2.S.obj</name>
      </input_file>
      <input_file id="fl-183">
         <path>C:\ti\ccs2100\ccs\tools\compiler\ti-cgt-armllvm_5.1.1.LTS\lib\armv8m.main-ti-none-eabihf\dsp\c\</path>
         <kind>archive</kind>
         <file>libc.a</file>
         <name>memset_t2.S.obj</name>
      </input_file>
   </input_file_list>
   <object_component_list>
      <object_component id="oc-18">
         <name>.intvecs</name>
         <load_address>0x0</load_address>
         <readonly>true</readonly>
         <run_address>0x0</run_address>
         <size>0x100</size>
         <alignment>0x4</alignment>
         <input_file_ref idref="fl-28"/>
      </object_component>
      <object_component id="oc-3c5">
         <name>.text:strcmp</name>
         <load_address>0x8e0</load_address>
         <readonly>true</readonly>
         <executable>true</executable>
         <run_address>0x8e0</run_address>
         <size>0x2dc</size>
         <alignment>0x20</alignment>
         <input_file_ref idref="fl-181"/>
      </object_component>
      <object_component id="oc-288">
         <name>.text:__TI_printfi_minimal</name>
         <load_address>0xbbc</load_address>
         <readonly>true</readonly>
         <executable>true</executable>
         <run_address>0xbbc</run_address>
         <size>0x254</size>
         <alignment>0x4</alignment>
         <input_file_ref idref="fl-139"/>
      </object_component>
      <object_component id="oc-249">
         <name>.text.UART_consecutive_transfer_start</name>
         <load_address>0xe10</load_address>
         <readonly>true</readonly>
         <executable>true</executable>
         <run_address>0xe10</run_address>
         <size>0x1f4</size>
         <alignment>0x4</alignment>
         <input_file_ref idref="fl-9"/>
      </object_component>
      <object_component id="oc-1ab">
         <name>.text</name>
         <load_address>0x1004</load_address>
         <readonly>true</readonly>
         <executable>true</executable>
         <run_address>0x1004</run_address>
         <size>0x1b6</size>
         <alignment>0x4</alignment>
         <input_file_ref idref="fl-16c"/>
      </object_component>
      <object_component id="oc-d5">
         <name>.text.Capture_init</name>
         <load_address>0x11ba</load_address>
         <readonly>true</readonly>
         <executable>true</executable>
         <run_address>0x11ba</run_address>
         <size>0x2</size>
         <alignment>0x2</alignment>
         <input_file_ref idref="fl-1"/>
      </object_component>
      <object_component id="oc-123">
         <name>.text.UART_apply_configuration</name>
         <load_address>0x11bc</load_address>
         <readonly>true</readonly>
         <executable>true</executable>
         <run_address>0x11bc</run_address>
         <size>0x194</size>
         <alignment>0x4</alignment>
         <input_file_ref idref="fl-9"/>
      </object_component>
      <object_component id="oc-133">
         <name>.text.protocol_process</name>
         <load_address>0x1350</load_address>
         <readonly>true</readonly>
         <executable>true</executable>
         <run_address>0x1350</run_address>
         <size>0x188</size>
         <alignment>0x4</alignment>
         <input_file_ref idref="fl-6"/>
      </object_component>
      <object_component id="oc-177">
         <name>.text.DL_ECAP_init</name>
         <load_address>0x14d8</load_address>
         <readonly>true</readonly>
         <executable>true</executable>
         <run_address>0x14d8</run_address>
         <size>0x17c</size>
         <alignment>0x2</alignment>
         <input_file_ref idref="fl-20"/>
      </object_component>
      <object_component id="oc-188">
         <name>.text.DL_MCPWM_configureActionQualifierActions</name>
         <load_address>0x1654</load_address>
         <readonly>true</readonly>
         <executable>true</executable>
         <run_address>0x1654</run_address>
         <size>0x16a</size>
         <alignment>0x4</alignment>
         <input_file_ref idref="fl-22"/>
      </object_component>
      <object_component id="oc-10e">
         <name>.text.SYSCFG_DL_initPower</name>
         <load_address>0x17be</load_address>
         <readonly>true</readonly>
         <executable>true</executable>
         <run_address>0x17be</run_address>
         <size>0x164</size>
         <alignment>0x2</alignment>
         <input_file_ref idref="fl-3"/>
      </object_component>
      <object_component id="oc-d3">
         <name>.text.Clocks_init</name>
         <load_address>0x1922</load_address>
         <readonly>true</readonly>
         <executable>true</executable>
         <run_address>0x1922</run_address>
         <size>0x2</size>
         <alignment>0x2</alignment>
         <input_file_ref idref="fl-2"/>
      </object_component>
      <object_component id="oc-279">
         <name>.text</name>
         <load_address>0x1924</load_address>
         <readonly>true</readonly>
         <executable>true</executable>
         <run_address>0x1924</run_address>
         <size>0x14c</size>
         <alignment>0x4</alignment>
         <input_file_ref idref="fl-17c"/>
      </object_component>
      <object_component id="oc-1cb">
         <name>.text.capture_get_data</name>
         <load_address>0x1a70</load_address>
         <readonly>true</readonly>
         <executable>true</executable>
         <run_address>0x1a70</run_address>
         <size>0x12e</size>
         <alignment>0x2</alignment>
         <input_file_ref idref="fl-7"/>
      </object_component>
      <object_component id="oc-24a">
         <name>.text.UART_consecutive_transfer_stop</name>
         <load_address>0x1b9e</load_address>
         <readonly>true</readonly>
         <executable>true</executable>
         <run_address>0x1b9e</run_address>
         <size>0x2</size>
         <alignment>0x2</alignment>
         <input_file_ref idref="fl-9"/>
      </object_component>
      <object_component id="oc-125">
         <name>.text.pwm_configure</name>
         <load_address>0x1ba0</load_address>
         <readonly>true</readonly>
         <executable>true</executable>
         <run_address>0x1ba0</run_address>
         <size>0x128</size>
         <alignment>0x8</alignment>
         <input_file_ref idref="fl-8"/>
      </object_component>
      <object_component id="oc-18a">
         <name>.text.DL_MCPWM_configureLoadMode</name>
         <load_address>0x1cc8</load_address>
         <readonly>true</readonly>
         <executable>true</executable>
         <run_address>0x1cc8</run_address>
         <size>0x11e</size>
         <alignment>0x2</alignment>
         <input_file_ref idref="fl-22"/>
      </object_component>
      <object_component id="oc-175">
         <name>.text.DL_ADC_sequencerInit</name>
         <load_address>0x1de6</load_address>
         <readonly>true</readonly>
         <executable>true</executable>
         <run_address>0x1de6</run_address>
         <size>0x102</size>
         <alignment>0x2</alignment>
         <input_file_ref idref="fl-1d"/>
      </object_component>
      <object_component id="oc-350">
         <name>.text.aligned_alloc</name>
         <load_address>0x1ee8</load_address>
         <readonly>true</readonly>
         <executable>true</executable>
         <run_address>0x1ee8</run_address>
         <size>0x100</size>
         <alignment>0x4</alignment>
         <input_file_ref idref="fl-148"/>
      </object_component>
      <object_component id="oc-26f">
         <name>.text</name>
         <load_address>0x1fe8</load_address>
         <readonly>true</readonly>
         <executable>true</executable>
         <run_address>0x1fe8</run_address>
         <size>0xfc</size>
         <alignment>0x4</alignment>
         <input_file_ref idref="fl-17b"/>
      </object_component>
      <object_component id="oc-1c0">
         <name>.text.uart_read</name>
         <load_address>0x20e4</load_address>
         <readonly>true</readonly>
         <executable>true</executable>
         <run_address>0x20e4</run_address>
         <size>0xf8</size>
         <alignment>0x2</alignment>
         <input_file_ref idref="fl-7"/>
      </object_component>
      <object_component id="oc-92">
         <name>.text.protocol_handle_rx_byte</name>
         <load_address>0x21dc</load_address>
         <readonly>true</readonly>
         <executable>true</executable>
         <run_address>0x21dc</run_address>
         <size>0xf0</size>
         <alignment>0x4</alignment>
         <input_file_ref idref="fl-6"/>
      </object_component>
      <object_component id="oc-293">
         <name>.text.fputs</name>
         <load_address>0x22cc</load_address>
         <readonly>true</readonly>
         <executable>true</executable>
         <run_address>0x22cc</run_address>
         <size>0xe8</size>
         <alignment>0x4</alignment>
         <input_file_ref idref="fl-13d"/>
      </object_component>
      <object_component id="oc-186">
         <name>.text.DL_MCPWM_configureCounterCompare</name>
         <load_address>0x23b4</load_address>
         <readonly>true</readonly>
         <executable>true</executable>
         <run_address>0x23b4</run_address>
         <size>0xe6</size>
         <alignment>0x2</alignment>
         <input_file_ref idref="fl-22"/>
      </object_component>
      <object_component id="oc-23f">
         <name>.text.UART_stop</name>
         <load_address>0x249a</load_address>
         <readonly>true</readonly>
         <executable>true</executable>
         <run_address>0x249a</run_address>
         <size>0x2</size>
         <alignment>0x2</alignment>
         <input_file_ref idref="fl-9"/>
      </object_component>
      <object_component id="oc-327">
         <name>.text.free</name>
         <load_address>0x249c</load_address>
         <readonly>true</readonly>
         <executable>true</executable>
         <run_address>0x249c</run_address>
         <size>0xdc</size>
         <alignment>0x4</alignment>
         <input_file_ref idref="fl-148"/>
      </object_component>
      <object_component id="oc-2e5">
         <name>.text.setvbuf</name>
         <load_address>0x2578</load_address>
         <readonly>true</readonly>
         <executable>true</executable>
         <run_address>0x2578</run_address>
         <size>0xd8</size>
         <alignment>0x4</alignment>
         <input_file_ref idref="fl-13f"/>
      </object_component>
      <object_component id="oc-19b">
         <name>.text.DL_MCPWM_configureEventTrigger</name>
         <load_address>0x2650</load_address>
         <readonly>true</readonly>
         <executable>true</executable>
         <run_address>0x2650</run_address>
         <size>0xd2</size>
         <alignment>0x2</alignment>
         <input_file_ref idref="fl-22"/>
      </object_component>
      <object_component id="oc-337">
         <name>.text.__aeabi_ldiv0</name>
         <load_address>0x2722</load_address>
         <readonly>true</readonly>
         <executable>true</executable>
         <run_address>0x2722</run_address>
         <size>0x2</size>
         <alignment>0x2</alignment>
         <input_file_ref idref="fl-17d"/>
      </object_component>
      <object_component id="oc-2f2">
         <name>.text</name>
         <load_address>0x2724</load_address>
         <readonly>true</readonly>
         <executable>true</executable>
         <run_address>0x2724</run_address>
         <size>0xb0</size>
         <alignment>0x4</alignment>
         <input_file_ref idref="fl-17a"/>
      </object_component>
      <object_component id="oc-113">
         <name>.text.SYSCFG_DL_HSADC_init</name>
         <load_address>0x27d4</load_address>
         <readonly>true</readonly>
         <executable>true</executable>
         <run_address>0x27d4</run_address>
         <size>0x9a</size>
         <alignment>0x2</alignment>
         <input_file_ref idref="fl-3"/>
      </object_component>
      <object_component id="oc-1d2">
         <name>.text._nop</name>
         <load_address>0x286e</load_address>
         <readonly>true</readonly>
         <executable>true</executable>
         <run_address>0x286e</run_address>
         <size>0x2</size>
         <alignment>0x2</alignment>
         <input_file_ref idref="fl-142"/>
      </object_component>
      <object_component id="oc-23e">
         <name>.text.UART_transfer_till_read_count</name>
         <load_address>0x2870</load_address>
         <readonly>true</readonly>
         <executable>true</executable>
         <run_address>0x2870</run_address>
         <size>0x9a</size>
         <alignment>0x4</alignment>
         <input_file_ref idref="fl-9"/>
      </object_component>
      <object_component id="oc-17f">
         <name>.text.DL_MCPWM_configureTimeBase</name>
         <load_address>0x290a</load_address>
         <readonly>true</readonly>
         <executable>true</executable>
         <run_address>0x290a</run_address>
         <size>0x94</size>
         <alignment>0x2</alignment>
         <input_file_ref idref="fl-22"/>
      </object_component>
      <object_component id="oc-240">
         <name>.text.UART_transfer_until_char</name>
         <load_address>0x29a0</load_address>
         <readonly>true</readonly>
         <executable>true</executable>
         <run_address>0x29a0</run_address>
         <size>0x94</size>
         <alignment>0x4</alignment>
         <input_file_ref idref="fl-9"/>
      </object_component>
      <object_component id="oc-167">
         <name>.text.DL_SYSCTL_configSYSPLL</name>
         <load_address>0x2a34</load_address>
         <readonly>true</readonly>
         <executable>true</executable>
         <run_address>0x2a34</run_address>
         <size>0x92</size>
         <alignment>0x4</alignment>
         <input_file_ref idref="fl-23"/>
      </object_component>
      <object_component id="oc-11b">
         <name>.text.SYSCFG_DL_RS485_UART_init</name>
         <load_address>0x2ac6</load_address>
         <readonly>true</readonly>
         <executable>true</executable>
         <run_address>0x2ac6</run_address>
         <size>0x92</size>
         <alignment>0x2</alignment>
         <input_file_ref idref="fl-3"/>
      </object_component>
      <object_component id="oc-11c">
         <name>.text.SYSCFG_DL_USER_UART_init</name>
         <load_address>0x2b58</load_address>
         <readonly>true</readonly>
         <executable>true</executable>
         <run_address>0x2b58</run_address>
         <size>0x92</size>
         <alignment>0x2</alignment>
         <input_file_ref idref="fl-3"/>
      </object_component>
      <object_component id="oc-1c3">
         <name>.text.uart_single_transfer</name>
         <load_address>0x2bea</load_address>
         <readonly>true</readonly>
         <executable>true</executable>
         <run_address>0x2bea</run_address>
         <size>0x90</size>
         <alignment>0x2</alignment>
         <input_file_ref idref="fl-7"/>
      </object_component>
      <object_component id="oc-36">
         <name>.text.Reset_Handler</name>
         <load_address>0x2c7a</load_address>
         <readonly>true</readonly>
         <executable>true</executable>
         <run_address>0x2c7a</run_address>
         <size>0x6</size>
         <alignment>0x2</alignment>
         <input_file_ref idref="fl-28"/>
      </object_component>
      <object_component id="oc-256">
         <name>.text.HSADC_set_sampling_rate</name>
         <load_address>0x2c80</load_address>
         <readonly>true</readonly>
         <executable>true</executable>
         <run_address>0x2c80</run_address>
         <size>0x88</size>
         <alignment>0x8</alignment>
         <input_file_ref idref="fl-4"/>
      </object_component>
      <object_component id="oc-262">
         <name>.text.fputc</name>
         <load_address>0x2d08</load_address>
         <readonly>true</readonly>
         <executable>true</executable>
         <run_address>0x2d08</run_address>
         <size>0x88</size>
         <alignment>0x4</alignment>
         <input_file_ref idref="fl-13c"/>
      </object_component>
      <object_component id="oc-1bd">
         <name>.text.pwm_set_config</name>
         <load_address>0x2d90</load_address>
         <readonly>true</readonly>
         <executable>true</executable>
         <run_address>0x2d90</run_address>
         <size>0x88</size>
         <alignment>0x2</alignment>
         <input_file_ref idref="fl-7"/>
      </object_component>
      <object_component id="oc-235">
         <name>.text.UART_read_until_char</name>
         <load_address>0x2e18</load_address>
         <readonly>true</readonly>
         <executable>true</executable>
         <run_address>0x2e18</run_address>
         <size>0x82</size>
         <alignment>0x4</alignment>
         <input_file_ref idref="fl-9"/>
      </object_component>
      <object_component id="oc-1c1">
         <name>.text.uart_read_buffer_get</name>
         <load_address>0x2e9c</load_address>
         <readonly>true</readonly>
         <executable>true</executable>
         <run_address>0x2e9c</run_address>
         <size>0x82</size>
         <alignment>0x4</alignment>
         <input_file_ref idref="fl-7"/>
      </object_component>
      <object_component id="oc-24f">
         <name>.text.Capture_stop</name>
         <load_address>0x2f20</load_address>
         <readonly>true</readonly>
         <executable>true</executable>
         <run_address>0x2f20</run_address>
         <size>0x80</size>
         <alignment>0x8</alignment>
         <input_file_ref idref="fl-1"/>
      </object_component>
      <object_component id="oc-10c">
         <name>.text.SYSCFG_DL_SYSCTL_CLK_init</name>
         <load_address>0x2fa0</load_address>
         <readonly>true</readonly>
         <executable>true</executable>
         <run_address>0x2fa0</run_address>
         <size>0x80</size>
         <alignment>0x4</alignment>
         <input_file_ref idref="fl-3"/>
      </object_component>
      <object_component id="oc-1c2">
         <name>.text.uart_put_into_write_buffer</name>
         <load_address>0x3020</load_address>
         <readonly>true</readonly>
         <executable>true</executable>
         <run_address>0x3020</run_address>
         <size>0x7e</size>
         <alignment>0x4</alignment>
         <input_file_ref idref="fl-7"/>
      </object_component>
      <object_component id="oc-100">
         <name>.text.Device_InitPrepareHw</name>
         <load_address>0x309e</load_address>
         <readonly>true</readonly>
         <executable>true</executable>
         <run_address>0x309e</run_address>
         <size>0x7c</size>
         <alignment>0x2</alignment>
         <input_file_ref idref="fl-1a"/>
      </object_component>
      <object_component id="oc-237">
         <name>.text.UART_read_till_count</name>
         <load_address>0x311c</load_address>
         <readonly>true</readonly>
         <executable>true</executable>
         <run_address>0x311c</run_address>
         <size>0x7c</size>
         <alignment>0x4</alignment>
         <input_file_ref idref="fl-9"/>
      </object_component>
      <object_component id="oc-1bc">
         <name>.text.get_device_info</name>
         <load_address>0x3198</load_address>
         <readonly>true</readonly>
         <executable>true</executable>
         <run_address>0x3198</run_address>
         <size>0x78</size>
         <alignment>0x4</alignment>
         <input_file_ref idref="fl-7"/>
      </object_component>
      <object_component id="oc-1c">
         <name>.text:decompress:lzss</name>
         <load_address>0x3210</load_address>
         <readonly>true</readonly>
         <executable>true</executable>
         <run_address>0x3210</run_address>
         <size>0x74</size>
         <alignment>0x2</alignment>
         <input_file_ref idref="fl-151"/>
      </object_component>
      <object_component id="oc-173">
         <name>.text.DL_ADC_dmaInterruptInit</name>
         <load_address>0x3284</load_address>
         <readonly>true</readonly>
         <executable>true</executable>
         <run_address>0x3284</run_address>
         <size>0x70</size>
         <alignment>0x2</alignment>
         <input_file_ref idref="fl-1d"/>
      </object_component>
      <object_component id="oc-351">
         <name>.text.__TI_closefile</name>
         <load_address>0x32f4</load_address>
         <readonly>true</readonly>
         <executable>true</executable>
         <run_address>0x32f4</run_address>
         <size>0x70</size>
         <alignment>0x4</alignment>
         <input_file_ref idref="fl-15b"/>
      </object_component>
      <object_component id="oc-283">
         <name>.text</name>
         <load_address>0x3364</load_address>
         <readonly>true</readonly>
         <executable>true</executable>
         <run_address>0x3364</run_address>
         <size>0x6e</size>
         <alignment>0x4</alignment>
         <input_file_ref idref="fl-172"/>
      </object_component>
      <object_component id="oc-d6">
         <name>.text.PWM_init</name>
         <load_address>0x33d4</load_address>
         <readonly>true</readonly>
         <executable>true</executable>
         <run_address>0x33d4</run_address>
         <size>0x6c</size>
         <alignment>0x4</alignment>
         <input_file_ref idref="fl-8"/>
      </object_component>
      <object_component id="oc-382">
         <name>.text.split</name>
         <load_address>0x3440</load_address>
         <readonly>true</readonly>
         <executable>true</executable>
         <run_address>0x3440</run_address>
         <size>0x6c</size>
         <alignment>0x4</alignment>
         <input_file_ref idref="fl-148"/>
      </object_component>
      <object_component id="oc-46">
         <name>.text.UC2_IRQHandler</name>
         <load_address>0x34ac</load_address>
         <readonly>true</readonly>
         <executable>true</executable>
         <run_address>0x34ac</run_address>
         <size>0x6a</size>
         <alignment>0x2</alignment>
         <input_file_ref idref="fl-9"/>
      </object_component>
      <object_component id="oc-1ce">
         <name>.text.hsadc_get_samples</name>
         <load_address>0x3518</load_address>
         <readonly>true</readonly>
         <executable>true</executable>
         <run_address>0x3518</run_address>
         <size>0x6a</size>
         <alignment>0x4</alignment>
         <input_file_ref idref="fl-7"/>
      </object_component>
      <object_component id="oc-323">
         <name>.text.fseeko</name>
         <load_address>0x3584</load_address>
         <readonly>true</readonly>
         <executable>true</executable>
         <run_address>0x3584</run_address>
         <size>0x68</size>
         <alignment>0x4</alignment>
         <input_file_ref idref="fl-158"/>
      </object_component>
      <object_component id="oc-3b9">
         <name>.text.getdevice</name>
         <load_address>0x35ec</load_address>
         <readonly>true</readonly>
         <executable>true</executable>
         <run_address>0x35ec</run_address>
         <size>0x68</size>
         <alignment>0x4</alignment>
         <input_file_ref idref="fl-180"/>
      </object_component>
      <object_component id="oc-145">
         <name>.text.Arch_Interrupt_Init</name>
         <load_address>0x3654</load_address>
         <readonly>true</readonly>
         <executable>true</executable>
         <run_address>0x3654</run_address>
         <size>0x66</size>
         <alignment>0x4</alignment>
         <input_file_ref idref="fl-1c"/>
      </object_component>
      <object_component id="oc-376">
         <name>.text.HOSTrename</name>
         <load_address>0x36bc</load_address>
         <readonly>true</readonly>
         <executable>true</executable>
         <run_address>0x36bc</run_address>
         <size>0x64</size>
         <alignment>0x4</alignment>
         <input_file_ref idref="fl-168"/>
      </object_component>
      <object_component id="oc-1bf">
         <name>.text.uart_write</name>
         <load_address>0x3720</load_address>
         <readonly>true</readonly>
         <executable>true</executable>
         <run_address>0x3720</run_address>
         <size>0x62</size>
         <alignment>0x4</alignment>
         <input_file_ref idref="fl-7"/>
      </object_component>
      <object_component id="oc-35a">
         <name>.text.HOSTopen</name>
         <load_address>0x3784</load_address>
         <readonly>true</readonly>
         <executable>true</executable>
         <run_address>0x3784</run_address>
         <size>0x60</size>
         <alignment>0x4</alignment>
         <input_file_ref idref="fl-166"/>
      </object_component>
      <object_component id="oc-11a">
         <name>.text.SYSCFG_DL_HSADC_TRIGGER_PWM_init</name>
         <load_address>0x37e4</load_address>
         <readonly>true</readonly>
         <executable>true</executable>
         <run_address>0x37e4</run_address>
         <size>0x60</size>
         <alignment>0x2</alignment>
         <input_file_ref idref="fl-3"/>
      </object_component>
      <object_component id="oc-299">
         <name>.text.__TI_wrt_ok</name>
         <load_address>0x3844</load_address>
         <readonly>true</readonly>
         <executable>true</executable>
         <run_address>0x3844</run_address>
         <size>0x60</size>
         <alignment>0x2</alignment>
         <input_file_ref idref="fl-13e"/>
      </object_component>
      <object_component id="oc-1e8">
         <name>.text.printf</name>
         <load_address>0x38a4</load_address>
         <readonly>true</readonly>
         <executable>true</executable>
         <run_address>0x38a4</run_address>
         <size>0x60</size>
         <alignment>0x4</alignment>
         <input_file_ref idref="fl-138"/>
      </object_component>
      <object_component id="oc-384">
         <name>.text.close</name>
         <load_address>0x3904</load_address>
         <readonly>true</readonly>
         <executable>true</executable>
         <run_address>0x3904</run_address>
         <size>0x5c</size>
         <alignment>0x4</alignment>
         <input_file_ref idref="fl-162"/>
      </object_component>
      <object_component id="oc-280">
         <name>.text.Clocks_get_time_us</name>
         <load_address>0x3960</load_address>
         <readonly>true</readonly>
         <executable>true</executable>
         <run_address>0x3960</run_address>
         <size>0x5a</size>
         <alignment>0x2</alignment>
         <input_file_ref idref="fl-2"/>
      </object_component>
      <object_component id="oc-1c5">
         <name>.text.uart_configure_consecutive_transfer_instance</name>
         <load_address>0x39ba</load_address>
         <readonly>true</readonly>
         <executable>true</executable>
         <run_address>0x39ba</run_address>
         <size>0x58</size>
         <alignment>0x2</alignment>
         <input_file_ref idref="fl-7"/>
      </object_component>
      <object_component id="oc-364">
         <name>.text.HOSTread</name>
         <load_address>0x3a14</load_address>
         <readonly>true</readonly>
         <executable>true</executable>
         <run_address>0x3a14</run_address>
         <size>0x54</size>
         <alignment>0x4</alignment>
         <input_file_ref idref="fl-167"/>
      </object_component>
      <object_component id="oc-368">
         <name>.text.HOSTwrite</name>
         <load_address>0x3a68</load_address>
         <readonly>true</readonly>
         <executable>true</executable>
         <run_address>0x3a68</run_address>
         <size>0x54</size>
         <alignment>0x4</alignment>
         <input_file_ref idref="fl-16a"/>
      </object_component>
      <object_component id="oc-117">
         <name>.text.SYSCFG_DL_PWM_CH1_init</name>
         <load_address>0x3abc</load_address>
         <readonly>true</readonly>
         <executable>true</executable>
         <run_address>0x3abc</run_address>
         <size>0x52</size>
         <alignment>0x2</alignment>
         <input_file_ref idref="fl-3"/>
      </object_component>
      <object_component id="oc-118">
         <name>.text.SYSCFG_DL_PWM_CH2_init</name>
         <load_address>0x3b0e</load_address>
         <readonly>true</readonly>
         <executable>true</executable>
         <run_address>0x3b0e</run_address>
         <size>0x52</size>
         <alignment>0x2</alignment>
         <input_file_ref idref="fl-3"/>
      </object_component>
      <object_component id="oc-119">
         <name>.text.SYSCFG_DL_PWM_CH3_init</name>
         <load_address>0x3b60</load_address>
         <readonly>true</readonly>
         <executable>true</executable>
         <run_address>0x3b60</run_address>
         <size>0x52</size>
         <alignment>0x2</alignment>
         <input_file_ref idref="fl-3"/>
      </object_component>
      <object_component id="oc-ce">
         <name>.text.SYSCFG_DL_init</name>
         <load_address>0x3bb2</load_address>
         <readonly>true</readonly>
         <executable>true</executable>
         <run_address>0x3bb2</run_address>
         <size>0x52</size>
         <alignment>0x2</alignment>
         <input_file_ref idref="fl-3"/>
      </object_component>
      <object_component id="oc-116">
         <name>.text.SYSCFG_DL_PWM_CH0_init</name>
         <load_address>0x3c04</load_address>
         <readonly>true</readonly>
         <executable>true</executable>
         <run_address>0x3c04</run_address>
         <size>0x50</size>
         <alignment>0x2</alignment>
         <input_file_ref idref="fl-3"/>
      </object_component>
      <object_component id="oc-2a3">
         <name>.text.__TI_doflush</name>
         <load_address>0x3c54</load_address>
         <readonly>true</readonly>
         <executable>true</executable>
         <run_address>0x3c54</run_address>
         <size>0x50</size>
         <alignment>0x2</alignment>
         <input_file_ref idref="fl-156"/>
      </object_component>
      <object_component id="oc-140">
         <name>.text.copy_in</name>
         <load_address>0x3ca4</load_address>
         <readonly>true</readonly>
         <executable>true</executable>
         <run_address>0x3ca4</run_address>
         <size>0x50</size>
         <alignment>0x4</alignment>
         <input_file_ref idref="fl-14e"/>
      </object_component>
      <object_component id="oc-1bb">
         <name>.text.ping_device</name>
         <load_address>0x3cf4</load_address>
         <readonly>true</readonly>
         <executable>true</executable>
         <run_address>0x3cf4</run_address>
         <size>0x50</size>
         <alignment>0x2</alignment>
         <input_file_ref idref="fl-7"/>
      </object_component>
      <object_component id="oc-1a0">
         <name>.text.DL_UART_init</name>
         <load_address>0x3d44</load_address>
         <readonly>true</readonly>
         <executable>true</executable>
         <run_address>0x3d44</run_address>
         <size>0x4e</size>
         <alignment>0x2</alignment>
         <input_file_ref idref="fl-25"/>
      </object_component>
      <object_component id="oc-1c6">
         <name>.text.uart_consecutive_transfer_instance_write_bytes</name>
         <load_address>0x3d94</load_address>
         <readonly>true</readonly>
         <executable>true</executable>
         <run_address>0x3d94</run_address>
         <size>0x4e</size>
         <alignment>0x4</alignment>
         <input_file_ref idref="fl-7"/>
      </object_component>
      <object_component id="oc-36c">
         <name>.text.HOSTlseek</name>
         <load_address>0x3de4</load_address>
         <readonly>true</readonly>
         <executable>true</executable>
         <run_address>0x3de4</run_address>
         <size>0x4c</size>
         <alignment>0x4</alignment>
         <input_file_ref idref="fl-165"/>
      </object_component>
      <object_component id="oc-16b">
         <name>.text.DL_ADC_socInit</name>
         <load_address>0x3e30</load_address>
         <readonly>true</readonly>
         <executable>true</executable>
         <run_address>0x3e30</run_address>
         <size>0x4a</size>
         <alignment>0x2</alignment>
         <input_file_ref idref="fl-1d"/>
      </object_component>
      <object_component id="oc-257">
         <name>.text.HSADC_acquire</name>
         <load_address>0x3e7c</load_address>
         <readonly>true</readonly>
         <executable>true</executable>
         <run_address>0x3e7c</run_address>
         <size>0x48</size>
         <alignment>0x4</alignment>
         <input_file_ref idref="fl-4"/>
      </object_component>
      <object_component id="oc-160">
         <name>.text.DL_SYSCTL_setHFCLKSourceXTAL</name>
         <load_address>0x3ec4</load_address>
         <readonly>true</readonly>
         <executable>true</executable>
         <run_address>0x3ec4</run_address>
         <size>0x46</size>
         <alignment>0x4</alignment>
         <input_file_ref idref="fl-23"/>
      </object_component>
      <object_component id="oc-1fd">
         <name>.text.DL_DMA_initChannel</name>
         <load_address>0x3f0a</load_address>
         <readonly>true</readonly>
         <executable>true</executable>
         <run_address>0x3f0a</run_address>
         <size>0x44</size>
         <alignment>0x2</alignment>
         <input_file_ref idref="fl-1f"/>
      </object_component>
      <object_component id="oc-ee">
         <name>.text:__TI_auto_init_nopinit</name>
         <load_address>0x3f50</load_address>
         <readonly>true</readonly>
         <executable>true</executable>
         <run_address>0x3f50</run_address>
         <size>0x44</size>
         <alignment>0x4</alignment>
         <input_file_ref idref="fl-14c"/>
      </object_component>
      <object_component id="oc-1af">
         <name>.text</name>
         <load_address>0x3f94</load_address>
         <readonly>true</readonly>
         <executable>true</executable>
         <run_address>0x3f94</run_address>
         <size>0x44</size>
         <alignment>0x4</alignment>
         <input_file_ref idref="fl-16f"/>
      </object_component>
      <object_component id="oc-370">
         <name>.text.HOSTunlink</name>
         <load_address>0x3fd8</load_address>
         <readonly>true</readonly>
         <executable>true</executable>
         <run_address>0x3fd8</run_address>
         <size>0x40</size>
         <alignment>0x4</alignment>
         <input_file_ref idref="fl-169"/>
      </object_component>
      <object_component id="oc-169">
         <name>.text.SYSCFG_DL_HSADC_DMA_init</name>
         <load_address>0x4018</load_address>
         <readonly>true</readonly>
         <executable>true</executable>
         <run_address>0x4018</run_address>
         <size>0x40</size>
         <alignment>0x2</alignment>
         <input_file_ref idref="fl-3"/>
      </object_component>
      <object_component id="oc-db">
         <name>.text.HSADC_init</name>
         <load_address>0x4058</load_address>
         <readonly>true</readonly>
         <executable>true</executable>
         <run_address>0x4058</run_address>
         <size>0x3e</size>
         <alignment>0x2</alignment>
         <input_file_ref idref="fl-4"/>
      </object_component>
      <object_component id="oc-15a">
         <name>.text.Log_RegisterOutput</name>
         <load_address>0x4096</load_address>
         <readonly>true</readonly>
         <executable>true</executable>
         <run_address>0x4096</run_address>
         <size>0x3e</size>
         <alignment>0x2</alignment>
         <input_file_ref idref="fl-26"/>
      </object_component>
      <object_component id="oc-1c9">
         <name>.text.uart_consecutive_transfer_instance_read_bytes</name>
         <load_address>0x40d4</load_address>
         <readonly>true</readonly>
         <executable>true</executable>
         <run_address>0x40d4</run_address>
         <size>0x3e</size>
         <alignment>0x4</alignment>
         <input_file_ref idref="fl-7"/>
      </object_component>
      <object_component id="oc-360">
         <name>.text.HOSTclose</name>
         <load_address>0x4114</load_address>
         <readonly>true</readonly>
         <executable>true</executable>
         <run_address>0x4114</run_address>
         <size>0x3c</size>
         <alignment>0x4</alignment>
         <input_file_ref idref="fl-164"/>
      </object_component>
      <object_component id="oc-248">
         <name>.text.UART_consecutive_transfer_write_byte</name>
         <load_address>0x4150</load_address>
         <readonly>true</readonly>
         <executable>true</executable>
         <run_address>0x4150</run_address>
         <size>0x3c</size>
         <alignment>0x4</alignment>
         <input_file_ref idref="fl-9"/>
      </object_component>
      <object_component id="oc-130">
         <name>.text.protocol_uart_send</name>
         <load_address>0x418c</load_address>
         <readonly>true</readonly>
         <executable>true</executable>
         <run_address>0x418c</run_address>
         <size>0x3c</size>
         <alignment>0x4</alignment>
         <input_file_ref idref="fl-7"/>
      </object_component>
      <object_component id="oc-32a">
         <name>.text.__TI_cleanup</name>
         <load_address>0x41c8</load_address>
         <readonly>true</readonly>
         <executable>true</executable>
         <run_address>0x41c8</run_address>
         <size>0x38</size>
         <alignment>0x4</alignment>
         <input_file_ref idref="fl-157"/>
      </object_component>
      <object_component id="oc-1ca">
         <name>.text.capture_control</name>
         <load_address>0x4200</load_address>
         <readonly>true</readonly>
         <executable>true</executable>
         <run_address>0x4200</run_address>
         <size>0x38</size>
         <alignment>0x2</alignment>
         <input_file_ref idref="fl-7"/>
      </object_component>
      <object_component id="oc-1c8">
         <name>.text.uart_consecutive_transfer_instance_get_read_count_and_status</name>
         <load_address>0x4238</load_address>
         <readonly>true</readonly>
         <executable>true</executable>
         <run_address>0x4238</run_address>
         <size>0x38</size>
         <alignment>0x2</alignment>
         <input_file_ref idref="fl-7"/>
      </object_component>
      <object_component id="oc-1b3">
         <name>.text</name>
         <load_address>0x4270</load_address>
         <readonly>true</readonly>
         <executable>true</executable>
         <run_address>0x4270</run_address>
         <size>0x38</size>
         <alignment>0x4</alignment>
         <input_file_ref idref="fl-16d"/>
      </object_component>
      <object_component id="oc-40">
         <name>.text.ECAP0_IRQHandler</name>
         <load_address>0x42a8</load_address>
         <readonly>true</readonly>
         <executable>true</executable>
         <run_address>0x42a8</run_address>
         <size>0x36</size>
         <alignment>0x2</alignment>
         <input_file_ref idref="fl-1"/>
      </object_component>
      <object_component id="oc-dc">
         <name>.text.protocol_app_interface_init</name>
         <load_address>0x42de</load_address>
         <readonly>true</readonly>
         <executable>true</executable>
         <run_address>0x42de</run_address>
         <size>0x36</size>
         <alignment>0x2</alignment>
         <input_file_ref idref="fl-7"/>
      </object_component>
      <object_component id="oc-390">
         <name>.text.__TI_writemsg</name>
         <load_address>0x4314</load_address>
         <readonly>true</readonly>
         <executable>true</executable>
         <run_address>0x4314</run_address>
         <size>0x34</size>
         <alignment>0x4</alignment>
         <input_file_ref idref="fl-16b"/>
      </object_component>
      <object_component id="oc-1be">
         <name>.text.uart_configure</name>
         <load_address>0x4348</load_address>
         <readonly>true</readonly>
         <executable>true</executable>
         <run_address>0x4348</run_address>
         <size>0x34</size>
         <alignment>0x2</alignment>
         <input_file_ref idref="fl-7"/>
      </object_component>
      <object_component id="oc-1c4">
         <name>.text.uart_consecutive_transfers_configure</name>
         <load_address>0x437c</load_address>
         <readonly>true</readonly>
         <executable>true</executable>
         <run_address>0x437c</run_address>
         <size>0x34</size>
         <alignment>0x2</alignment>
         <input_file_ref idref="fl-7"/>
      </object_component>
      <object_component id="oc-72">
         <name>.text:_c_int00_noargs</name>
         <load_address>0x43b0</load_address>
         <readonly>true</readonly>
         <executable>true</executable>
         <run_address>0x43b0</run_address>
         <size>0x34</size>
         <alignment>0x4</alignment>
         <input_file_ref idref="fl-14a"/>
      </object_component>
      <object_component id="oc-168">
         <name>.text.DL_SYSCTL_switchMCLKfromSYSOSCtoHSCLK</name>
         <load_address>0x43e4</load_address>
         <readonly>true</readonly>
         <executable>true</executable>
         <run_address>0x43e4</run_address>
         <size>0x32</size>
         <alignment>0x4</alignment>
         <input_file_ref idref="fl-23"/>
      </object_component>
      <object_component id="oc-10b">
         <name>.text.SYSCFG_DL_FLASH_init</name>
         <load_address>0x4416</load_address>
         <readonly>true</readonly>
         <executable>true</executable>
         <run_address>0x4416</run_address>
         <size>0x32</size>
         <alignment>0x2</alignment>
         <input_file_ref idref="fl-3"/>
      </object_component>
      <object_component id="oc-10f">
         <name>.text.SYSCFG_DL_Pinmux_init</name>
         <load_address>0x4448</load_address>
         <readonly>true</readonly>
         <executable>true</executable>
         <run_address>0x4448</run_address>
         <size>0x32</size>
         <alignment>0x2</alignment>
         <input_file_ref idref="fl-3"/>
      </object_component>
      <object_component id="oc-d4">
         <name>.text.UART_init</name>
         <load_address>0x447a</load_address>
         <readonly>true</readonly>
         <executable>true</executable>
         <run_address>0x447a</run_address>
         <size>0x32</size>
         <alignment>0x2</alignment>
         <input_file_ref idref="fl-9"/>
      </object_component>
      <object_component id="oc-232">
         <name>.text.UART_write</name>
         <load_address>0x44ac</load_address>
         <readonly>true</readonly>
         <executable>true</executable>
         <run_address>0x44ac</run_address>
         <size>0x30</size>
         <alignment>0x4</alignment>
         <input_file_ref idref="fl-9"/>
      </object_component>
      <object_component id="oc-396">
         <name>.text.__TI_readmsg</name>
         <load_address>0x44dc</load_address>
         <readonly>true</readonly>
         <executable>true</executable>
         <run_address>0x44dc</run_address>
         <size>0x30</size>
         <alignment>0x4</alignment>
         <input_file_ref idref="fl-16b"/>
      </object_component>
      <object_component id="oc-e5">
         <name>.text.exit</name>
         <load_address>0x450c</load_address>
         <readonly>true</readonly>
         <executable>true</executable>
         <run_address>0x450c</run_address>
         <size>0x30</size>
         <alignment>0x4</alignment>
         <input_file_ref idref="fl-141"/>
      </object_component>
      <object_component id="oc-3c2">
         <name>.text.finddevice</name>
         <load_address>0x453c</load_address>
         <readonly>true</readonly>
         <executable>true</executable>
         <run_address>0x453c</run_address>
         <size>0x2c</size>
         <alignment>0x4</alignment>
         <input_file_ref idref="fl-180"/>
      </object_component>
      <object_component id="oc-349">
         <name>.text.lseek</name>
         <load_address>0x4568</load_address>
         <readonly>true</readonly>
         <executable>true</executable>
         <run_address>0x4568</run_address>
         <size>0x2c</size>
         <alignment>0x4</alignment>
         <input_file_ref idref="fl-161"/>
      </object_component>
      <object_component id="oc-220">
         <name>.text.strstr</name>
         <load_address>0x4594</load_address>
         <readonly>true</readonly>
         <executable>true</executable>
         <run_address>0x4594</run_address>
         <size>0x2c</size>
         <alignment>0x2</alignment>
         <input_file_ref idref="fl-149"/>
      </object_component>
      <object_component id="oc-3b0">
         <name>.text.unlink</name>
         <load_address>0x45c0</load_address>
         <readonly>true</readonly>
         <executable>true</executable>
         <run_address>0x45c0</run_address>
         <size>0x2c</size>
         <alignment>0x4</alignment>
         <input_file_ref idref="fl-163"/>
      </object_component>
      <object_component id="oc-29f">
         <name>.text.write</name>
         <load_address>0x45ec</load_address>
         <readonly>true</readonly>
         <executable>true</executable>
         <run_address>0x45ec</run_address>
         <size>0x2c</size>
         <alignment>0x4</alignment>
         <input_file_ref idref="fl-15d"/>
      </object_component>
      <object_component id="oc-52">
         <name>.text.DMA0_IRQHandler</name>
         <load_address>0x4618</load_address>
         <readonly>true</readonly>
         <executable>true</executable>
         <run_address>0x4618</run_address>
         <size>0x2a</size>
         <alignment>0x2</alignment>
         <input_file_ref idref="fl-4"/>
      </object_component>
      <object_component id="oc-4c">
         <name>.text.UC4_IRQHandler</name>
         <load_address>0x4642</load_address>
         <readonly>true</readonly>
         <executable>true</executable>
         <run_address>0x4642</run_address>
         <size>0x28</size>
         <alignment>0x2</alignment>
         <input_file_ref idref="fl-7"/>
      </object_component>
      <object_component id="oc-34f">
         <name>.text.free_list_insert</name>
         <load_address>0x466c</load_address>
         <readonly>true</readonly>
         <executable>true</executable>
         <run_address>0x466c</run_address>
         <size>0x28</size>
         <alignment>0x4</alignment>
         <input_file_ref idref="fl-148"/>
      </object_component>
      <object_component id="oc-282">
         <name>.text.Clocks_wait_us_precise</name>
         <load_address>0x4694</load_address>
         <readonly>true</readonly>
         <executable>true</executable>
         <run_address>0x4694</run_address>
         <size>0x26</size>
         <alignment>0x4</alignment>
         <input_file_ref idref="fl-2"/>
      </object_component>
      <object_component id="oc-ab">
         <name>.text.main</name>
         <load_address>0x46bc</load_address>
         <readonly>true</readonly>
         <executable>true</executable>
         <run_address>0x46bc</run_address>
         <size>0x26</size>
         <alignment>0x4</alignment>
         <input_file_ref idref="fl-5"/>
      </object_component>
      <object_component id="oc-14b">
         <name>.text.Arch_Counter_Init</name>
         <load_address>0x46e2</load_address>
         <readonly>true</readonly>
         <executable>true</executable>
         <run_address>0x46e2</run_address>
         <size>0x24</size>
         <alignment>0x2</alignment>
         <input_file_ref idref="fl-1b"/>
      </object_component>
      <object_component id="oc-24e">
         <name>.text.Capture_start</name>
         <load_address>0x4706</load_address>
         <readonly>true</readonly>
         <executable>true</executable>
         <run_address>0x4706</run_address>
         <size>0x22</size>
         <alignment>0x2</alignment>
         <input_file_ref idref="fl-1"/>
      </object_component>
      <object_component id="oc-ca">
         <name>.text.Device_Init</name>
         <load_address>0x4728</load_address>
         <readonly>true</readonly>
         <executable>true</executable>
         <run_address>0x4728</run_address>
         <size>0x22</size>
         <alignment>0x2</alignment>
         <input_file_ref idref="fl-19"/>
      </object_component>
      <object_component id="oc-234">
         <name>.text.UART_reset_read_buffer</name>
         <load_address>0x474a</load_address>
         <readonly>true</readonly>
         <executable>true</executable>
         <run_address>0x474a</run_address>
         <size>0x22</size>
         <alignment>0x2</alignment>
         <input_file_ref idref="fl-9"/>
      </object_component>
      <object_component id="oc-2b9">
         <name>.text.memccpy</name>
         <load_address>0x476c</load_address>
         <readonly>true</readonly>
         <executable>true</executable>
         <run_address>0x476c</run_address>
         <size>0x22</size>
         <alignment>0x2</alignment>
         <input_file_ref idref="fl-147"/>
      </object_component>
      <object_component id="oc-1c7">
         <name>.text.uart_consecutive_transfer_start</name>
         <load_address>0x478e</load_address>
         <readonly>true</readonly>
         <executable>true</executable>
         <run_address>0x478e</run_address>
         <size>0x22</size>
         <alignment>0x2</alignment>
         <input_file_ref idref="fl-7"/>
      </object_component>
      <object_component id="oc-153">
         <name>.text.Log_Init</name>
         <load_address>0x47b0</load_address>
         <readonly>true</readonly>
         <executable>true</executable>
         <run_address>0x47b0</run_address>
         <size>0x20</size>
         <alignment>0x2</alignment>
         <input_file_ref idref="fl-26"/>
      </object_component>
      <object_component id="oc-11e">
         <name>.text.SYSCFG_DL_INTERRUPT_init</name>
         <load_address>0x47d0</load_address>
         <readonly>true</readonly>
         <executable>true</executable>
         <run_address>0x47d0</run_address>
         <size>0x20</size>
         <alignment>0x2</alignment>
         <input_file_ref idref="fl-3"/>
      </object_component>
      <object_component id="oc-11d">
         <name>.text.SYSCFG_DL_SYSTICK_init</name>
         <load_address>0x47f0</load_address>
         <readonly>true</readonly>
         <executable>true</executable>
         <run_address>0x47f0</run_address>
         <size>0x20</size>
         <alignment>0x2</alignment>
         <input_file_ref idref="fl-3"/>
      </object_component>
      <object_component id="oc-230">
         <name>.text.UART_reset_write_buffer</name>
         <load_address>0x4810</load_address>
         <readonly>true</readonly>
         <executable>true</executable>
         <run_address>0x4810</run_address>
         <size>0x20</size>
         <alignment>0x2</alignment>
         <input_file_ref idref="fl-9"/>
      </object_component>
      <object_component id="oc-1a5">
         <name>.text</name>
         <load_address>0x4830</load_address>
         <readonly>true</readonly>
         <executable>true</executable>
         <run_address>0x4830</run_address>
         <size>0x20</size>
         <alignment>0x4</alignment>
         <input_file_ref idref="fl-171"/>
      </object_component>
      <object_component id="oc-112">
         <name>.text.SYSCFG_DL_DMA0_init</name>
         <load_address>0x4850</load_address>
         <readonly>true</readonly>
         <executable>true</executable>
         <run_address>0x4850</run_address>
         <size>0x1e</size>
         <alignment>0x2</alignment>
         <input_file_ref idref="fl-3"/>
      </object_component>
      <object_component id="oc-238">
         <name>.text.UART_receive_stop</name>
[...]
         <value>0x4d81</value>
         <object_component_ref idref="oc-3a"/>
      </symbol>
      <symbol id="sm-33a">
         <name>ADC0_EVT_IRQHandler</name>
         <value>0x4d81</value>
         <object_component_ref idref="oc-3a"/>
      </symbol>
      <symbol id="sm-33b">
         <name>ADC1_INT1_IRQHandler</name>
         <value>0x4d81</value>
         <object_component_ref idref="oc-3a"/>
      </symbol>
      <symbol id="sm-33c">
         <name>ADC1_INT2_IRQHandler</name>
         <value>0x4d81</value>
         <object_component_ref idref="oc-3a"/>
      </symbol>
      <symbol id="sm-33d">
         <name>ADC1_INT3_IRQHandler</name>
         <value>0x4d81</value>
         <object_component_ref idref="oc-3a"/>
      </symbol>
      <symbol id="sm-33e">
         <name>ADC1_INT4_IRQHandler</name>
         <value>0x4d81</value>
         <object_component_ref idref="oc-3a"/>
      </symbol>
      <symbol id="sm-33f">
         <name>ADC1_EVT_IRQHandler</name>
         <value>0x4d81</value>
         <object_component_ref idref="oc-3a"/>
      </symbol>
      <symbol id="sm-340">
         <name>ADC2_INT1_IRQHandler</name>
         <value>0x4d81</value>
         <object_component_ref idref="oc-3a"/>
      </symbol>
      <symbol id="sm-341">
         <name>ADC2_INT2_IRQHandler</name>
         <value>0x4d81</value>
         <object_component_ref idref="oc-3a"/>
      </symbol>
      <symbol id="sm-342">
         <name>ADC2_INT3_IRQHandler</name>
         <value>0x4d81</value>
         <object_component_ref idref="oc-3a"/>
      </symbol>
      <symbol id="sm-343">
         <name>ADC2_INT4_IRQHandler</name>
         <value>0x4d81</value>
         <object_component_ref idref="oc-3a"/>
      </symbol>
      <symbol id="sm-344">
         <name>ADC2_EVT_IRQHandler</name>
         <value>0x4d81</value>
         <object_component_ref idref="oc-3a"/>
      </symbol>
      <symbol id="sm-345">
         <name>MCAN0_IRQHandler</name>
         <value>0x4d81</value>
         <object_component_ref idref="oc-3a"/>
      </symbol>
      <symbol id="sm-346">
         <name>MCPWM0_IRQHandler</name>
         <value>0x4d81</value>
         <object_component_ref idref="oc-3a"/>
      </symbol>
      <symbol id="sm-347">
         <name>MCPWM1_IRQHandler</name>
         <value>0x4d81</value>
         <object_component_ref idref="oc-3a"/>
      </symbol>
      <symbol id="sm-348">
         <name>MCPWM2_IRQHandler</name>
         <value>0x4d81</value>
         <object_component_ref idref="oc-3a"/>
      </symbol>
      <symbol id="sm-349">
         <name>MCPWM3_IRQHandler</name>
         <value>0x4d81</value>
         <object_component_ref idref="oc-3a"/>
      </symbol>
      <symbol id="sm-34a">
         <name>MCPWM4_IRQHandler</name>
         <value>0x4d81</value>
         <object_component_ref idref="oc-3a"/>
      </symbol>
      <symbol id="sm-34b">
         <name>ECAP1_IRQHandler</name>
         <value>0x4d81</value>
         <object_component_ref idref="oc-3a"/>
      </symbol>
      <symbol id="sm-34c">
         <name>EQEP0_IRQHandler</name>
         <value>0x4d81</value>
         <object_component_ref idref="oc-3a"/>
      </symbol>
      <symbol id="sm-34d">
         <name>EQEP1_IRQHandler</name>
         <value>0x4d81</value>
         <object_component_ref idref="oc-3a"/>
      </symbol>
      <symbol id="sm-34e">
         <name>EQEP2_IRQHandler</name>
         <value>0x4d81</value>
         <object_component_ref idref="oc-3a"/>
      </symbol>
      <symbol id="sm-34f">
         <name>UC0_IRQHandler</name>
         <value>0x4d81</value>
         <object_component_ref idref="oc-3a"/>
      </symbol>
      <symbol id="sm-350">
         <name>UC1_IRQHandler</name>
         <value>0x4d81</value>
         <object_component_ref idref="oc-3a"/>
      </symbol>
      <symbol id="sm-351">
         <name>UC3_IRQHandler</name>
         <value>0x4d81</value>
         <object_component_ref idref="oc-3a"/>
      </symbol>
      <symbol id="sm-352">
         <name>UC5_IRQHandler</name>
         <value>0x4d81</value>
         <object_component_ref idref="oc-3a"/>
      </symbol>
      <symbol id="sm-353">
         <name>TINIE_LITE_IRQHandler</name>
         <value>0x4d81</value>
         <object_component_ref idref="oc-3a"/>
      </symbol>
      <symbol id="sm-354">
         <name>EPI_IRQHandler</name>
         <value>0x4d81</value>
         <object_component_ref idref="oc-3a"/>
      </symbol>
      <symbol id="sm-355">
         <name>AES_IRQHandler</name>
         <value>0x4d81</value>
         <object_component_ref idref="oc-3a"/>
      </symbol>
      <symbol id="sm-356">
         <name>TIMG4_0_IRQHandler</name>
         <value>0x4d81</value>
         <object_component_ref idref="oc-3a"/>
      </symbol>
      <symbol id="sm-357">
         <name>TIMG12_0_IRQHandler</name>
         <value>0x4d81</value>
         <object_component_ref idref="oc-3a"/>
      </symbol>
      <symbol id="sm-358">
         <name>TMU_LUF_IRQHandler</name>
         <value>0x4d81</value>
         <object_component_ref idref="oc-3a"/>
      </symbol>
      <symbol id="sm-359">
         <name>TMU_LVF_IRQHandler</name>
         <value>0x4d81</value>
         <object_component_ref idref="oc-3a"/>
      </symbol>
      <symbol id="sm-36a">
         <name>printf</name>
         <value>0x38a5</value>
         <object_component_ref idref="oc-1e8"/>
      </symbol>
      <symbol id="sm-380">
         <name>__TI_printfi_minimal</name>
         <value>0xbbd</value>
         <object_component_ref idref="oc-288"/>
      </symbol>
      <symbol id="sm-390">
         <name>fputc</name>
         <value>0x2d09</value>
         <object_component_ref idref="oc-262"/>
      </symbol>
      <symbol id="sm-391">
         <name>putchar</name>
         <value>0x4d1d</value>
         <object_component_ref idref="oc-1ee"/>
      </symbol>
      <symbol id="sm-3a2">
         <name>fputs</name>
         <value>0x22cd</value>
         <object_component_ref idref="oc-293"/>
      </symbol>
      <symbol id="sm-3ac">
         <name>__TI_wrt_ok</name>
         <value>0x3845</value>
         <object_component_ref idref="oc-299"/>
      </symbol>
      <symbol id="sm-3b6">
         <name>setvbuf</name>
         <value>0x2579</value>
         <object_component_ref idref="oc-2e5"/>
      </symbol>
      <symbol id="sm-3c5">
         <name>abort</name>
         <value>0x4d41</value>
         <object_component_ref idref="oc-e0"/>
      </symbol>
      <symbol id="sm-3c6">
         <name>__TI_cleanup_ptr</name>
         <value>0x2000824c</value>
         <object_component_ref idref="oc-13c"/>
      </symbol>
      <symbol id="sm-3c7">
         <name>__TI_dtors_ptr</name>
         <value>0x20008250</value>
         <object_component_ref idref="oc-13c"/>
      </symbol>
      <symbol id="sm-3c8">
         <name>exit</name>
         <value>0x450d</value>
         <object_component_ref idref="oc-e5"/>
      </symbol>
      <symbol id="sm-3d1">
         <name>_nop</name>
         <value>0x286f</value>
         <object_component_ref idref="oc-1d2"/>
      </symbol>
      <symbol id="sm-3d2">
         <name>_lock</name>
         <value>0x20008268</value>
         <object_component_ref idref="oc-13a"/>
      </symbol>
      <symbol id="sm-3d3">
         <name>_unlock</name>
         <value>0x2000826c</value>
         <object_component_ref idref="oc-13d"/>
      </symbol>
      <symbol id="sm-3db">
         <name>_ftable</name>
         <value>0x20008008</value>
         <object_component_ref idref="oc-25c"/>
      </symbol>
      <symbol id="sm-3dc">
         <name>__TI_ft_end</name>
         <value>0x20008264</value>
         <object_component_ref idref="oc-357"/>
      </symbol>
      <symbol id="sm-3dd">
         <name>__TI_tmpnams</name>
         <value>0x2000ae40</value>
         <object_component_ref idref="oc-38c"/>
      </symbol>
      <symbol id="sm-3e6">
         <name>memccpy</name>
         <value>0x476d</value>
         <object_component_ref idref="oc-2b9"/>
      </symbol>
      <symbol id="sm-409">
         <name>malloc</name>
         <value>0x4d33</value>
         <object_component_ref idref="oc-329"/>
      </symbol>
      <symbol id="sm-40a">
         <name>aligned_alloc</name>
         <value>0x1ee9</value>
         <object_component_ref idref="oc-350"/>
      </symbol>
      <symbol id="sm-40b">
         <name>free</name>
         <value>0x249d</value>
         <object_component_ref idref="oc-327"/>
      </symbol>
      <symbol id="sm-40c">
         <name>_sys_memory</name>
         <value>0x20009280</value>
         <object_component_ref idref="oc-34"/>
      </symbol>
      <symbol id="sm-40d">
         <name>memalign</name>
         <value>0x1ee9</value>
         <object_component_ref idref="oc-350"/>
      </symbol>
      <symbol id="sm-416">
         <name>strstr</name>
         <value>0x4595</value>
         <object_component_ref idref="oc-220"/>
      </symbol>
      <symbol id="sm-421">
         <name>_c_int00_noargs</name>
         <value>0x43b1</value>
         <object_component_ref idref="oc-72"/>
      </symbol>
      <symbol id="sm-422">
         <name>__stack</name>
         <value>0x20008280</value>
         <object_component_ref idref="oc-1a"/>
      </symbol>
      <symbol id="sm-42e">
         <name>__TI_auto_init_nopinit</name>
         <value>0x3f51</value>
         <object_component_ref idref="oc-ee"/>
      </symbol>
      <symbol id="sm-436">
         <name>_system_pre_init</name>
         <value>0x4d6b</value>
         <object_component_ref idref="oc-a7"/>
      </symbol>
      <symbol id="sm-440">
         <name>copy_in</name>
         <value>0x3ca5</value>
         <object_component_ref idref="oc-140"/>
      </symbol>
      <symbol id="sm-44a">
         <name>__TI_zero_init</name>
         <value>0x4bcb</value>
         <object_component_ref idref="oc-6f"/>
      </symbol>
      <symbol id="sm-453">
         <name>__TI_decompress_none</name>
         <value>0x4cad</value>
         <object_component_ref idref="oc-20"/>
      </symbol>
      <symbol id="sm-45d">
         <name>__TI_decompress_lzss</name>
         <value>0x3211</value>
         <object_component_ref idref="oc-1c"/>
      </symbol>
      <symbol id="sm-46b">
         <name>__TI_doflush</name>
         <value>0x3c55</value>
         <object_component_ref idref="oc-2a3"/>
      </symbol>
      <symbol id="sm-476">
         <name>__TI_cleanup</name>
         <value>0x41c9</value>
         <object_component_ref idref="oc-32a"/>
      </symbol>
      <symbol id="sm-483">
         <name>fseek</name>
         <value>0x4d6f</value>
         <object_component_ref idref="oc-2e0"/>
      </symbol>
      <symbol id="sm-484">
         <name>fseeko</name>
         <value>0x3585</value>
         <object_component_ref idref="oc-323"/>
      </symbol>
      <symbol id="sm-490">
         <name>__TI_closefile</name>
         <value>0x32f5</value>
         <object_component_ref idref="oc-351"/>
      </symbol>
      <symbol id="sm-498">
         <name>HOSTexit</name>
         <value>0x4d4f</value>
         <object_component_ref idref="oc-134"/>
      </symbol>
      <symbol id="sm-499">
         <name>C$$EXIT</name>
         <value>0x4d4e</value>
         <object_component_ref idref="oc-134"/>
      </symbol>
      <symbol id="sm-4a3">
         <name>write</name>
         <value>0x45ed</value>
         <object_component_ref idref="oc-29f"/>
      </symbol>
      <symbol id="sm-4a8">
         <name>_device</name>
         <value>0x200080f8</value>
         <object_component_ref idref="oc-333"/>
      </symbol>
      <symbol id="sm-4a9">
         <name>_stream</name>
         <value>0x20008170</value>
         <object_component_ref idref="oc-2eb"/>
      </symbol>
      <symbol id="sm-4b1">
         <name>remove</name>
         <value>0x4d77</value>
         <object_component_ref idref="oc-388"/>
      </symbol>
      <symbol id="sm-4bc">
         <name>lseek</name>
         <value>0x4569</value>
         <object_component_ref idref="oc-349"/>
      </symbol>
      <symbol id="sm-4c6">
         <name>close</name>
         <value>0x3905</value>
         <object_component_ref idref="oc-384"/>
      </symbol>
      <symbol id="sm-4d0">
         <name>unlink</name>
         <value>0x45c1</value>
         <object_component_ref idref="oc-3b0"/>
      </symbol>
      <symbol id="sm-4da">
         <name>HOSTclose</name>
         <value>0x4115</value>
         <object_component_ref idref="oc-360"/>
      </symbol>
      <symbol id="sm-4e4">
         <name>HOSTlseek</name>
         <value>0x3de5</value>
         <object_component_ref idref="oc-36c"/>
      </symbol>
      <symbol id="sm-4f2">
         <name>HOSTopen</name>
         <value>0x3785</value>
         <object_component_ref idref="oc-35a"/>
      </symbol>
      <symbol id="sm-4f3">
         <name>parmbuf</name>
         <value>0x2000af38</value>
         <object_component_ref idref="oc-397"/>
      </symbol>
      <symbol id="sm-4fd">
         <name>HOSTread</name>
         <value>0x3a15</value>
         <object_component_ref idref="oc-364"/>
      </symbol>
      <symbol id="sm-50e">
         <name>HOSTrename</name>
         <value>0x36bd</value>
         <object_component_ref idref="oc-376"/>
      </symbol>
      <symbol id="sm-51c">
         <name>HOSTunlink</name>
         <value>0x3fd9</value>
         <object_component_ref idref="oc-370"/>
      </symbol>
      <symbol id="sm-526">
         <name>HOSTwrite</name>
         <value>0x3a69</value>
         <object_component_ref idref="oc-368"/>
      </symbol>
      <symbol id="sm-534">
         <name>C$$IO$$</name>
         <value>0x433f</value>
         <object_component_ref idref="oc-390"/>
      </symbol>
      <symbol id="sm-535">
         <name>__TI_writemsg</name>
         <value>0x4315</value>
         <object_component_ref idref="oc-390"/>
      </symbol>
      <symbol id="sm-536">
         <name>__CIOBUF_</name>
         <value>0x2000ac00</value>
         <object_component_ref idref="oc-3b6"/>
      </symbol>
      <symbol id="sm-537">
         <name>__TI_readmsg</name>
         <value>0x44dd</value>
         <object_component_ref idref="oc-396"/>
      </symbol>
      <symbol id="sm-538">
         <name>_CIOBUF_</name>
         <value>0x2000ac00</value>
         <object_component_ref idref="oc-3b6"/>
      </symbol>
      <symbol id="sm-53e">
         <name>__aeabi_dadd</name>
         <value>0x100f</value>
         <object_component_ref idref="oc-1ab"/>
      </symbol>
      <symbol id="sm-53f">
         <name>__adddf3</name>
         <value>0x100f</value>
         <object_component_ref idref="oc-1ab"/>
      </symbol>
      <symbol id="sm-540">
         <name>__aeabi_dsub</name>
         <value>0x1005</value>
         <object_component_ref idref="oc-1ab"/>
      </symbol>
      <symbol id="sm-541">
         <name>__subdf3</name>
         <value>0x1005</value>
         <object_component_ref idref="oc-1ab"/>
      </symbol>
      <symbol id="sm-547">
         <name>__aeabi_f2d</name>
         <value>0x4271</value>
         <object_component_ref idref="oc-1b3"/>
      </symbol>
      <symbol id="sm-548">
         <name>__extendsfdf2</name>
         <value>0x4271</value>
         <object_component_ref idref="oc-1b3"/>
      </symbol>
      <symbol id="sm-54e">
         <name>__aeabi_d2uiz</name>
         <value>0x3f95</value>
         <object_component_ref idref="oc-1af"/>
      </symbol>
      <symbol id="sm-54f">
         <name>__fixunsdfsi</name>
         <value>0x3f95</value>
         <object_component_ref idref="oc-1af"/>
      </symbol>
      <symbol id="sm-555">
         <name>__aeabi_ui2d</name>
         <value>0x4831</value>
         <object_component_ref idref="oc-1a5"/>
      </symbol>
      <symbol id="sm-556">
         <name>__floatunsidf</name>
         <value>0x4831</value>
         <object_component_ref idref="oc-1a5"/>
      </symbol>
      <symbol id="sm-55c">
         <name>__aeabi_d2f</name>
         <value>0x3365</value>
         <object_component_ref idref="oc-283"/>
      </symbol>
      <symbol id="sm-55d">
         <name>__truncdfsf2</name>
         <value>0x3365</value>
         <object_component_ref idref="oc-283"/>
      </symbol>
      <symbol id="sm-567">
         <name>__aeabi_ddiv</name>
         <value>0x4d57</value>
         <object_component_ref idref="oc-218"/>
      </symbol>
      <symbol id="sm-570">
         <name>__aeabi_dmul</name>
         <value>0x4d5b</value>
         <object_component_ref idref="oc-212"/>
      </symbol>
      <symbol id="sm-576">
         <name>__aeabi_uldivmod</name>
         <value>0x4acd</value>
         <object_component_ref idref="oc-2b3"/>
      </symbol>
      <symbol id="sm-57c">
         <name>__aeabi_memcpy</name>
         <value>0x4d7d</value>
         <object_component_ref idref="oc-62"/>
      </symbol>
      <symbol id="sm-57d">
         <name>__aeabi_memcpy4</name>
         <value>0x4d7d</value>
         <object_component_ref idref="oc-62"/>
      </symbol>
      <symbol id="sm-57e">
         <name>__aeabi_memcpy8</name>
         <value>0x4d7d</value>
         <object_component_ref idref="oc-62"/>
      </symbol>
      <symbol id="sm-584">
         <name>__aeabi_memset</name>
         <value>0x4b99</value>
         <object_component_ref idref="oc-a3"/>
      </symbol>
      <symbol id="sm-585">
         <name>__aeabi_memset4</name>
         <value>0x4b99</value>
         <object_component_ref idref="oc-a3"/>
      </symbol>
      <symbol id="sm-586">
         <name>__aeabi_memset8</name>
         <value>0x4b99</value>
         <object_component_ref idref="oc-a3"/>
      </symbol>
      <symbol id="sm-587">
         <name>__aeabi_memclr</name>
         <value>0x4ba3</value>
         <object_component_ref idref="oc-a3"/>
      </symbol>
      <symbol id="sm-588">
         <name>__aeabi_memclr4</name>
         <value>0x4ba3</value>
         <object_component_ref idref="oc-a3"/>
      </symbol>
      <symbol id="sm-589">
         <name>__aeabi_memclr8</name>
         <value>0x4ba3</value>
         <object_component_ref idref="oc-a3"/>
      </symbol>
      <symbol id="sm-58f">
         <name>__udivmoddi4</name>
         <value>0x2725</value>
         <object_component_ref idref="oc-2f2"/>
      </symbol>
      <symbol id="sm-595">
         <name>__muldf3</name>
         <value>0x1fe9</value>
         <object_component_ref idref="oc-26f"/>
      </symbol>
      <symbol id="sm-59b">
         <name>__divdf3</name>
         <value>0x1925</value>
         <object_component_ref idref="oc-279"/>
      </symbol>
      <symbol id="sm-5a5">
         <name>__aeabi_ldiv0</name>
         <value>0x2723</value>
         <object_component_ref idref="oc-337"/>
      </symbol>
      <symbol id="sm-5b5">
         <name>finddevice</name>
         <value>0x453d</value>
         <object_component_ref idref="oc-3c2"/>
      </symbol>
      <symbol id="sm-5b6">
         <name>getdevice</name>
         <value>0x35ed</value>
         <object_component_ref idref="oc-3b9"/>
      </symbol>
      <symbol id="sm-5bd">
         <name>strcmp</name>
         <value>0x8e9</value>
         <object_component_ref idref="oc-3c5"/>
      </symbol>
      <symbol id="sm-5c5">
         <name>TI_memcpy_small</name>
         <value>0x4b85</value>
         <object_component_ref idref="oc-c0"/>
      </symbol>
      <symbol id="sm-5cd">
         <name>TI_memset_small</name>
         <value>0x4c9f</value>
         <object_component_ref idref="oc-fa"/>
      </symbol>
      <symbol id="sm-5ce">
         <name>__TI_static_base__</name>
         <value>0x0</value>
      </symbol>
      <symbol id="sm-5d1">
         <name>__mpu_init</name>
         <value>0x0</value>
      </symbol>
      <symbol id="sm-5d2">
         <name>_system_post_cinit</name>
         <value>0x0</value>
      </symbol>
   </symbol_table>
   <title>Link successful</title>
</link_info>
