******************************************************************************
            TI ARM Clang Linker PC v5.1.1                      
******************************************************************************
>> Linked Fri Aug  7 02:05:15 2026

OUTPUT FILE NAME:   <testbench.out>
ENTRY POINT SYMBOL: "_c_int00_noargs"  address: 000043b1


MEMORY CONFIGURATION

         name            origin    length      used     unused   attr    fill
----------------------  --------  ---------  --------  --------  ----  --------
  FLASH_BANK0           00000000   00040000  00004e60  0003b1a0  RWIX
  FLASH_BANK1           00040000   00040000  00000000  00040000  RWIX
  RAM_C                 00c18000   00008000  00000040  00007fc0  RWIX
  RAM_S                 20000000   00018000  0000af45  0000d0bb  RWIX
  BCR_CONFIG            60100800   00000150  00000000  00000150  RWIX
  BSL_CONFIG            60100c00   00000050  00000000  00000050  RWIX
  EPI_SDRAM_CODE        80000000   00010000  00000000  00010000  RWIX
  EPI_SDRAM_DATA        80020000   00001000  00000000  00001000  RWIX


SEGMENT ALLOCATION MAP

run origin  load origin   length   init length attrs members
----------  ----------- ---------- ----------- ----- -------
00000000    00000000    00000898   00000898    r--
  00000000    00000000    00000100   00000100    r-- .intvecs
  00000100    00000100    00000798   00000798    r-- .rodata
000008e0    000008e0    00004588   00004588    r-x
  000008e0    000008e0    000044c0   000044c0    r-x .text
  00004da0    00004da0    000000b8   000000b8    r-- .cinit
  00004e58    00004e58    00000010   00000010    r-- .binit
00c18000    00000898    00000040   00000040    r-x
  00c18000    00000898    00000040   00000040    r-x .TI.ramfunc
20000000    20000000    0000af48   00000000    rw-
  20000000    20000000    0000827d   00000000    rw- .data
  20008280    20008280    00001000   00000000    rw- .stack
  20009280    20009280    00001000   00000000    rw- .sysmem
  2000a280    2000a280    00000cc8   00000000    rw- .bss


SECTION ALLOCATION MAP

 output                                  attributes/
section   page    origin      length       input sections
--------  ----  ----------  ----------   ----------------
.intvecs   0    00000000    00000100     
                  00000000    00000100     libam13e230x_m33_ti_arm_clang.a : startup_ti_arm_clang.c.obj (.intvecs)

.rodata    0    00000100    00000798     
                  00000100    00000200     protocol.o (.rodata.crc16_ccitt_table)
                  00000300    000000a8     protocol_app_interface.o (.rodata.protocol_app_if_callback_list)
                  000003a8    00000088     hsadc.o (.rodata.adc_sampling_rate_map)
                  00000430    00000064     libdriverlib_ti_sdk_cfg_default_m33_ti_arm_clang.a : dl_sysctl.c.obj (.rodata.str1.9771586710076178345.1)
                  00000494    00000062                                                        : dl_ecap.c.obj (.rodata.str1.12699008888836866327.1)
                  000004f6    00000061                                                        : dl_adc.c.obj (.rodata.str1.1200506113571057252.1)
                  00000557    00000061                                                        : dl_adc.c.obj (.rodata.str1.4834735705013660223.1)
                  000005b8    00000034     ti_sdk_dl_config.o (.rodata.gCAPTURE_ECAP0Config)
                  000005ec    00000034     ti_sdk_dl_config.o (.rodata.gCAPTURE_ECAP1Config)
                  00000620    00000020     pwm.o (.rodata.cst32)
                  00000640    0000001c     ti_sdk_dl_config.o (.rodata.gHSADC_TRIGGER_PWM_EventTriggerConfig)
                  0000065c    0000001c     ti_sdk_dl_config.o (.rodata.gSYSPLLConfig)
                  00000678    00000018     libdriverlib_ti_sdk_cfg_default_m33_ti_arm_clang.a : dl_mcpwm.c.obj (.rodata..Lswitch.table.DL_MCPWM_configureActionQualifierActions.11)
                  00000690    00000018                                                        : dl_mcpwm.c.obj (.rodata..Lswitch.table.DL_MCPWM_configureActionQualifierActions.5)
                  000006a8    00000018                                                        : dl_unicomm.c.obj (.rodata.UC2_Inst)
                  000006c0    00000018                                                        : dl_unicomm.c.obj (.rodata.UC4_Inst)
                  000006d8    00000018     ti_sdk_dl_config.o (.rodata.gHSADC_DMAConfig)
                  000006f0    00000016     ti_sdk_dl_config.o (.rodata.gHSADC_TRIGGER_PWM_LoadModeConfig)
                  00000706    00000016     ti_sdk_dl_config.o (.rodata.gPWM_CH0_LoadModeConfig)
                  0000071c    00000016     ti_sdk_dl_config.o (.rodata.gPWM_CH1_LoadModeConfig)
                  00000732    00000016     ti_sdk_dl_config.o (.rodata.gPWM_CH2_LoadModeConfig)
                  00000748    00000016     ti_sdk_dl_config.o (.rodata.gPWM_CH3_LoadModeConfig)
                  0000075e    00000011     libc.a : _printfi.c.obj (.rodata.str1.15363888844622738466.1)
                  0000076f    00000001     --HOLE-- [fill = 0]
                  00000770    00000010     ti_sdk_dl_config.o (.rodata.gHSADC_TRIGGER_PWM_CounterCompareConfig)
                  00000780    00000010     ti_sdk_dl_config.o (.rodata.gHSADC_TRIGGER_PWM_TimeBaseConfig)
                  00000790    00000010     ti_sdk_dl_config.o (.rodata.gPWM_CH0_CounterCompareConfig)
                  000007a0    00000010     ti_sdk_dl_config.o (.rodata.gPWM_CH0_TimeBaseConfig)
                  000007b0    00000010     ti_sdk_dl_config.o (.rodata.gPWM_CH1_CounterCompareConfig)
                  000007c0    00000010     ti_sdk_dl_config.o (.rodata.gPWM_CH1_TimeBaseConfig)
                  000007d0    00000010     ti_sdk_dl_config.o (.rodata.gPWM_CH2_CounterCompareConfig)
                  000007e0    00000010     ti_sdk_dl_config.o (.rodata.gPWM_CH2_TimeBaseConfig)
                  000007f0    00000010     ti_sdk_dl_config.o (.rodata.gPWM_CH3_CounterCompareConfig)
                  00000800    00000010     ti_sdk_dl_config.o (.rodata.gPWM_CH3_TimeBaseConfig)
                  00000810    00000010     protocol_app_interface.o (.rodata.str1.3638795161258545313.1)
                  00000820    0000000c     ti_sdk_dl_config.o (.rodata.gHSADC_SEQ1_SeqNConfig)
                  0000082c    0000000b     protocol_app_interface.o (.rodata.str1.11033561301840170704.1)
                  00000837    0000000b     protocol_app_interface.o (.rodata.str1.9351703080602949693.1)
                  00000842    0000000a     ti_sdk_dl_config.o (.rodata.gRS485_UART_Config)
                  0000084c    0000000a     ti_sdk_dl_config.o (.rodata.gUSER_UART_Config)
                  00000856    00000008     protocol_app_interface.o (.rodata.str1.17098036574031987664.1)
                  0000085e    00000007     ti_sdk_dl_config.o (.rodata.gHSADC_TRIGGER_PWM_ActionQualifierActions_PWM1A)
                  00000865    00000007     ti_sdk_dl_config.o (.rodata.gPWM_CH0_ActionQualifierActions_PWM1A)
                  0000086c    00000007     ti_sdk_dl_config.o (.rodata.gPWM_CH1_ActionQualifierActions_PWM1B)
                  00000873    00000007     ti_sdk_dl_config.o (.rodata.gPWM_CH2_ActionQualifierActions_PWM3A)
                  0000087a    00000007     ti_sdk_dl_config.o (.rodata.gPWM_CH3_ActionQualifierActions_PWM2A)
                  00000881    00000005     protocol_app_interface.o (.rodata.str1.17903635297661635722.1)
                  00000886    00000003     ti_sdk_dl_config.o (.rodata.gHSADC_DMAINT1_IntNConfig)
                  00000889    00000003     libti_sdk_cfg_default_m33_ti_arm_clang.a : device_init_m33.c.obj (.rodata.str1.9445915351233533749.1)
                  0000088c    00000002     ti_sdk_dl_config.o (.rodata.gHSADC_SOC0_SocConfig)
                  0000088e    00000002     ti_sdk_dl_config.o (.rodata.gHSADC_SOC1_SocConfig)
                  00000890    00000002     ti_sdk_dl_config.o (.rodata.gRS485_UART_ClockConfig)
                  00000892    00000002     ti_sdk_dl_config.o (.rodata.gUSER_UART_ClockConfig)
                  00000894    00000004     --HOLE-- [fill = 0]

.TI.ramfunc 
*          0    00000898    00000040     RUN ADDR = 00c18000
                  00000898    0000003c     libdriverlib_ti_sdk_cfg_default_m33_ti_arm_clang.a : dl_fri.c.obj (.TI.ramfunc)
                  000008d4    00000004     --HOLE-- [fill = 0]

.text      0    000008e0    000044c0     
                  000008e0    000002dc     libc.a : strcmp_t2.S.obj (.text:strcmp)
                  00000bbc    00000254            : _printfi.c.obj (.text:__TI_printfi_minimal)
                  00000e10    000001f4     user_uart.o (.text.UART_consecutive_transfer_start)
                  00001004    000001b6     libclang_rt.builtins.a : adddf3.S.obj (.text)
                  000011ba    00000002     capture.o (.text.Capture_init)
                  000011bc    00000194     user_uart.o (.text.UART_apply_configuration)
                  00001350    00000188     protocol.o (.text.protocol_process)
                  000014d8    0000017c     libdriverlib_ti_sdk_cfg_default_m33_ti_arm_clang.a : dl_ecap.c.obj (.text.DL_ECAP_init)
                  00001654    0000016a                                                        : dl_mcpwm.c.obj (.text.DL_MCPWM_configureActionQualifierActions)
                  000017be    00000164     ti_sdk_dl_config.o (.text.SYSCFG_DL_initPower)
                  00001922    00000002     clocks.o (.text.Clocks_init)
                  00001924    0000014c     libclang_rt.builtins.a : divdf3.S.obj (.text)
                  00001a70    0000012e     protocol_app_interface.o (.text.capture_get_data)
                  00001b9e    00000002     user_uart.o (.text.UART_consecutive_transfer_stop)
                  00001ba0    00000128     pwm.o (.text.pwm_configure)
                  00001cc8    0000011e     libdriverlib_ti_sdk_cfg_default_m33_ti_arm_clang.a : dl_mcpwm.c.obj (.text.DL_MCPWM_configureLoadMode)
                  00001de6    00000102                                                        : dl_adc.c.obj (.text.DL_ADC_sequencerInit)
                  00001ee8    00000100     libc.a : memory.c.obj (.text.aligned_alloc)
                  00001fe8    000000fc     libclang_rt.builtins.a : muldf3.S.obj (.text)
                  000020e4    000000f8     protocol_app_interface.o (.text.uart_read)
                  000021dc    000000f0     protocol.o (.text.protocol_handle_rx_byte)
                  000022cc    000000e8     libc.a : fputs.c.obj (.text.fputs)
                  000023b4    000000e6     libdriverlib_ti_sdk_cfg_default_m33_ti_arm_clang.a : dl_mcpwm.c.obj (.text.DL_MCPWM_configureCounterCompare)
                  0000249a    00000002     user_uart.o (.text.UART_stop)
                  0000249c    000000dc     libc.a : memory.c.obj (.text.free)
                  00002578    000000d8            : setvbuf.c.obj (.text.setvbuf)
                  00002650    000000d2     libdriverlib_ti_sdk_cfg_default_m33_ti_arm_clang.a : dl_mcpwm.c.obj (.text.DL_MCPWM_configureEventTrigger)
                  00002722    00000002     libclang_rt.builtins.a : aeabi_div0.c.obj (.text.__aeabi_ldiv0)
                  00002724    000000b0                            : udivmoddi4.S.obj (.text)
                  000027d4    0000009a     ti_sdk_dl_config.o (.text.SYSCFG_DL_HSADC_init)
                  0000286e    00000002     libc.a : _lock.c.obj (.text._nop)
                  00002870    0000009a     user_uart.o (.text.UART_transfer_till_read_count)
                  0000290a    00000094     libdriverlib_ti_sdk_cfg_default_m33_ti_arm_clang.a : dl_mcpwm.c.obj (.text.DL_MCPWM_configureTimeBase)
                  0000299e    00000002     --HOLE-- [fill = 0]
                  000029a0    00000094     user_uart.o (.text.UART_transfer_until_char)
                  00002a34    00000092     libdriverlib_ti_sdk_cfg_default_m33_ti_arm_clang.a : dl_sysctl.c.obj (.text.DL_SYSCTL_configSYSPLL)
                  00002ac6    00000092     ti_sdk_dl_config.o (.text.SYSCFG_DL_RS485_UART_init)
                  00002b58    00000092     ti_sdk_dl_config.o (.text.SYSCFG_DL_USER_UART_init)
                  00002bea    00000090     protocol_app_interface.o (.text.uart_single_transfer)
                  00002c7a    00000006     libam13e230x_m33_ti_arm_clang.a : startup_ti_arm_clang.c.obj (.text.Reset_Handler)
                  00002c80    00000088     hsadc.o (.text.HSADC_set_sampling_rate)
                  00002d08    00000088     libc.a : fputc.c.obj (.text.fputc)
                  00002d90    00000088     protocol_app_interface.o (.text.pwm_set_config)
                  00002e18    00000082     user_uart.o (.text.UART_read_until_char)
                  00002e9a    00000002     --HOLE-- [fill = 0]
                  00002e9c    00000082     protocol_app_interface.o (.text.uart_read_buffer_get)
                  00002f1e    00000002     --HOLE-- [fill = 0]
                  00002f20    00000080     capture.o (.text.Capture_stop)
                  00002fa0    00000080     ti_sdk_dl_config.o (.text.SYSCFG_DL_SYSCTL_CLK_init)
                  00003020    0000007e     protocol_app_interface.o (.text.uart_put_into_write_buffer)
                  0000309e    0000007c     libti_sdk_cfg_default_m33_ti_arm_clang.a : device_init_m33.c.obj (.text.Device_InitPrepareHw)
                  0000311a    00000002     --HOLE-- [fill = 0]
                  0000311c    0000007c     user_uart.o (.text.UART_read_till_count)
                  00003198    00000078     protocol_app_interface.o (.text.get_device_info)
                  00003210    00000074     libc.a : copy_decompress_lzss.c.obj (.text:decompress:lzss)
                  00003284    00000070     libdriverlib_ti_sdk_cfg_default_m33_ti_arm_clang.a : dl_adc.c.obj (.text.DL_ADC_dmaInterruptInit)
                  000032f4    00000070     libc.a : fclose.c.obj (.text.__TI_closefile)
                  00003364    0000006e     libclang_rt.builtins.a : truncdfsf2.S.obj (.text)
                  000033d2    00000002     --HOLE-- [fill = 0]
                  000033d4    0000006c     pwm.o (.text.PWM_init)
                  00003440    0000006c     libc.a : memory.c.obj (.text.split)
                  000034ac    0000006a     user_uart.o (.text.UC2_IRQHandler)
                  00003516    00000002     --HOLE-- [fill = 0]
                  00003518    0000006a     protocol_app_interface.o (.text.hsadc_get_samples)
                  00003582    00000002     --HOLE-- [fill = 0]
                  00003584    00000068     libc.a : fseek.c.obj (.text.fseeko)
                  000035ec    00000068            : getdevice.c.obj (.text.getdevice)
                  00003654    00000066     libarch_ti_sdk_cfg_default_m33_ti_arm_clang.a : arch_interrupt.c.obj (.text.Arch_Interrupt_Init)
                  000036ba    00000002     --HOLE-- [fill = 0]
                  000036bc    00000064     libsysbm.a : hostrename.c.obj (.text.HOSTrename)
                  00003720    00000062     protocol_app_interface.o (.text.uart_write)
                  00003782    00000002     --HOLE-- [fill = 0]
                  00003784    00000060     libsysbm.a : hostopen.c.obj (.text.HOSTopen)
                  000037e4    00000060     ti_sdk_dl_config.o (.text.SYSCFG_DL_HSADC_TRIGGER_PWM_init)
                  00003844    00000060     libc.a : _io_perm.c.obj (.text.__TI_wrt_ok)
                  000038a4    00000060            : printf.c.obj (.text.printf)
                  00003904    0000005c     libsysbm.a : close.c.obj (.text.close)
                  00003960    0000005a     clocks.o (.text.Clocks_get_time_us)
                  000039ba    00000058     protocol_app_interface.o (.text.uart_configure_consecutive_transfer_instance)
                  00003a12    00000002     --HOLE-- [fill = 0]
                  00003a14    00000054     libsysbm.a : hostread.c.obj (.text.HOSTread)
                  00003a68    00000054                : hostwrite.c.obj (.text.HOSTwrite)
                  00003abc    00000052     ti_sdk_dl_config.o (.text.SYSCFG_DL_PWM_CH1_init)
                  00003b0e    00000052     ti_sdk_dl_config.o (.text.SYSCFG_DL_PWM_CH2_init)
                  00003b60    00000052     ti_sdk_dl_config.o (.text.SYSCFG_DL_PWM_CH3_init)
                  00003bb2    00000052     ti_sdk_dl_config.o (.text.SYSCFG_DL_init)
                  00003c04    00000050     ti_sdk_dl_config.o (.text.SYSCFG_DL_PWM_CH0_init)
                  00003c54    00000050     libc.a : fflush.c.obj (.text.__TI_doflush)
                  00003ca4    00000050            : cpy_tbl.c.obj (.text.copy_in)
                  00003cf4    00000050     protocol_app_interface.o (.text.ping_device)
                  00003d44    0000004e     libdriverlib_ti_sdk_cfg_default_m33_ti_arm_clang.a : dl_unicommuart.c.obj (.text.DL_UART_init)
                  00003d92    00000002     --HOLE-- [fill = 0]
                  00003d94    0000004e     protocol_app_interface.o (.text.uart_consecutive_transfer_instance_write_bytes)
                  00003de2    00000002     --HOLE-- [fill = 0]
                  00003de4    0000004c     libsysbm.a : hostlseek.c.obj (.text.HOSTlseek)
                  00003e30    0000004a     libdriverlib_ti_sdk_cfg_default_m33_ti_arm_clang.a : dl_adc.c.obj (.text.DL_ADC_socInit)
                  00003e7a    00000002     --HOLE-- [fill = 0]
                  00003e7c    00000048     hsadc.o (.text.HSADC_acquire)
                  00003ec4    00000046     libdriverlib_ti_sdk_cfg_default_m33_ti_arm_clang.a : dl_sysctl.c.obj (.text.DL_SYSCTL_setHFCLKSourceXTAL)
                  00003f0a    00000044                                                        : dl_dma.c.obj (.text.DL_DMA_initChannel)
                  00003f4e    00000002     --HOLE-- [fill = 0]
                  00003f50    00000044     libc.a : autoinit.c.obj (.text:__TI_auto_init_nopinit)
                  00003f94    00000044     libclang_rt.builtins.a : fixunsdfsi.S.obj (.text)
                  00003fd8    00000040     libsysbm.a : hostunlink.c.obj (.text.HOSTunlink)
                  00004018    00000040     ti_sdk_dl_config.o (.text.SYSCFG_DL_HSADC_DMA_init)
                  00004058    0000003e     hsadc.o (.text.HSADC_init)
                  00004096    0000003e     libutils_nortos_ti_sdk_cfg_default_m33_ti_arm_clang.a : log.c.obj (.text.Log_RegisterOutput)
                  000040d4    0000003e     protocol_app_interface.o (.text.uart_consecutive_transfer_instance_read_bytes)
                  00004112    00000002     --HOLE-- [fill = 0]
                  00004114    0000003c     libsysbm.a : hostclose.c.obj (.text.HOSTclose)
                  00004150    0000003c     user_uart.o (.text.UART_consecutive_transfer_write_byte)
                  0000418c    0000003c     protocol_app_interface.o (.text.protocol_uart_send)
                  000041c8    00000038     libc.a : fopen.c.obj (.text.__TI_cleanup)
                  00004200    00000038     protocol_app_interface.o (.text.capture_control)
                  00004238    00000038     protocol_app_interface.o (.text.uart_consecutive_transfer_instance_get_read_count_and_status)
                  00004270    00000038     libclang_rt.builtins.a : extendsfdf2.S.obj (.text)
                  000042a8    00000036     capture.o (.text.ECAP0_IRQHandler)
                  000042de    00000036     protocol_app_interface.o (.text.protocol_app_interface_init)
                  00004314    00000034     libsysbm.a : trgmsg.c.obj (.text.__TI_writemsg)
                  00004348    00000034     protocol_app_interface.o (.text.uart_configure)
                  0000437c    00000034     protocol_app_interface.o (.text.uart_consecutive_transfers_configure)
                  000043b0    00000034     libc.a : boot_cortex_m.c.obj (.text:_c_int00_noargs)
                  000043e4    00000032     libdriverlib_ti_sdk_cfg_default_m33_ti_arm_clang.a : dl_sysctl.c.obj (.text.DL_SYSCTL_switchMCLKfromSYSOSCtoHSCLK)
                  00004416    00000032     ti_sdk_dl_config.o (.text.SYSCFG_DL_FLASH_init)
                  00004448    00000032     ti_sdk_dl_config.o (.text.SYSCFG_DL_Pinmux_init)
                  0000447a    00000032     user_uart.o (.text.UART_init)
                  000044ac    00000030     user_uart.o (.text.UART_write)
                  000044dc    00000030     libsysbm.a : trgmsg.c.obj (.text.__TI_readmsg)
                  0000450c    00000030     libc.a : exit.c.obj (.text.exit)
                  0000453c    0000002c            : getdevice.c.obj (.text.finddevice)
                  00004568    0000002c     libsysbm.a : lseek.c.obj (.text.lseek)
                  00004594    0000002c     libc.a : strstr.c.obj (.text.strstr)
                  000045c0    0000002c     libsysbm.a : unlink.c.obj (.text.unlink)
                  000045ec    0000002c                : write.c.obj (.text.write)
                  00004618    0000002a     hsadc.o (.text.DMA0_IRQHandler)
                  00004642    00000028     protocol_app_interface.o (.text.UC4_IRQHandler)
                  0000466a    00000002     --HOLE-- [fill = 0]
                  0000466c    00000028     libc.a : memory.c.obj (.text.free_list_insert)
                  00004694    00000026     clocks.o (.text.Clocks_wait_us_precise)
                  000046ba    00000002     --HOLE-- [fill = 0]
                  000046bc    00000026     main.o (.text.main)
                  000046e2    00000024     libarch_ti_sdk_cfg_default_m33_ti_arm_clang.a : arch_counter.c.obj (.text.Arch_Counter_Init)
                  00004706    00000022     capture.o (.text.Capture_start)
                  00004728    00000022     libti_sdk_cfg_default_m33_ti_arm_clang.a : device_init.c.obj (.text.Device_Init)
                  0000474a    00000022     user_uart.o (.text.UART_reset_read_buffer)
                  0000476c    00000022     libc.a : memccpy.c.obj (.text.memccpy)
                  0000478e    00000022     protocol_app_interface.o (.text.uart_consecutive_transfer_start)
                  000047b0    00000020     libutils_nortos_ti_sdk_cfg_default_m33_ti_arm_clang.a : log.c.obj (.text.Log_Init)
                  000047d0    00000020     ti_sdk_dl_config.o (.text.SYSCFG_DL_INTERRUPT_init)
                  000047f0    00000020     ti_sdk_dl_config.o (.text.SYSCFG_DL_SYSTICK_init)
                  00004810    00000020     user_uart.o (.text.UART_reset_write_buffer)
                  00004830    00000020     libclang_rt.builtins.a : floatunsidf.S.obj (.text)
                  00004850    0000001e     ti_sdk_dl_config.o (.text.SYSCFG_DL_DMA0_init)
                  0000486e    0000001e     user_uart.o (.text.UART_receive_stop)
                  0000488c    0000001e     protocol_app_interface.o (.text.hsadc_configure)
                  000048aa    0000001c     libti_sdk_cfg_default_m33_ti_arm_clang.a : device_init_m33.c.obj (.text.Device_InitSetupSw)
                  000048c6    00000002     --HOLE-- [fill = 0]
                  000048c8    0000001c     pwm.o (.text.PWM_disable)
                  000048e4    0000001c     user_uart.o (.text.UART_receive_start)
                  00004900    0000001c     user_uart.o (.text.UART_start)
                  0000491c    0000001c     libc.a : memory.c.obj (.text.free_list_remove)
                  00004938    0000001c     protocol_app_interface.o (.text.hsadc_control)
                  00004954    0000001c     protocol.o (.text.protocol_init)
                  00004970    00000018     pwm.o (.text.PWM_enable)
                  00004988    00000018     clocks.o (.text.SysTick_Handler)
                  000049a0    00000018     user_uart.o (.text.UART_consecutive_transfer_get_status)
                  000049b8    00000018     protocol_app_interface.o (.text.protocol_app_interface_process)
                  000049d0    00000016     hsadc.o (.text.HSADC_get_sample)
                  000049e6    00000016     pwm.o (.text.PWM_set_frequency)
                  000049fc    00000016     user_uart.o (.text.UART_consecutive_transfer_get_read_count)
                  00004a12    00000016     user_uart.o (.text.UART_consecutive_transfer_read_byte)
                  00004a28    00000016     user_uart.o (.text.UART_consecutive_transfer_set_pause_time)
                  00004a3e    00000016     user_uart.o (.text.UART_consecutive_transfer_set_timeout)
                  00004a54    00000014     libdriverlib_ti_sdk_cfg_default_m33_ti_arm_clang.a : dl_unicommuart.c.obj (.text.DL_UART_receiveDataBlocking)
                  00004a68    00000014     pwm.o (.text.PWM_set_duty)
                  00004a7c    00000014     ti_sdk_dl_config.o (.text.SYSCFG_DL_CAPTURE_ECAP1_init)
                  00004a90    00000014     user_uart.o (.text.UART_consecutive_transfer_set_target_read_count)
                  00004aa4    00000014     user_uart.o (.text.UART_consecutive_transfer_set_write_count)
                  00004ab8    00000014     user_uart.o (.text.UART_put_write_buffer)
                  00004acc    00000014     libclang_rt.builtins.a : aeabi_uldivmod.S.obj (.text)
                  00004ae0    00000012     capture.o (.text.Capture_get_duty_cycle)
                  00004af2    00000012     capture.o (.text.Capture_get_frequency)
                  00004b04    00000012     capture.o (.text.Capture_get_off_time_ns)
                  00004b16    00000012     capture.o (.text.Capture_get_on_time_ns)
                  00004b28    00000012     capture.o (.text.Capture_get_period_ns)
                  00004b3a    00000002     --HOLE-- [fill = 0]
                  00004b3c    00000012     libdriverlib_ti_sdk_cfg_default_m33_ti_arm_clang.a : dl_unicommuart.c.obj (.text.DL_UART_transmitDataBlocking)
                  00004b4e    00000012     ti_sdk_dl_config.o (.text.SYSCFG_DL_CAPTURE_ECAP0_init)
                  00004b60    00000012     ti_sdk_dl_config.o (.text.SYSCFG_DL_INPUTXBAR_init)
                  00004b72    00000012     libc.a : fputs.c.obj (.text.memchr)
                  00004b84    00000012            : memcpy_t2.S.obj (.text:TI_memcpy_small)
                  00004b96    00000002     --HOLE-- [fill = 0]
                  00004b98    00000012     libclang_rt.builtins.a : aeabi_memset.S.obj (.text)
                  00004baa    00000010     libdriverlib_ti_sdk_cfg_default_m33_ti_arm_clang.a : dl_unicommuart.c.obj (.text.DL_UART_setClockConfig)
                  00004bba    00000010     user_uart.o (.text.UART_increment_write_count)
                  00004bca    00000010     libc.a : copy_zero_init.c.obj (.text:decompress:ZI)
                  00004bda    0000000e     libti_sdk_cfg_default_m33_ti_arm_clang.a : device_init_m33.c.obj (.text.Device_LogStringPrintf)
                  00004be8    0000000e     ti_sdk_dl_config.o (.text.SYSCFG_DL_SYSCTL_init)
                  00004bf6    0000000e     user_uart.o (.text.UART_consecutive_transfer_set_termination_char)
                  00004c04    0000000e     user_uart.o (.text.UART_set_baudrate)
                  00004c12    0000000e     user_uart.o (.text.UART_set_parity)
                  00004c20    0000000e     user_uart.o (.text.UART_set_read_timeout_us)
                  00004c2e    0000000e     user_uart.o (.text.UART_set_stop_bits)
                  00004c3c    0000000e     protocol_app_interface.o (.text.protocol_uart_send_byte)
                  00004c4a    0000000e     libsysbm.a : hostrename.c.obj (.text.strcpy)
                  00004c58    0000000e     libc.a : _printfi.c.obj (.text.strlen)
                  00004c66    0000000e            : fputs.c.obj (.text.strlen)
                  00004c74    0000000e     libsysbm.a : hostopen.c.obj (.text.strlen)
                  00004c82    0000000e                : hostrename.c.obj (.text.strlen)
                  00004c90    0000000e                : hostunlink.c.obj (.text.strlen)
                  00004c9e    0000000e     libc.a : memset_t2.S.obj (.text:TI_memset_small)
                  00004cac    0000000e            : copy_decompress_none.c.obj (.text:decompress:none)
                  00004cba    0000000c     libti_sdk_cfg_default_m33_ti_arm_clang.a : device_init_m33.c.obj (.text.Device_InitPrepareSw)
                  00004cc6    0000000c     libc.a : memory.c.obj (.text.OUTLINED_FUNCTION_0)
                  00004cd2    0000000c     user_uart.o (.text.UART_consecutive_transfer_set_termination_mode)
                  00004cde    0000000c     user_uart.o (.text.UART_consecutive_transfer_set_transfer_count)
                  00004cea    0000000c     user_uart.o (.text.UART_get_read_buffer)
                  00004cf6    0000000c     user_uart.o (.text.UART_get_read_count)
                  00004d02    0000000c     user_uart.o (.text.UART_get_status)
                  00004d0e    0000000c     user_uart.o (.text.UART_get_write_buffer)
                  00004d1a    00000002     --HOLE-- [fill = 0]
                  00004d1c    0000000c     libc.a : fputc.c.obj (.text.putchar)
                  00004d28    0000000a     libdriverlib_ti_sdk_cfg_default_m33_ti_arm_clang.a : dl_common.c.obj (.text.DL_Common_delayCycles)
                  00004d32    00000008     libc.a : memory.c.obj (.text.malloc)
                  00004d3a    00000006     protocol.o (.text.protocol_write_payload_byte)
                  00004d40    00000006     libc.a : exit.c.obj (.text:abort)
                  00004d46    00000004     libti_sdk_cfg_default_m33_ti_arm_clang.a : device_init_m33.c.obj (.text.Device_InitSetupHw)
                  00004d4a    00000004                                              : device_init_m33.c.obj (.text.Device_LogCharPutchar)
                  00004d4e    00000004     libsysbm.a : hostexit.c.obj (.text.HOSTexit)
                  00004d52    00000004     libutils_nortos_ti_sdk_cfg_default_m33_ti_arm_clang.a : log_nortos.c.obj (.text.Log_MsgCreateLock)
                  00004d56    00000004     libclang_rt.builtins.a : aeabi_ddiv.c.obj (.text.__aeabi_ddiv)
                  00004d5a    00000004                            : aeabi_dmul.c.obj (.text.__aeabi_dmul)
                  00004d5e    00000004     libdriverlib_ti_sdk_cfg_default_m33_ti_arm_clang.a : dl_common.c.obj (.text.__error__)
                  00004d62    00000004     libc.a : printf.c.obj (.text._outc)
                  00004d66    00000004            : printf.c.obj (.text._outs)
                  00004d6a    00000004            : pre_init.c.obj (.text._system_pre_init)
                  00004d6e    00000004            : fseek.c.obj (.text.fseek)
                  00004d72    00000004     protocol.o (.text.protocol_set_response_payload_length)
                  00004d76    00000004     libsysbm.a : remove.c.obj (.text.remove)
                  00004d7a    00000002     --HOLE-- [fill = 0]
                  00004d7c    00000004     libclang_rt.builtins.a : aeabi_memcpy.S.obj (.text)
                  00004d80    00000002     libam13e230x_m33_ti_arm_clang.a : startup_ti_arm_clang.c.obj (.text.Default_Handler)
                  00004d82    0000001e     --HOLE-- [fill = 0]

.cinit     0    00004da0    000000b8     
                  00004da0    00000092     (.cinit..data.load) [load image, compression = lzss]
                  00004e32    00000002     --HOLE-- [fill = 0]
                  00004e34    0000000c     (__TI_handler_table)
                  00004e40    00000008     (.cinit..bss.load) [load image, compression = zero_init]
                  00004e48    00000010     (__TI_cinit_table)

.data      0    20000000    0000827d     UNINITIALIZED
                  20000000    00008008     hsadc.o (.data.hsadc_context)
                  20008008    000000f0     libc.a : defs.c.obj (.data._ftable)
                  200080f8    00000078     libsysbm.a : host_device.c.obj (.data._device)
                  20008170    00000050                : host_device.c.obj (.data._stream)
                  200081c0    00000040     capture.o (.data.capture_channels)
                  20008200    00000040     pwm.o (.data.pwm_channels)
                  20008240    0000000a     user_uart.o (.data.USER_UART_Config)
                  2000824a    00000002     user_uart.o (.data.USER_UART_ClockConfig)
                  2000824c    00000008     libc.a : exit.c.obj (.data..L_MergedGlobals)
                  20008254    00000004     libutils_nortos_ti_sdk_cfg_default_m33_ti_arm_clang.a : log.c.obj (.data.Log_Obj.0)
                  20008258    00000008     clocks.o (.data.Clocks_systick_isr_count)
                  20008260    00000004     libutils_nortos_ti_sdk_cfg_default_m33_ti_arm_clang.a : log.c.obj (.data.Log_Obj.1)
                  20008264    00000004     libc.a : defs.c.obj (.data.__TI_ft_end)
                  20008268    00000004            : _lock.c.obj (.data._lock)
                  2000826c    00000004            : _lock.c.obj (.data._unlock)
                  20008270    00000004     hsadc.o (.data.hsadc_interrupt_count)
                  20008274    00000004     protocol_app_interface.o (.data.ping_counter_value)
                  20008278    00000001     libutils_nortos_ti_sdk_cfg_default_m33_ti_arm_clang.a : log.c.obj (.data.Log_Obj.2)
                  20008279    00000003     --HOLE--
                  2000827c    00000001     libc.a : memory.c.obj (.data.memory_is_initialized)

.stack     0    20008280    00001000     UNINITIALIZED
                  20008280    00000004     libc.a : boot_cortex_m.c.obj (.stack)
                  20008284    00000ffc     --HOLE--

.sysmem    0    20009280    00001000     UNINITIALIZED
                  20009280    00000010     libc.a : memory.c.obj (.sysmem)
                  20009290    00000ff0     --HOLE--

.bss       0    2000a280    00000cc8     UNINITIALIZED
                  2000a280    00000400     user_uart.o (.bss.UART_read_buffer)
                  2000a680    00000400     user_uart.o (.bss.UART_write_buffer)
                  2000aa80    00000180     user_uart.o (.bss.uart_consecutive_transfers)
                  2000ac00    00000120     libsysbm.a : trgmsg.c.obj (.bss:_CIOBUF_)
                  2000ad20    00000120     (.common:protocol_context)
                  2000ae40    000000a0     libc.a : defs.c.obj (.bss.__TI_tmpnams)
                  2000aee0    00000058     user_uart.o (.bss.user_uart)
                  2000af38    00000008     libsysbm.a : hostopen.c.obj (.bss.parmbuf)
                  2000af40    00000004     protocol_app_interface.o (.bss.capture_get_data.duty)
                  2000af44    00000004     libc.a : memory.c.obj (.bss.sys_free)

.binit     0    00004e58    00000010     
                  00004e58    00000010     (.binit)

.sdram_code 
*          0    80000000    00000000     UNINITIALIZED

__llvm_prf_cnts 
*          0    20000000    00000000     UNINITIALIZED

__llvm_prf_bits 
*          0    20000000    00000000     UNINITIALIZED

MODULE SUMMARY

       Module                       code    ro data   rw data
       ------                       ----    -------   -------
    .\
       hsadc.o                      334     136       32780  
       user_uart.o                  2210    0         2532   
       protocol_app_interface.o     2218    219       296    
       protocol.o                   670     512       0      
       pwm.o                        498     32        64     
       capture.o                    308     0         64     
       clocks.o                     154     0         8      
       main.o                       38      0         0      
    +--+----------------------------+-------+---------+---------+
       Total:                       6430    899       35744  
                                                             
    .\syscfg\
       ti_sdk_dl_config.o           1762    532       0      
    +--+----------------------------+-------+---------+---------+
       Total:                       1762    532       0      
                                                             
    C:/ti/am13e230x_sdk_26_01_00_03/build/am13e230x/lib/Debug/libam13e230x_m33_ti_arm_clang.a
       startup_ti_arm_clang.c.obj   8       256       0      
    +--+----------------------------+-------+---------+---------+
       Total:                       8       256       0      
                                                             
    C:/ti/am13e230x_sdk_26_01_00_03/build/am13e230x/lib/Debug/libarch_ti_sdk_cfg_default_m33_ti_arm_clang.a
       arch_interrupt.c.obj         102     0         0      
       arch_counter.c.obj           36      0         0      
    +--+----------------------------+-------+---------+---------+
       Total:                       138     0         0      
                                                             
    C:/ti/am13e230x_sdk_26_01_00_03/build/am13e230x/lib/Debug/libdriverlib_ti_sdk_cfg_default_m33_ti_arm_clang.a
       dl_mcpwm.c.obj               1236    48        0      
       dl_adc.c.obj                 444     194       0      
       dl_ecap.c.obj                380     98        0      
       dl_sysctl.c.obj              266     100       0      
       dl_unicommuart.c.obj         132     0         0      
       dl_fri.c.obj                 120     0         0      
       dl_dma.c.obj                 68      0         0      
       dl_unicomm.c.obj             0       48        0      
       dl_common.c.obj              14      0         0      
    +--+----------------------------+-------+---------+---------+
       Total:                       2660    488       0      
                                                             
    C:/ti/am13e230x_sdk_26_01_00_03/build/am13e230x/lib/Debug/libti_sdk_cfg_default_m33_ti_arm_clang.a
       device_init_m33.c.obj        186     3         0      
       device_init.c.obj            34      0         0      
    +--+----------------------------+-------+---------+---------+
       Total:                       220     3         0      
                                                             
    C:/ti/am13e230x_sdk_26_01_00_03/build/am13e230x/lib/Debug/libutils_nortos_ti_sdk_cfg_default_m33_ti_arm_clang.a
       log.c.obj                    94      0         9      
       log_nortos.c.obj             4       0         0      
    +--+----------------------------+-------+---------+---------+
       Total:                       98      0         9      
                                                             
    C:\ti\ccs2100\ccs\tools\compiler\ti-cgt-armllvm_5.1.1.LTS\lib\armv8m.main-ti-none-eabihf/dsp/c/libc.a
       strcmp_t2.S.obj              732     0         0      
       memory.c.obj                 672     0         5      
       _printfi.c.obj               610     17        0      
       defs.c.obj                   0       0         404    
       fputs.c.obj                  264     0         0      
       setvbuf.c.obj                216     0         0      
       fputc.c.obj                  148     0         0      
       getdevice.c.obj              148     0         0      
       copy_decompress_lzss.c.obj   116     0         0      
       fclose.c.obj                 112     0         0      
       fseek.c.obj                  108     0         0      
       printf.c.obj                 104     0         0      
       _io_perm.c.obj               96      0         0      
       cpy_tbl.c.obj                80      0         0      
       fflush.c.obj                 80      0         0      
       autoinit.c.obj               68      0         0      
       exit.c.obj                   54      0         8      
       fopen.c.obj                  56      0         0      
       boot_cortex_m.c.obj          52      0         0      
       strstr.c.obj                 44      0         0      
       memccpy.c.obj                34      0         0      
       memcpy_t2.S.obj              18      0         0      
       copy_zero_init.c.obj         16      0         0      
       copy_decompress_none.c.obj   14      0         0      
       memset_t2.S.obj              14      0         0      
       _lock.c.obj                  2       0         8      
       pre_init.c.obj               4       0         0      
    +--+----------------------------+-------+---------+---------+
       Total:                       3862    17        425    
                                                             
    C:\ti\ccs2100\ccs\tools\compiler\ti-cgt-armllvm_5.1.1.LTS\lib\armv8m.main-ti-none-eabihf/dsp/c/libsysbm.a
       trgmsg.c.obj                 100     0         288    
       host_device.c.obj            0       0         200    
       hostrename.c.obj             128     0         0      
       hostopen.c.obj               110     0         8      
       close.c.obj                  92      0         0      
       hostread.c.obj               84      0         0      
       hostwrite.c.obj              84      0         0      
       hostunlink.c.obj             78      0         0      
       hostlseek.c.obj              76      0         0      
       hostclose.c.obj              60      0         0      
       lseek.c.obj                  44      0         0      
       unlink.c.obj                 44      0         0      
       write.c.obj                  44      0         0      
       hostexit.c.obj               4       0         0      
       remove.c.obj                 4       0         0      
    +--+----------------------------+-------+---------+---------+
       Total:                       952     0         496    
                                                             
    C:\ti\ccs2100\ccs\tools\compiler\ti-cgt-armllvm_5.1.1.LTS\lib\armv8m.main-ti-none-eabihf/dsp/libclang_rt.builtins.a
       adddf3.S.obj                 438     0         0      
       divdf3.S.obj                 332     0         0      
       muldf3.S.obj                 252     0         0      
       udivmoddi4.S.obj             176     0         0      
       truncdfsf2.S.obj             110     0         0      
       fixunsdfsi.S.obj             68      0         0      
       extendsfdf2.S.obj            56      0         0      
       floatunsidf.S.obj            32      0         0      
       aeabi_uldivmod.S.obj         20      0         0      
       aeabi_memset.S.obj           18      0         0      
       aeabi_ddiv.c.obj             4       0         0      
       aeabi_dmul.c.obj             4       0         0      
       aeabi_memcpy.S.obj           4       0         0      
       aeabi_div0.c.obj             2       0         0      
    +--+----------------------------+-------+---------+---------+
       Total:                       1516    0         0      
                                                             
       Heap:                        0       0         4096   
       Stack:                       0       0         4096   
       Linker Generated:            0       198       0      
    +--+----------------------------+-------+---------+---------+
       Grand Total:                 17646   2393      44866  


LINKER GENERATED COPY TABLES

__TI_cinit_table @ 00004e48 records: 2, size/record: 8, table size: 16
	.data: load addr=00004da0, load size=00000092 bytes, run addr=20000000, run size=0000827d bytes, compression=lzss
	.bss: load addr=00004e40, load size=00000008 bytes, run addr=2000a280, run size=00000cc8 bytes, compression=zero_init
binit @ 00004e58 records: 1, size/record: 12, table size: 16
	.TI.ramfunc: load addr=00000898, load size=00000040, run addr=00c18000, run size=00000040, compression=none


LINKER GENERATED HANDLER TABLE

__TI_handler_table @ 00004e34 records: 3, size/record: 4, table size: 12
	index: 0, handler: __TI_decompress_lzss
	index: 1, handler: __TI_decompress_none
	index: 2, handler: __TI_zero_init


GLOBAL SYMBOLS: SORTED ALPHABETICALLY BY Name 

address   name                                           
-------   ----                                           
00004d81  ADC0_EVT_IRQHandler                            
00004d81  ADC0_INT1_IRQHandler                           
00004d81  ADC0_INT2_IRQHandler                           
00004d81  ADC0_INT3_IRQHandler                           
00004d81  ADC0_INT4_IRQHandler                           
00004d81  ADC1_EVT_IRQHandler                            
00004d81  ADC1_INT1_IRQHandler                           
00004d81  ADC1_INT2_IRQHandler                           
00004d81  ADC1_INT3_IRQHandler                           
00004d81  ADC1_INT4_IRQHandler                           
00004d81  ADC2_EVT_IRQHandler                            
00004d81  ADC2_INT1_IRQHandler                           
00004d81  ADC2_INT2_IRQHandler                           
00004d81  ADC2_INT3_IRQHandler                           
00004d81  ADC2_INT4_IRQHandler                           
00004d81  AES_IRQHandler                                 
000046e3  Arch_Counter_Init                              
00003655  Arch_Interrupt_Init                            
00004d81  BusFault_Handler                               
00004d4e  C$$EXIT                                        
0000433f  C$$IO$$                                        
00004ae1  Capture_get_duty_cycle                         
00004af3  Capture_get_frequency                          
00004b05  Capture_get_off_time_ns                        
00004b17  Capture_get_on_time_ns                         
00004b29  Capture_get_period_ns                          
000011bb  Capture_init                                   
00004707  Capture_start                                  
00002f21  Capture_stop                                   
00003961  Clocks_get_time_us                             
00001923  Clocks_init                                    
20008258  Clocks_systick_isr_count                       
00004695  Clocks_wait_us_precise                         
00003285  DL_ADC_dmaInterruptInit                        
00001de7  DL_ADC_sequencerInit                           
00003e31  DL_ADC_socInit                                 
00004d29  DL_Common_delayCycles                          
00003f0b  DL_DMA_initChannel                             
000014d9  DL_ECAP_init                                   
00c18013  DL_FRI_setReadWaitStates                       
00c18001  DL_FRI_setZeroReadWaitStates                   
00001655  DL_MCPWM_configureActionQualifierActions       
000023b5  DL_MCPWM_configureCounterCompare               
00002651  DL_MCPWM_configureEventTrigger                 
00001cc9  DL_MCPWM_configureLoadMode                     
0000290b  DL_MCPWM_configureTimeBase                     
00002a35  DL_SYSCTL_configSYSPLL                         
00003ec5  DL_SYSCTL_setHFCLKSourceXTAL                   
000043e5  DL_SYSCTL_switchMCLKfromSYSOSCtoHSCLK          
00003d45  DL_UART_init                                   
00004a55  DL_UART_receiveDataBlocking                    
00004bab  DL_UART_setClockConfig                         
00004b3d  DL_UART_transmitDataBlocking                   
00004619  DMA0_IRQHandler                                
00004d81  DebugMon_Handler                               
00004d81  Debug_IRQHandler                               
00004d81  Default_Handler                                
00004729  Device_Init                                    
0000309f  Device_InitPrepareHw                           
00004cbb  Device_InitPrepareSw                           
00004d47  Device_InitSetupHw                             
000048ab  Device_InitSetupSw                             
00004d4b  Device_LogCharPutchar                          
00004bdb  Device_LogStringPrintf                         
000042a9  ECAP0_IRQHandler                               
00004d81  ECAP1_IRQHandler                               
00004d81  EPI_IRQHandler                                 
00004d81  EQEP0_IRQHandler                               
00004d81  EQEP1_IRQHandler                               
00004d81  EQEP2_IRQHandler                               
00004d81  Flash_IRQHandler                               
00004d81  GPIO0_IRQHandler                               
00004d81  GPIO1_IRQHandler                               
00004d81  GPIO2_IRQHandler                               
00004d81  GPIO3_IRQHandler                               
00004115  HOSTclose                                      
00004d4f  HOSTexit                                       
00003de5  HOSTlseek                                      
00003785  HOSTopen                                       
00003a15  HOSTread                                       
000036bd  HOSTrename                                     
00003fd9  HOSTunlink                                     
00003a69  HOSTwrite                                      
00003e7d  HSADC_acquire                                  
000049d1  HSADC_get_sample                               
00004059  HSADC_init                                     
00002c81  HSADC_set_sampling_rate                        
00004d81  HardFault_Handler                              
000047b1  Log_Init                                       
00004d53  Log_MsgCreateLock                              
00004097  Log_RegisterOutput                             
00004d81  MCAN0_IRQHandler                               
00004d81  MCPWM0_IRQHandler                              
00004d81  MCPWM1_IRQHandler                              
00004d81  MCPWM2_IRQHandler                              
00004d81  MCPWM3_IRQHandler                              
00004d81  MCPWM4_IRQHandler                              
00004d81  MemManage_Handler                              
00004d81  NMI_Handler                                    
00004d81  PMCU_IRQHandler                                
000048c9  PWM_disable                                    
00004971  PWM_enable                                     
000033d5  PWM_init                                       
00004a69  PWM_set_duty                                   
000049e7  PWM_set_frequency                              
00004d81  PendSV_Handler                                 
00002c7b  Reset_Handler                                  
00004d81  SVC_Handler                                    
00004b4f  SYSCFG_DL_CAPTURE_ECAP0_init                   
00004a7d  SYSCFG_DL_CAPTURE_ECAP1_init                   
00004851  SYSCFG_DL_DMA0_init                            
00004417  SYSCFG_DL_FLASH_init                           
00004019  SYSCFG_DL_HSADC_DMA_init                       
000037e5  SYSCFG_DL_HSADC_TRIGGER_PWM_init               
000027d5  SYSCFG_DL_HSADC_init                           
00004b61  SYSCFG_DL_INPUTXBAR_init                       
000047d1  SYSCFG_DL_INTERRUPT_init                       
00003c05  SYSCFG_DL_PWM_CH0_init                         
00003abd  SYSCFG_DL_PWM_CH1_init                         
00003b0f  SYSCFG_DL_PWM_CH2_init                         
00003b61  SYSCFG_DL_PWM_CH3_init                         
00004449  SYSCFG_DL_Pinmux_init                          
00002ac7  SYSCFG_DL_RS485_UART_init                      
00002fa1  SYSCFG_DL_SYSCTL_CLK_init                      
00004be9  SYSCFG_DL_SYSCTL_init                          
000047f1  SYSCFG_DL_SYSTICK_init                         
00002b59  SYSCFG_DL_USER_UART_init                       
00003bb3  SYSCFG_DL_init                                 
000017bf  SYSCFG_DL_initPower                            
00004989  SysTick_Handler                                
00004d81  TIMG12_0_IRQHandler                            
00004d81  TIMG4_0_IRQHandler                             
00004d81  TINIE_LITE_IRQHandler                          
00004b85  TI_memcpy_small                                
00004c9f  TI_memset_small                                
00004d81  TMU_LUF_IRQHandler                             
00004d81  TMU_LVF_IRQHandler                             
000011bd  UART_apply_configuration                       
000049fd  UART_consecutive_transfer_get_read_count       
000049a1  UART_consecutive_transfer_get_status           
00004a13  UART_consecutive_transfer_read_byte            
00004a29  UART_consecutive_transfer_set_pause_time       
00004a91  UART_consecutive_transfer_set_target_read_count
00004bf7  UART_consecutive_transfer_set_termination_char 
00004cd3  UART_consecutive_transfer_set_termination_mode 
00004a3f  UART_consecutive_transfer_set_timeout          
00004cdf  UART_consecutive_transfer_set_transfer_count   
00004aa5  UART_consecutive_transfer_set_write_count      
00000e11  UART_consecutive_transfer_start                
00001b9f  UART_consecutive_transfer_stop                 
00004151  UART_consecutive_transfer_write_byte           
00004ceb  UART_get_read_buffer                           
00004cf7  UART_get_read_count                            
00004d03  UART_get_status                                
00004d0f  UART_get_write_buffer                          
00004bbb  UART_increment_write_count                     
0000447b  UART_init                                      
00004ab9  UART_put_write_buffer                          
0000311d  UART_read_till_count                           
00002e19  UART_read_until_char                           
000048e5  UART_receive_start                             
0000486f  UART_receive_stop                              
0000474b  UART_reset_read_buffer                         
00004811  UART_reset_write_buffer                        
00004c05  UART_set_baudrate                              
00004c13  UART_set_parity                                
00004c21  UART_set_read_timeout_us                       
00004c2f  UART_set_stop_bits                             
00004901  UART_start                                     
0000249b  UART_stop                                      
00002871  UART_transfer_till_read_count                  
000029a1  UART_transfer_until_char                       
000044ad  UART_write                                     
00004d81  UC0_IRQHandler                                 
00004d81  UC1_IRQHandler                                 
000034ad  UC2_IRQHandler                                 
000006a8  UC2_Inst                                       
00004d81  UC3_IRQHandler                                 
00004643  UC4_IRQHandler                                 
000006c0  UC4_Inst                                       
00004d81  UC5_IRQHandler                                 
00004d81  UsageFault_Handler                             
00004d81  WWDT0_IRQHandler                               
2000ac00  _CIOBUF_                                       
2000ac00  __CIOBUF_                                      
00000000  __INT_VECS_START                               
20009280  __STACK_END                                    
00001000  __STACK_SIZE                                   
00001000  __SYSMEM_SIZE                                  
00000000  __TI_ATRegion0_region_sz                       
00000000  __TI_ATRegion0_src_addr                        
00000000  __TI_ATRegion0_trg_addr                        
00000000  __TI_ATRegion1_region_sz                       
00000000  __TI_ATRegion1_src_addr                        
00000000  __TI_ATRegion1_trg_addr                        
00000000  __TI_ATRegion2_region_sz                       
00000000  __TI_ATRegion2_src_addr                        
00000000  __TI_ATRegion2_trg_addr                        
00004e48  __TI_CINIT_Base                                
00004e58  __TI_CINIT_Limit                               
00004e58  __TI_CINIT_Warm                                
00004e34  __TI_Handler_Table_Base                        
00004e40  __TI_Handler_Table_Limit                       
00003f51  __TI_auto_init_nopinit                         
000041c9  __TI_cleanup                                   
2000824c  __TI_cleanup_ptr                               
000032f5  __TI_closefile                                 
00003211  __TI_decompress_lzss                           
00004cad  __TI_decompress_none                           
00003c55  __TI_doflush                                   
20008250  __TI_dtors_ptr                                 
20008264  __TI_ft_end                                    
ffffffff  __TI_pprof_out_hndl                            
00000bbd  __TI_printfi_minimal                           
ffffffff  __TI_prof_data_size                            
ffffffff  __TI_prof_data_start                           
000044dd  __TI_readmsg                                   
00000000  __TI_static_base__                             
00004e58  __TI_table_binit                               
2000ae40  __TI_tmpnams                                   
00004315  __TI_writemsg                                  
00003845  __TI_wrt_ok                                    
00004bcb  __TI_zero_init                                 
0000100f  __adddf3                                       
00003365  __aeabi_d2f                                    
00003f95  __aeabi_d2uiz                                  
0000100f  __aeabi_dadd                                   
00004d57  __aeabi_ddiv                                   
00004d5b  __aeabi_dmul                                   
00001005  __aeabi_dsub                                   
00004271  __aeabi_f2d                                    
00002723  __aeabi_ldiv0                                  
00004ba3  __aeabi_memclr                                 
00004ba3  __aeabi_memclr4                                
00004ba3  __aeabi_memclr8                                
00004d7d  __aeabi_memcpy                                 
00004d7d  __aeabi_memcpy4                                
00004d7d  __aeabi_memcpy8                                
00004b99  __aeabi_memset                                 
00004b99  __aeabi_memset4                                
00004b99  __aeabi_memset8                                
00004831  __aeabi_ui2d                                   
00004acd  __aeabi_uldivmod                               
00004e58  __binit__                                      
00001925  __divdf3                                       
00004d5f  __error__                                      
00004271  __extendsfdf2                                  
00003f95  __fixunsdfsi                                   
00004831  __floatunsidf                                  
UNDEFED   __mpu_init                                     
00001fe9  __muldf3                                       
20008280  __stack                                        
20000000  __start___llvm_prf_bits                        
20000000  __start___llvm_prf_cnts                        
20000000  __stop___llvm_prf_bits                         
20000000  __stop___llvm_prf_cnts                         
00001005  __subdf3                                       
00003365  __truncdfsf2                                   
00002725  __udivmoddi4                                   
000043b1  _c_int00_noargs                                
200080f8  _device                                        
20008008  _ftable                                        
20008268  _lock                                          
0000286f  _nop                                           
20008170  _stream                                        
20009280  _sys_memory                                    
UNDEFED   _system_post_cinit                             
00004d6b  _system_pre_init                               
2000826c  _unlock                                        
00004d41  abort                                          
00001ee9  aligned_alloc                                  
00004e58  binit                                          
200081c0  capture_channels                               
00003905  close                                          
00003ca5  copy_in                                        
0000450d  exit                                           
0000453d  finddevice                                     
00002d09  fputc                                          
000022cd  fputs                                          
0000249d  free                                           
00004d6f  fseek                                          
00003585  fseeko                                         
000035ed  getdevice                                      
20000000  hsadc_context                                  
20008270  hsadc_interrupt_count                          
00000000  interruptVectors                               
00004569  lseek                                          
000046bd  main                                           
00004d33  malloc                                         
00001ee9  memalign                                       
0000476d  memccpy                                        
2000af38  parmbuf                                        
000038a5  printf                                         
000042df  protocol_app_interface_init                    
000049b9  protocol_app_interface_process                 
2000ad20  protocol_context                               
000021dd  protocol_handle_rx_byte                        
00004955  protocol_init                                  
00001351  protocol_process                               
00004d73  protocol_set_response_payload_length           
00004d3b  protocol_write_payload_byte                    
00004d1d  putchar                                        
20008200  pwm_channels                                   
00001ba1  pwm_configure                                  
00004d77  remove                                         
00000000  sdram_code_loadsize                            
80000000  sdram_code_loadstart                           
00000000  sdram_code_runsize                             
80000000  sdram_code_runstart                            
00002579  setvbuf                                        
000008e9  strcmp                                         
00004595  strstr                                         
00003721  uart_write                                     
000045c1  unlink                                         
000045ed  write                                          


GLOBAL SYMBOLS: SORTED BY Symbol Address 

address   name                                           
-------   ----                                           
00000000  __INT_VECS_START                               
00000000  __TI_ATRegion0_region_sz                       
00000000  __TI_ATRegion0_src_addr                        
00000000  __TI_ATRegion0_trg_addr                        
00000000  __TI_ATRegion1_region_sz                       
00000000  __TI_ATRegion1_src_addr                        
00000000  __TI_ATRegion1_trg_addr                        
00000000  __TI_ATRegion2_region_sz                       
00000000  __TI_ATRegion2_src_addr                        
00000000  __TI_ATRegion2_trg_addr                        
00000000  __TI_static_base__                             
00000000  interruptVectors                               
00000000  sdram_code_loadsize                            
00000000  sdram_code_runsize                             
000006a8  UC2_Inst                                       
000006c0  UC4_Inst                                       
000008e9  strcmp                                         
00000bbd  __TI_printfi_minimal                           
00000e11  UART_consecutive_transfer_start                
00001000  __STACK_SIZE                                   
00001000  __SYSMEM_SIZE                                  
00001005  __aeabi_dsub                                   
00001005  __subdf3                                       
0000100f  __adddf3                                       
0000100f  __aeabi_dadd                                   
000011bb  Capture_init                                   
000011bd  UART_apply_configuration                       
00001351  protocol_process                               
000014d9  DL_ECAP_init                                   
00001655  DL_MCPWM_configureActionQualifierActions       
000017bf  SYSCFG_DL_initPower                            
00001923  Clocks_init                                    
00001925  __divdf3                                       
00001b9f  UART_consecutive_transfer_stop                 
00001ba1  pwm_configure                                  
00001cc9  DL_MCPWM_configureLoadMode                     
00001de7  DL_ADC_sequencerInit                           
00001ee9  aligned_alloc                                  
00001ee9  memalign                                       
00001fe9  __muldf3                                       
000021dd  protocol_handle_rx_byte                        
000022cd  fputs                                          
000023b5  DL_MCPWM_configureCounterCompare               
0000249b  UART_stop                                      
0000249d  free                                           
00002579  setvbuf                                        
00002651  DL_MCPWM_configureEventTrigger                 
00002723  __aeabi_ldiv0                                  
00002725  __udivmoddi4                                   
000027d5  SYSCFG_DL_HSADC_init                           
0000286f  _nop                                           
00002871  UART_transfer_till_read_count                  
0000290b  DL_MCPWM_configureTimeBase                     
000029a1  UART_transfer_until_char                       
00002a35  DL_SYSCTL_configSYSPLL                         
00002ac7  SYSCFG_DL_RS485_UART_init                      
00002b59  SYSCFG_DL_USER_UART_init                       
00002c7b  Reset_Handler                                  
00002c81  HSADC_set_sampling_rate                        
00002d09  fputc                                          
00002e19  UART_read_until_char                           
00002f21  Capture_stop                                   
00002fa1  SYSCFG_DL_SYSCTL_CLK_init                      
0000309f  Device_InitPrepareHw                           
0000311d  UART_read_till_count                           
00003211  __TI_decompress_lzss                           
00003285  DL_ADC_dmaInterruptInit                        
000032f5  __TI_closefile                                 
00003365  __aeabi_d2f                                    
00003365  __truncdfsf2                                   
000033d5  PWM_init                                       
000034ad  UC2_IRQHandler                                 
00003585  fseeko                                         
000035ed  getdevice                                      
00003655  Arch_Interrupt_Init                            
000036bd  HOSTrename                                     
00003721  uart_write                                     
00003785  HOSTopen                                       
000037e5  SYSCFG_DL_HSADC_TRIGGER_PWM_init               
00003845  __TI_wrt_ok                                    
000038a5  printf                                         
00003905  close                                          
00003961  Clocks_get_time_us                             
00003a15  HOSTread                                       
00003a69  HOSTwrite                                      
00003abd  SYSCFG_DL_PWM_CH1_init                         
00003b0f  SYSCFG_DL_PWM_CH2_init                         
00003b61  SYSCFG_DL_PWM_CH3_init                         
00003bb3  SYSCFG_DL_init                                 
00003c05  SYSCFG_DL_PWM_CH0_init                         
00003c55  __TI_doflush                                   
00003ca5  copy_in                                        
00003d45  DL_UART_init                                   
00003de5  HOSTlseek                                      
00003e31  DL_ADC_socInit                                 
00003e7d  HSADC_acquire                                  
00003ec5  DL_SYSCTL_setHFCLKSourceXTAL                   
00003f0b  DL_DMA_initChannel                             
00003f51  __TI_auto_init_nopinit                         
00003f95  __aeabi_d2uiz                                  
00003f95  __fixunsdfsi                                   
00003fd9  HOSTunlink                                     
00004019  SYSCFG_DL_HSADC_DMA_init                       
00004059  HSADC_init                                     
00004097  Log_RegisterOutput                             
00004115  HOSTclose                                      
00004151  UART_consecutive_transfer_write_byte           
000041c9  __TI_cleanup                                   
00004271  __aeabi_f2d                                    
00004271  __extendsfdf2                                  
000042a9  ECAP0_IRQHandler                               
000042df  protocol_app_interface_init                    
00004315  __TI_writemsg                                  
0000433f  C$$IO$$                                        
000043b1  _c_int00_noargs                                
000043e5  DL_SYSCTL_switchMCLKfromSYSOSCtoHSCLK          
00004417  SYSCFG_DL_FLASH_init                           
00004449  SYSCFG_DL_Pinmux_init                          
0000447b  UART_init                                      
000044ad  UART_write                                     
000044dd  __TI_readmsg                                   
0000450d  exit                                           
0000453d  finddevice                                     
00004569  lseek                                          
00004595  strstr                                         
000045c1  unlink                                         
000045ed  write                                          
00004619  DMA0_IRQHandler                                
00004643  UC4_IRQHandler                                 
00004695  Clocks_wait_us_precise                         
000046bd  main                                           
000046e3  Arch_Counter_Init                              
00004707  Capture_start                                  
00004729  Device_Init                                    
0000474b  UART_reset_read_buffer                         
0000476d  memccpy                                        
000047b1  Log_Init                                       
000047d1  SYSCFG_DL_INTERRUPT_init                       
000047f1  SYSCFG_DL_SYSTICK_init                         
00004811  UART_reset_write_buffer                        
00004831  __aeabi_ui2d                                   
00004831  __floatunsidf                                  
00004851  SYSCFG_DL_DMA0_init                            
0000486f  UART_receive_stop                              
000048ab  Device_InitSetupSw                             
000048c9  PWM_disable                                    
000048e5  UART_receive_start                             
00004901  UART_start                                     
00004955  protocol_init                                  
00004971  PWM_enable                                     
00004989  SysTick_Handler                                
000049a1  UART_consecutive_transfer_get_status           
000049b9  protocol_app_interface_process                 
000049d1  HSADC_get_sample                               
000049e7  PWM_set_frequency                              
000049fd  UART_consecutive_transfer_get_read_count       
00004a13  UART_consecutive_transfer_read_byte            
00004a29  UART_consecutive_transfer_set_pause_time       
00004a3f  UART_consecutive_transfer_set_timeout          
00004a55  DL_UART_receiveDataBlocking                    
00004a69  PWM_set_duty                                   
00004a7d  SYSCFG_DL_CAPTURE_ECAP1_init                   
00004a91  UART_consecutive_transfer_set_target_read_count
00004aa5  UART_consecutive_transfer_set_write_count      
00004ab9  UART_put_write_buffer                          
00004acd  __aeabi_uldivmod                               
00004ae1  Capture_get_duty_cycle                         
00004af3  Capture_get_frequency                          
00004b05  Capture_get_off_time_ns                        
00004b17  Capture_get_on_time_ns                         
00004b29  Capture_get_period_ns                          
00004b3d  DL_UART_transmitDataBlocking                   
00004b4f  SYSCFG_DL_CAPTURE_ECAP0_init                   
00004b61  SYSCFG_DL_INPUTXBAR_init                       
00004b85  TI_memcpy_small                                
00004b99  __aeabi_memset                                 
00004b99  __aeabi_memset4                                
00004b99  __aeabi_memset8                                
00004ba3  __aeabi_memclr                                 
00004ba3  __aeabi_memclr4                                
00004ba3  __aeabi_memclr8                                
00004bab  DL_UART_setClockConfig                         
00004bbb  UART_increment_write_count                     
00004bcb  __TI_zero_init                                 
00004bdb  Device_LogStringPrintf                         
00004be9  SYSCFG_DL_SYSCTL_init                          
00004bf7  UART_consecutive_transfer_set_termination_char 
00004c05  UART_set_baudrate                              
00004c13  UART_set_parity                                
00004c21  UART_set_read_timeout_us                       
00004c2f  UART_set_stop_bits                             
00004c9f  TI_memset_small                                
00004cad  __TI_decompress_none                           
00004cbb  Device_InitPrepareSw                           
00004cd3  UART_consecutive_transfer_set_termination_mode 
00004cdf  UART_consecutive_transfer_set_transfer_count   
00004ceb  UART_get_read_buffer                           
00004cf7  UART_get_read_count                            
00004d03  UART_get_status                                
00004d0f  UART_get_write_buffer                          
00004d1d  putchar                                        
00004d29  DL_Common_delayCycles                          
00004d33  malloc                                         
00004d3b  protocol_write_payload_byte                    
00004d41  abort                                          
00004d47  Device_InitSetupHw                             
00004d4b  Device_LogCharPutchar                          
00004d4e  C$$EXIT                                        
00004d4f  HOSTexit                                       
00004d53  Log_MsgCreateLock                              
00004d57  __aeabi_ddiv                                   
00004d5b  __aeabi_dmul                                   
00004d5f  __error__                                      
00004d6b  _system_pre_init                               
00004d6f  fseek                                          
00004d73  protocol_set_response_payload_length           
00004d77  remove                                         
00004d7d  __aeabi_memcpy                                 
00004d7d  __aeabi_memcpy4                                
00004d7d  __aeabi_memcpy8                                
00004d81  ADC0_EVT_IRQHandler                            
00004d81  ADC0_INT1_IRQHandler                           
00004d81  ADC0_INT2_IRQHandler                           
00004d81  ADC0_INT3_IRQHandler                           
00004d81  ADC0_INT4_IRQHandler                           
00004d81  ADC1_EVT_IRQHandler                            
00004d81  ADC1_INT1_IRQHandler                           
00004d81  ADC1_INT2_IRQHandler                           
00004d81  ADC1_INT3_IRQHandler                           
00004d81  ADC1_INT4_IRQHandler                           
00004d81  ADC2_EVT_IRQHandler                            
00004d81  ADC2_INT1_IRQHandler                           
00004d81  ADC2_INT2_IRQHandler                           
00004d81  ADC2_INT3_IRQHandler                           
00004d81  ADC2_INT4_IRQHandler                           
00004d81  AES_IRQHandler                                 
00004d81  BusFault_Handler                               
00004d81  DebugMon_Handler                               
00004d81  Debug_IRQHandler                               
00004d81  Default_Handler                                
00004d81  ECAP1_IRQHandler                               
00004d81  EPI_IRQHandler                                 
00004d81  EQEP0_IRQHandler                               
00004d81  EQEP1_IRQHandler                               
00004d81  EQEP2_IRQHandler                               
00004d81  Flash_IRQHandler                               
00004d81  GPIO0_IRQHandler                               
00004d81  GPIO1_IRQHandler                               
00004d81  GPIO2_IRQHandler                               
00004d81  GPIO3_IRQHandler                               
00004d81  HardFault_Handler                              
00004d81  MCAN0_IRQHandler                               
00004d81  MCPWM0_IRQHandler                              
00004d81  MCPWM1_IRQHandler                              
00004d81  MCPWM2_IRQHandler                              
00004d81  MCPWM3_IRQHandler                              
00004d81  MCPWM4_IRQHandler                              
00004d81  MemManage_Handler                              
00004d81  NMI_Handler                                    
00004d81  PMCU_IRQHandler                                
00004d81  PendSV_Handler                                 
00004d81  SVC_Handler                                    
00004d81  TIMG12_0_IRQHandler                            
00004d81  TIMG4_0_IRQHandler                             
00004d81  TINIE_LITE_IRQHandler                          
00004d81  TMU_LUF_IRQHandler                             
00004d81  TMU_LVF_IRQHandler                             
00004d81  UC0_IRQHandler                                 
00004d81  UC1_IRQHandler                                 
00004d81  UC3_IRQHandler                                 
00004d81  UC5_IRQHandler                                 
00004d81  UsageFault_Handler                             
00004d81  WWDT0_IRQHandler                               
00004e34  __TI_Handler_Table_Base                        
00004e40  __TI_Handler_Table_Limit                       
00004e48  __TI_CINIT_Base                                
00004e58  __TI_CINIT_Limit                               
00004e58  __TI_CINIT_Warm                                
00004e58  __TI_table_binit                               
00004e58  __binit__                                      
00004e58  binit                                          
00c18001  DL_FRI_setZeroReadWaitStates                   
00c18013  DL_FRI_setReadWaitStates                       
20000000  __start___llvm_prf_bits                        
20000000  __start___llvm_prf_cnts                        
20000000  __stop___llvm_prf_bits                         
20000000  __stop___llvm_prf_cnts                         
20000000  hsadc_context                                  
20008008  _ftable                                        
200080f8  _device                                        
20008170  _stream                                        
200081c0  capture_channels                               
20008200  pwm_channels                                   
2000824c  __TI_cleanup_ptr                               
20008250  __TI_dtors_ptr                                 
20008258  Clocks_systick_isr_count                       
20008264  __TI_ft_end                                    
20008268  _lock                                          
2000826c  _unlock                                        
20008270  hsadc_interrupt_count                          
20008280  __stack                                        
20009280  __STACK_END                                    
20009280  _sys_memory                                    
2000ac00  _CIOBUF_                                       
2000ac00  __CIOBUF_                                      
2000ad20  protocol_context                               
2000ae40  __TI_tmpnams                                   
2000af38  parmbuf                                        
80000000  sdram_code_loadstart                           
80000000  sdram_code_runstart                            
ffffffff  __TI_pprof_out_hndl                            
ffffffff  __TI_prof_data_size                            
ffffffff  __TI_prof_data_start                           
UNDEFED   __mpu_init                                     
UNDEFED   _system_post_cinit                             

[315 symbols]
