<?xml version="1.0" encoding="ISO-8859-1" ?>
<link_info>
   <banner>TI ARM Clang Linker PC v5.1.1.LTS</banner>
   <copyright>Copyright (c) 1996-2018 Texas Instruments Incorporated</copyright>
   <command_line>C:\ti\ccs2100\ccs\tools\compiler\ti-cgt-armllvm_5.1.1.LTS\bin\tiarmlnk -IC:\ti\ccs2100\ccs\tools\compiler\ti-cgt-armllvm_5.1.1.LTS\lib -o testbench.out --cg_opt_level=g -mtestbench.map --heap_size=0 --stack_size=256 -iC:/ti/am13e230x_sdk_26_01_00_03/build/am13e230x/lib/Debug -iC:/ti/am13e230x_sdk_26_01_00_03 -iC:/ti/ccs2100/ccs/tools/compiler/ti-cgt-armllvm_5.1.1.LTS/lib --reread_libs --diag_suppress=10063 --diag_wrap=off --display_error_number --warn_sections --xml_link_info=testbench_linkInfo.xml --rom_model ./capture.o ./clocks.o ./syscfg/ti_sdk_dl_config.o ./hsadc.o ./main.o ./protocol.o ./protocol_app_interface.o ./pwm.o ./user_uart.o ../linker_m33_ti_arm_clang.cmd -llibti_sdk_cfg_default_m33_ti_arm_clang.a -llibarch_ti_sdk_cfg_default_m33_ti_arm_clang.a -llibdriverlib_ti_sdk_cfg_default_m33_ti_arm_clang.a -llibutils_nortos_ti_sdk_cfg_default_m33_ti_arm_clang.a -llibam13e230x_m33_ti_arm_clang.a --start-group -llibc++.a -llibc++abi.a -llibc.a -llibsys.a -llibsysbm.a -llibclang_rt.builtins.a -llibclang_rt.profile.a --end-group</command_line>
   <link_time>0x6a74c220</link_time>
   <link_errors>0x0</link_errors>
   <output_file>F:\Projects\testbench\testbench\firmware\testbench\Debug\testbench.out</output_file>
   <entry_point>
      <name>_c_int00_noargs</name>
      <address>0x3d65</address>
   </entry_point>
   <input_file_list>
      <input_file id="fl-1">
         <path>F:\Projects\testbench\testbench\firmware\testbench\Debug\.\</path>
         <kind>object</kind>
         <file>capture.o</file>
         <name>capture.o</name>
      </input_file>
      <input_file id="fl-2">
         <path>F:\Projects\testbench\testbench\firmware\testbench\Debug\.\</path>
         <kind>object</kind>
         <file>clocks.o</file>
         <name>clocks.o</name>
      </input_file>
      <input_file id="fl-3">
         <path>F:\Projects\testbench\testbench\firmware\testbench\Debug\.\syscfg\</path>
         <kind>object</kind>
         <file>ti_sdk_dl_config.o</file>
         <name>ti_sdk_dl_config.o</name>
      </input_file>
      <input_file id="fl-4">
         <path>F:\Projects\testbench\testbench\firmware\testbench\Debug\.\</path>
         <kind>object</kind>
         <file>hsadc.o</file>
         <name>hsadc.o</name>
      </input_file>
      <input_file id="fl-5">
         <path>F:\Projects\testbench\testbench\firmware\testbench\Debug\.\</path>
         <kind>object</kind>
         <file>main.o</file>
         <name>main.o</name>
      </input_file>
      <input_file id="fl-6">
         <path>F:\Projects\testbench\testbench\firmware\testbench\Debug\.\</path>
         <kind>object</kind>
         <file>protocol.o</file>
         <name>protocol.o</name>
      </input_file>
      <input_file id="fl-7">
         <path>F:\Projects\testbench\testbench\firmware\testbench\Debug\.\</path>
         <kind>object</kind>
         <file>protocol_app_interface.o</file>
         <name>protocol_app_interface.o</name>
      </input_file>
      <input_file id="fl-8">
         <path>F:\Projects\testbench\testbench\firmware\testbench\Debug\.\</path>
         <kind>object</kind>
         <file>pwm.o</file>
         <name>pwm.o</name>
      </input_file>
      <input_file id="fl-9">
         <path>F:\Projects\testbench\testbench\firmware\testbench\Debug\.\</path>
         <kind>object</kind>
         <file>user_uart.o</file>
         <name>user_uart.o</name>
      </input_file>
      <input_file id="fl-18">
         <path>F:\Projects\testbench\testbench\firmware\testbench\Debug\</path>
         <kind>object</kind>
         <file>&lt;internal&gt;</file>
         <name>&lt;internal&gt;</name>
      </input_file>
      <input_file id="fl-19">
         <path>C:\ti\am13e230x_sdk_26_01_00_03\build\am13e230x\lib\Debug\</path>
         <kind>archive</kind>
         <file>libti_sdk_cfg_default_m33_ti_arm_clang.a</file>
         <name>device_init.c.obj</name>
      </input_file>
      <input_file id="fl-1a">
         <path>C:\ti\am13e230x_sdk_26_01_00_03\build\am13e230x\lib\Debug\</path>
         <kind>archive</kind>
         <file>libti_sdk_cfg_default_m33_ti_arm_clang.a</file>
         <name>device_init_m33.c.obj</name>
      </input_file>
      <input_file id="fl-1b">
         <path>C:\ti\am13e230x_sdk_26_01_00_03\build\am13e230x\lib\Debug\</path>
         <kind>archive</kind>
         <file>libarch_ti_sdk_cfg_default_m33_ti_arm_clang.a</file>
         <name>arch_counter.c.obj</name>
      </input_file>
      <input_file id="fl-1c">
         <path>C:\ti\am13e230x_sdk_26_01_00_03\build\am13e230x\lib\Debug\</path>
         <kind>archive</kind>
         <file>libarch_ti_sdk_cfg_default_m33_ti_arm_clang.a</file>
         <name>arch_interrupt.c.obj</name>
      </input_file>
      <input_file id="fl-1d">
         <path>C:\ti\am13e230x_sdk_26_01_00_03\build\am13e230x\lib\Debug\</path>
         <kind>archive</kind>
         <file>libdriverlib_ti_sdk_cfg_default_m33_ti_arm_clang.a</file>
         <name>dl_adc.c.obj</name>
      </input_file>
      <input_file id="fl-1e">
         <path>C:\ti\am13e230x_sdk_26_01_00_03\build\am13e230x\lib\Debug\</path>
         <kind>archive</kind>
         <file>libdriverlib_ti_sdk_cfg_default_m33_ti_arm_clang.a</file>
         <name>dl_common.c.obj</name>
      </input_file>
      <input_file id="fl-1f">
         <path>C:\ti\am13e230x_sdk_26_01_00_03\build\am13e230x\lib\Debug\</path>
         <kind>archive</kind>
         <file>libdriverlib_ti_sdk_cfg_default_m33_ti_arm_clang.a</file>
         <name>dl_dma.c.obj</name>
      </input_file>
      <input_file id="fl-20">
         <path>C:\ti\am13e230x_sdk_26_01_00_03\build\am13e230x\lib\Debug\</path>
         <kind>archive</kind>
         <file>libdriverlib_ti_sdk_cfg_default_m33_ti_arm_clang.a</file>
         <name>dl_ecap.c.obj</name>
      </input_file>
      <input_file id="fl-21">
         <path>C:\ti\am13e230x_sdk_26_01_00_03\build\am13e230x\lib\Debug\</path>
         <kind>archive</kind>
         <file>libdriverlib_ti_sdk_cfg_default_m33_ti_arm_clang.a</file>
         <name>dl_fri.c.obj</name>
      </input_file>
      <input_file id="fl-22">
         <path>C:\ti\am13e230x_sdk_26_01_00_03\build\am13e230x\lib\Debug\</path>
         <kind>archive</kind>
         <file>libdriverlib_ti_sdk_cfg_default_m33_ti_arm_clang.a</file>
         <name>dl_mcpwm.c.obj</name>
      </input_file>
      <input_file id="fl-23">
         <path>C:\ti\am13e230x_sdk_26_01_00_03\build\am13e230x\lib\Debug\</path>
         <kind>archive</kind>
         <file>libdriverlib_ti_sdk_cfg_default_m33_ti_arm_clang.a</file>
         <name>dl_sysctl.c.obj</name>
      </input_file>
      <input_file id="fl-24">
         <path>C:\ti\am13e230x_sdk_26_01_00_03\build\am13e230x\lib\Debug\</path>
         <kind>archive</kind>
         <file>libdriverlib_ti_sdk_cfg_default_m33_ti_arm_clang.a</file>
         <name>dl_unicomm.c.obj</name>
      </input_file>
      <input_file id="fl-25">
         <path>C:\ti\am13e230x_sdk_26_01_00_03\build\am13e230x\lib\Debug\</path>
         <kind>archive</kind>
         <file>libdriverlib_ti_sdk_cfg_default_m33_ti_arm_clang.a</file>
         <name>dl_unicommuart.c.obj</name>
      </input_file>
      <input_file id="fl-26">
         <path>C:\ti\am13e230x_sdk_26_01_00_03\build\am13e230x\lib\Debug\</path>
         <kind>archive</kind>
         <file>libutils_nortos_ti_sdk_cfg_default_m33_ti_arm_clang.a</file>
         <name>log.c.obj</name>
      </input_file>
      <input_file id="fl-27">
         <path>C:\ti\am13e230x_sdk_26_01_00_03\build\am13e230x\lib\Debug\</path>
         <kind>archive</kind>
         <file>libutils_nortos_ti_sdk_cfg_default_m33_ti_arm_clang.a</file>
         <name>log_nortos.c.obj</name>
      </input_file>
      <input_file id="fl-28">
         <path>C:\ti\am13e230x_sdk_26_01_00_03\build\am13e230x\lib\Debug\</path>
         <kind>archive</kind>
         <file>libam13e230x_m33_ti_arm_clang.a</file>
         <name>startup_ti_arm_clang.c.obj</name>
      </input_file>
      <input_file id="fl-138">
         <path>C:\ti\ccs2100\ccs\tools\compiler\ti-cgt-armllvm_5.1.1.LTS\lib\armv8m.main-ti-none-eabihf\dsp\c\</path>
         <kind>archive</kind>
         <file>libc.a</file>
         <name>printf.c.obj</name>
      </input_file>
      <input_file id="fl-139">
         <path>C:\ti\ccs2100\ccs\tools\compiler\ti-cgt-armllvm_5.1.1.LTS\lib\armv8m.main-ti-none-eabihf\dsp\c\</path>
         <kind>archive</kind>
         <file>libc.a</file>
         <name>_printfi.c.obj</name>
      </input_file>
      <input_file id="fl-13a">
         <path>C:\ti\ccs2100\ccs\tools\compiler\ti-cgt-armllvm_5.1.1.LTS\lib\armv8m.main-ti-none-eabihf\dsp\c\</path>
         <kind>archive</kind>
         <file>libc.a</file>
         <name>snprintf.c.obj</name>
      </input_file>
      <input_file id="fl-13b">
         <path>C:\ti\ccs2100\ccs\tools\compiler\ti-cgt-armllvm_5.1.1.LTS\lib\armv8m.main-ti-none-eabihf\dsp\c\</path>
         <kind>archive</kind>
         <file>libc.a</file>
         <name>vsnprintf.c.obj</name>
      </input_file>
      <input_file id="fl-13c">
         <path>C:\ti\ccs2100\ccs\tools\compiler\ti-cgt-armllvm_5.1.1.LTS\lib\armv8m.main-ti-none-eabihf\dsp\c\</path>
         <kind>archive</kind>
         <file>libc.a</file>
         <name>fputc.c.obj</name>
      </input_file>
      <input_file id="fl-13d">
         <path>C:\ti\ccs2100\ccs\tools\compiler\ti-cgt-armllvm_5.1.1.LTS\lib\armv8m.main-ti-none-eabihf\dsp\c\</path>
         <kind>archive</kind>
         <file>libc.a</file>
         <name>fputs.c.obj</name>
      </input_file>
      <input_file id="fl-13e">
         <path>C:\ti\ccs2100\ccs\tools\compiler\ti-cgt-armllvm_5.1.1.LTS\lib\armv8m.main-ti-none-eabihf\dsp\c\</path>
         <kind>archive</kind>
         <file>libc.a</file>
         <name>_io_perm.c.obj</name>
      </input_file>
      <input_file id="fl-13f">
         <path>C:\ti\ccs2100\ccs\tools\compiler\ti-cgt-armllvm_5.1.1.LTS\lib\armv8m.main-ti-none-eabihf\dsp\c\</path>
         <kind>archive</kind>
         <file>libc.a</file>
         <name>setvbuf.c.obj</name>
      </input_file>
      <input_file id="fl-140">
         <path>C:\ti\ccs2100\ccs\tools\compiler\ti-cgt-armllvm_5.1.1.LTS\lib\armv8m.main-ti-none-eabihf\dsp\c\</path>
         <kind>archive</kind>
         <file>libc.a</file>
         <name>aeabi_portable.c.obj</name>
      </input_file>
      <input_file id="fl-141">
         <path>C:\ti\ccs2100\ccs\tools\compiler\ti-cgt-armllvm_5.1.1.LTS\lib\armv8m.main-ti-none-eabihf\dsp\c\</path>
         <kind>archive</kind>
         <file>libc.a</file>
         <name>exit.c.obj</name>
      </input_file>
      <input_file id="fl-142">
         <path>C:\ti\ccs2100\ccs\tools\compiler\ti-cgt-armllvm_5.1.1.LTS\lib\armv8m.main-ti-none-eabihf\dsp\c\</path>
         <kind>archive</kind>
         <file>libc.a</file>
         <name>_lock.c.obj</name>
      </input_file>
      <input_file id="fl-143">
         <path>C:\ti\ccs2100\ccs\tools\compiler\ti-cgt-armllvm_5.1.1.LTS\lib\armv8m.main-ti-none-eabihf\dsp\c\</path>
         <kind>archive</kind>
         <file>libc.a</file>
         <name>_ltoa.c.obj</name>
      </input_file>
      <input_file id="fl-144">
         <path>C:\ti\ccs2100\ccs\tools\compiler\ti-cgt-armllvm_5.1.1.LTS\lib\armv8m.main-ti-none-eabihf\dsp\c\</path>
         <kind>archive</kind>
         <file>libc.a</file>
         <name>assert.c.obj</name>
      </input_file>
      <input_file id="fl-145">
         <path>C:\ti\ccs2100\ccs\tools\compiler\ti-cgt-armllvm_5.1.1.LTS\lib\armv8m.main-ti-none-eabihf\dsp\c\</path>
         <kind>archive</kind>
         <file>libc.a</file>
         <name>atoi.c.obj</name>
      </input_file>
      <input_file id="fl-146">
         <path>C:\ti\ccs2100\ccs\tools\compiler\ti-cgt-armllvm_5.1.1.LTS\lib\armv8m.main-ti-none-eabihf\dsp\c\</path>
         <kind>archive</kind>
         <file>libc.a</file>
         <name>defs.c.obj</name>
      </input_file>
      <input_file id="fl-147">
         <path>C:\ti\ccs2100\ccs\tools\compiler\ti-cgt-armllvm_5.1.1.LTS\lib\armv8m.main-ti-none-eabihf\dsp\c\</path>
         <kind>archive</kind>
         <file>libc.a</file>
         <name>memccpy.c.obj</name>
      </input_file>
      <input_file id="fl-148">
         <path>C:\ti\ccs2100\ccs\tools\compiler\ti-cgt-armllvm_5.1.1.LTS\lib\armv8m.main-ti-none-eabihf\dsp\c\</path>
         <kind>archive</kind>
         <file>libc.a</file>
         <name>memory.c.obj</name>
      </input_file>
      <input_file id="fl-149">
         <path>C:\ti\ccs2100\ccs\tools\compiler\ti-cgt-armllvm_5.1.1.LTS\lib\armv8m.main-ti-none-eabihf\dsp\c\</path>
         <kind>archive</kind>
         <file>libc.a</file>
         <name>strstr.c.obj</name>
      </input_file>
      <input_file id="fl-14a">
         <path>C:\ti\ccs2100\ccs\tools\compiler\ti-cgt-armllvm_5.1.1.LTS\lib\armv8m.main-ti-none-eabihf\dsp\c\</path>
         <kind>archive</kind>
         <file>libc.a</file>
         <name>boot_cortex_m.c.obj</name>
      </input_file>
      <input_file id="fl-14b">
         <path>C:\ti\ccs2100\ccs\tools\compiler\ti-cgt-armllvm_5.1.1.LTS\lib\armv8m.main-ti-none-eabihf\dsp\c\</path>
         <kind>archive</kind>
         <file>libc.a</file>
         <name>mathacl_init.c.obj</name>
      </input_file>
      <input_file id="fl-14c">
         <path>C:\ti\ccs2100\ccs\tools\compiler\ti-cgt-armllvm_5.1.1.LTS\lib\armv8m.main-ti-none-eabihf\dsp\c\</path>
         <kind>archive</kind>
         <file>libc.a</file>
         <name>autoinit.c.obj</name>
      </input_file>
      <input_file id="fl-14d">
         <path>C:\ti\ccs2100\ccs\tools\compiler\ti-cgt-armllvm_5.1.1.LTS\lib\armv8m.main-ti-none-eabihf\dsp\c\</path>
         <kind>archive</kind>
         <file>libc.a</file>
         <name>pre_init.c.obj</name>
      </input_file>
      <input_file id="fl-14e">
         <path>C:\ti\ccs2100\ccs\tools\compiler\ti-cgt-armllvm_5.1.1.LTS\lib\armv8m.main-ti-none-eabihf\dsp\c\</path>
         <kind>archive</kind>
         <file>libc.a</file>
         <name>cpy_tbl.c.obj</name>
      </input_file>
      <input_file id="fl-14f">
         <path>C:\ti\ccs2100\ccs\tools\compiler\ti-cgt-armllvm_5.1.1.LTS\lib\armv8m.main-ti-none-eabihf\dsp\c\</path>
         <kind>archive</kind>
         <file>libc.a</file>
         <name>copy_zero_init.c.obj</name>
      </input_file>
      <input_file id="fl-150">
         <path>C:\ti\ccs2100\ccs\tools\compiler\ti-cgt-armllvm_5.1.1.LTS\lib\armv8m.main-ti-none-eabihf\dsp\c\</path>
         <kind>archive</kind>
         <file>libc.a</file>
         <name>copy_decompress_none.c.obj</name>
      </input_file>
      <input_file id="fl-151">
         <path>C:\ti\ccs2100\ccs\tools\compiler\ti-cgt-armllvm_5.1.1.LTS\lib\armv8m.main-ti-none-eabihf\dsp\c\</path>
         <kind>archive</kind>
         <file>libc.a</file>
         <name>copy_decompress_lzss.c.obj</name>
      </input_file>
      <input_file id="fl-152">
         <path>C:\ti\ccs2100\ccs\tools\compiler\ti-cgt-armllvm_5.1.1.LTS\lib\armv8m.main-ti-none-eabihf\dsp\c\</path>
         <kind>archive</kind>
         <file>libc.a</file>
         <name>s_frexp.c.obj</name>
      </input_file>
      <input_file id="fl-153">
         <path>C:\ti\ccs2100\ccs\tools\compiler\ti-cgt-armllvm_5.1.1.LTS\lib\armv8m.main-ti-none-eabihf\dsp\c\</path>
         <kind>archive</kind>
         <file>libc.a</file>
         <name>s_scalbn.c.obj</name>
      </input_file>
      <input_file id="fl-154">
         <path>C:\ti\ccs2100\ccs\tools\compiler\ti-cgt-armllvm_5.1.1.LTS\lib\armv8m.main-ti-none-eabihf\dsp\c\</path>
         <kind>archive</kind>
         <file>libc.a</file>
         <name>wcslen.c.obj</name>
      </input_file>
      <input_file id="fl-155">
         <path>C:\ti\ccs2100\ccs\tools\compiler\ti-cgt-armllvm_5.1.1.LTS\lib\armv8m.main-ti-none-eabihf\dsp\c\</path>
         <kind>archive</kind>
         <file>libc.a</file>
         <name>sprintf.c.obj</name>
      </input_file>
      <input_file id="fl-156">
         <path>C:\ti\ccs2100\ccs\tools\compiler\ti-cgt-armllvm_5.1.1.LTS\lib\armv8m.main-ti-none-eabihf\dsp\c\</path>
         <kind>archive</kind>
         <file>libc.a</file>
         <name>fflush.c.obj</name>
      </input_file>
      <input_file id="fl-157">
         <path>C:\ti\ccs2100\ccs\tools\compiler\ti-cgt-armllvm_5.1.1.LTS\lib\armv8m.main-ti-none-eabihf\dsp\c\</path>
         <kind>archive</kind>
         <file>libc.a</file>
         <name>fopen.c.obj</name>
      </input_file>
      <input_file id="fl-158">
         <path>C:\ti\ccs2100\ccs\tools\compiler\ti-cgt-armllvm_5.1.1.LTS\lib\armv8m.main-ti-none-eabihf\dsp\c\</path>
         <kind>archive</kind>
         <file>libc.a</file>
         <name>fseek.c.obj</name>
      </input_file>
      <input_file id="fl-159">
         <path>C:\ti\ccs2100\ccs\tools\compiler\ti-cgt-armllvm_5.1.1.LTS\lib\armv8m.main-ti-none-eabihf\dsp\c\</path>
         <kind>archive</kind>
         <file>libc.a</file>
         <name>aeabi_ctype.S.obj</name>
      </input_file>
      <input_file id="fl-15a">
         <path>C:\ti\ccs2100\ccs\tools\compiler\ti-cgt-armllvm_5.1.1.LTS\lib\armv8m.main-ti-none-eabihf\dsp\c\</path>
         <kind>archive</kind>
         <file>libc.a</file>
         <name>args_main.c.obj</name>
      </input_file>
      <input_file id="fl-15b">
         <path>C:\ti\ccs2100\ccs\tools\compiler\ti-cgt-armllvm_5.1.1.LTS\lib\armv8m.main-ti-none-eabihf\dsp\c\</path>
         <kind>archive</kind>
         <file>libc.a</file>
         <name>fclose.c.obj</name>
      </input_file>
      <input_file id="fl-15c">
         <path>C:\ti\ccs2100\ccs\tools\compiler\ti-cgt-armllvm_5.1.1.LTS\lib\armv8m.main-ti-none-eabihf\dsp\c\</path>
         <kind>archive</kind>
         <file>libsysbm.a</file>
         <name>hostexit.c.obj</name>
      </input_file>
      <input_file id="fl-15d">
         <path>C:\ti\ccs2100\ccs\tools\compiler\ti-cgt-armllvm_5.1.1.LTS\lib\armv8m.main-ti-none-eabihf\dsp\c\</path>
         <kind>archive</kind>
         <file>libsysbm.a</file>
         <name>write.c.obj</name>
      </input_file>
      <input_file id="fl-15e">
         <path>C:\ti\ccs2100\ccs\tools\compiler\ti-cgt-armllvm_5.1.1.LTS\lib\armv8m.main-ti-none-eabihf\dsp\c\</path>
         <kind>archive</kind>
         <file>libsysbm.a</file>
         <name>host_device.c.obj</name>
      </input_file>
      <input_file id="fl-15f">
         <path>C:\ti\ccs2100\ccs\tools\compiler\ti-cgt-armllvm_5.1.1.LTS\lib\armv8m.main-ti-none-eabihf\dsp\c\</path>
         <kind>archive</kind>
         <file>libsysbm.a</file>
         <name>remove.c.obj</name>
      </input_file>
      <input_file id="fl-160">
         <path>C:\ti\ccs2100\ccs\tools\compiler\ti-cgt-armllvm_5.1.1.LTS\lib\armv8m.main-ti-none-eabihf\dsp\c\</path>
         <kind>archive</kind>
         <file>libsysbm.a</file>
         <name>open.c.obj</name>
      </input_file>
      <input_file id="fl-161">
         <path>C:\ti\ccs2100\ccs\tools\compiler\ti-cgt-armllvm_5.1.1.LTS\lib\armv8m.main-ti-none-eabihf\dsp\c\</path>
         <kind>archive</kind>
         <file>libsysbm.a</file>
         <name>lseek.c.obj</name>
      </input_file>
      <input_file id="fl-162">
         <path>C:\ti\ccs2100\ccs\tools\compiler\ti-cgt-armllvm_5.1.1.LTS\lib\armv8m.main-ti-none-eabihf\dsp\c\</path>
         <kind>archive</kind>
         <file>libsysbm.a</file>
         <name>close.c.obj</name>
      </input_file>
      <input_file id="fl-163">
         <path>C:\ti\ccs2100\ccs\tools\compiler\ti-cgt-armllvm_5.1.1.LTS\lib\armv8m.main-ti-none-eabihf\dsp\c\</path>
         <kind>archive</kind>
         <file>libsysbm.a</file>
         <name>unlink.c.obj</name>
      </input_file>
      <input_file id="fl-164">
         <path>C:\ti\ccs2100\ccs\tools\compiler\ti-cgt-armllvm_5.1.1.LTS\lib\armv8m.main-ti-none-eabihf\dsp\c\</path>
         <kind>archive</kind>
         <file>libsysbm.a</file>
         <name>hostclose.c.obj</name>
      </input_file>
      <input_file id="fl-165">
         <path>C:\ti\ccs2100\ccs\tools\compiler\ti-cgt-armllvm_5.1.1.LTS\lib\armv8m.main-ti-none-eabihf\dsp\c\</path>
         <kind>archive</kind>
         <file>libsysbm.a</file>
         <name>hostlseek.c.obj</name>
      </input_file>
      <input_file id="fl-166">
         <path>C:\ti\ccs2100\ccs\tools\compiler\ti-cgt-armllvm_5.1.1.LTS\lib\armv8m.main-ti-none-eabihf\dsp\c\</path>
         <kind>archive</kind>
         <file>libsysbm.a</file>
         <name>hostopen.c.obj</name>
      </input_file>
      <input_file id="fl-167">
         <path>C:\ti\ccs2100\ccs\tools\compiler\ti-cgt-armllvm_5.1.1.LTS\lib\armv8m.main-ti-none-eabihf\dsp\c\</path>
         <kind>archive</kind>
         <file>libsysbm.a</file>
         <name>hostread.c.obj</name>
      </input_file>
      <input_file id="fl-168">
         <path>C:\ti\ccs2100\ccs\tools\compiler\ti-cgt-armllvm_5.1.1.LTS\lib\armv8m.main-ti-none-eabihf\dsp\c\</path>
         <kind>archive</kind>
         <file>libsysbm.a</file>
         <name>hostrename.c.obj</name>
      </input_file>
      <input_file id="fl-169">
         <path>C:\ti\ccs2100\ccs\tools\compiler\ti-cgt-armllvm_5.1.1.LTS\lib\armv8m.main-ti-none-eabihf\dsp\c\</path>
         <kind>archive</kind>
         <file>libsysbm.a</file>
         <name>hostunlink.c.obj</name>
      </input_file>
      <input_file id="fl-16a">
         <path>C:\ti\ccs2100\ccs\tools\compiler\ti-cgt-armllvm_5.1.1.LTS\lib\armv8m.main-ti-none-eabihf\dsp\c\</path>
         <kind>archive</kind>
         <file>libsysbm.a</file>
         <name>hostwrite.c.obj</name>
      </input_file>
      <input_file id="fl-16b">
         <path>C:\ti\ccs2100\ccs\tools\compiler\ti-cgt-armllvm_5.1.1.LTS\lib\armv8m.main-ti-none-eabihf\dsp\c\</path>
         <kind>archive</kind>
         <file>libsysbm.a</file>
         <name>trgmsg.c.obj</name>
      </input_file>
      <input_file id="fl-16c">
         <path>C:\ti\ccs2100\ccs\tools\compiler\ti-cgt-armllvm_5.1.1.LTS\lib\armv8m.main-ti-none-eabihf\dsp\</path>
         <kind>archive</kind>
         <file>libclang_rt.builtins.a</file>
         <name>adddf3.S.obj</name>
      </input_file>
      <input_file id="fl-16d">
         <path>C:\ti\ccs2100\ccs\tools\compiler\ti-cgt-armllvm_5.1.1.LTS\lib\armv8m.main-ti-none-eabihf\dsp\</path>
         <kind>archive</kind>
         <file>libclang_rt.builtins.a</file>
         <name>extendsfdf2.S.obj</name>
      </input_file>
      <input_file id="fl-16e">
         <path>C:\ti\ccs2100\ccs\tools\compiler\ti-cgt-armllvm_5.1.1.LTS\lib\armv8m.main-ti-none-eabihf\dsp\</path>
         <kind>archive</kind>
         <file>libclang_rt.builtins.a</file>
         <name>fixdfsi.S.obj</name>
      </input_file>
      <input_file id="fl-16f">
         <path>C:\ti\ccs2100\ccs\tools\compiler\ti-cgt-armllvm_5.1.1.LTS\lib\armv8m.main-ti-none-eabihf\dsp\</path>
         <kind>archive</kind>
         <file>libclang_rt.builtins.a</file>
         <name>fixunsdfsi.S.obj</name>
      </input_file>
      <input_file id="fl-170">
         <path>C:\ti\ccs2100\ccs\tools\compiler\ti-cgt-armllvm_5.1.1.LTS\lib\armv8m.main-ti-none-eabihf\dsp\</path>
         <kind>archive</kind>
         <file>libclang_rt.builtins.a</file>
         <name>floatsidf.S.obj</name>
      </input_file>
      <input_file id="fl-171">
         <path>C:\ti\ccs2100\ccs\tools\compiler\ti-cgt-armllvm_5.1.1.LTS\lib\armv8m.main-ti-none-eabihf\dsp\</path>
         <kind>archive</kind>
         <file>libclang_rt.builtins.a</file>
         <name>floatunsidf.S.obj</name>
      </input_file>
      <input_file id="fl-172">
         <path>C:\ti\ccs2100\ccs\tools\compiler\ti-cgt-armllvm_5.1.1.LTS\lib\armv8m.main-ti-none-eabihf\dsp\</path>
         <kind>archive</kind>
         <file>libclang_rt.builtins.a</file>
         <name>truncdfsf2.S.obj</name>
      </input_file>
      <input_file id="fl-173">
         <path>C:\ti\ccs2100\ccs\tools\compiler\ti-cgt-armllvm_5.1.1.LTS\lib\armv8m.main-ti-none-eabihf\dsp\</path>
         <kind>archive</kind>
         <file>libclang_rt.builtins.a</file>
         <name>comparedf2.c.obj</name>
      </input_file>
      <input_file id="fl-174">
         <path>C:\ti\ccs2100\ccs\tools\compiler\ti-cgt-armllvm_5.1.1.LTS\lib\armv8m.main-ti-none-eabihf\dsp\</path>
         <kind>archive</kind>
         <file>libclang_rt.builtins.a</file>
         <name>aeabi_dcmp.S.obj</name>
      </input_file>
      <input_file id="fl-175">
         <path>C:\ti\ccs2100\ccs\tools\compiler\ti-cgt-armllvm_5.1.1.LTS\lib\armv8m.main-ti-none-eabihf\dsp\</path>
         <kind>archive</kind>
         <file>libclang_rt.builtins.a</file>
         <name>aeabi_ddiv.c.obj</name>
      </input_file>
      <input_file id="fl-176">
         <path>C:\ti\ccs2100\ccs\tools\compiler\ti-cgt-armllvm_5.1.1.LTS\lib\armv8m.main-ti-none-eabihf\dsp\</path>
         <kind>archive</kind>
         <file>libclang_rt.builtins.a</file>
         <name>aeabi_dmul.c.obj</name>
      </input_file>
      <input_file id="fl-177">
         <path>C:\ti\ccs2100\ccs\tools\compiler\ti-cgt-armllvm_5.1.1.LTS\lib\armv8m.main-ti-none-eabihf\dsp\</path>
         <kind>archive</kind>
         <file>libclang_rt.builtins.a</file>
         <name>aeabi_uldivmod.S.obj</name>
      </input_file>
      <input_file id="fl-178">
         <path>C:\ti\ccs2100\ccs\tools\compiler\ti-cgt-armllvm_5.1.1.LTS\lib\armv8m.main-ti-none-eabihf\dsp\</path>
         <kind>archive</kind>
         <file>libclang_rt.builtins.a</file>
         <name>aeabi_memcpy.S.obj</name>
      </input_file>
      <input_file id="fl-179">
         <path>C:\ti\ccs2100\ccs\tools\compiler\ti-cgt-armllvm_5.1.1.LTS\lib\armv8m.main-ti-none-eabihf\dsp\</path>
         <kind>archive</kind>
         <file>libclang_rt.builtins.a</file>
         <name>aeabi_memset.S.obj</name>
      </input_file>
      <input_file id="fl-17a">
         <path>C:\ti\ccs2100\ccs\tools\compiler\ti-cgt-armllvm_5.1.1.LTS\lib\armv8m.main-ti-none-eabihf\dsp\</path>
         <kind>archive</kind>
         <file>libclang_rt.builtins.a</file>
         <name>udivmoddi4.S.obj</name>
      </input_file>
      <input_file id="fl-17b">
         <path>C:\ti\ccs2100\ccs\tools\compiler\ti-cgt-armllvm_5.1.1.LTS\lib\armv8m.main-ti-none-eabihf\dsp\</path>
         <kind>archive</kind>
         <file>libclang_rt.builtins.a</file>
         <name>muldf3.S.obj</name>
      </input_file>
      <input_file id="fl-17c">
         <path>C:\ti\ccs2100\ccs\tools\compiler\ti-cgt-armllvm_5.1.1.LTS\lib\armv8m.main-ti-none-eabihf\dsp\</path>
         <kind>archive</kind>
         <file>libclang_rt.builtins.a</file>
         <name>divdf3.S.obj</name>
      </input_file>
      <input_file id="fl-17d">
         <path>C:\ti\ccs2100\ccs\tools\compiler\ti-cgt-armllvm_5.1.1.LTS\lib\armv8m.main-ti-none-eabihf\dsp\</path>
         <kind>archive</kind>
         <file>libclang_rt.builtins.a</file>
         <name>aeabi_div0.c.obj</name>
      </input_file>
      <input_file id="fl-17e">
         <path>C:\ti\ccs2100\ccs\tools\compiler\ti-cgt-armllvm_5.1.1.LTS\lib\armv8m.main-ti-none-eabihf\dsp\c\</path>
         <kind>archive</kind>
         <file>libc.a</file>
         <name>divdf3_fast.c.obj</name>
      </input_file>
      <input_file id="fl-17f">
         <path>C:\ti\ccs2100\ccs\tools\compiler\ti-cgt-armllvm_5.1.1.LTS\lib\armv8m.main-ti-none-eabihf\dsp\c\</path>
         <kind>archive</kind>
         <file>libc.a</file>
         <name>muldf3_fast.c.obj</name>
      </input_file>
      <input_file id="fl-180">
         <path>C:\ti\ccs2100\ccs\tools\compiler\ti-cgt-armllvm_5.1.1.LTS\lib\armv8m.main-ti-none-eabihf\dsp\c\</path>
         <kind>archive</kind>
         <file>libc.a</file>
         <name>getdevice.c.obj</name>
      </input_file>
      <input_file id="fl-181">
         <path>C:\ti\ccs2100\ccs\tools\compiler\ti-cgt-armllvm_5.1.1.LTS\lib\armv8m.main-ti-none-eabihf\dsp\c\</path>
         <kind>archive</kind>
         <file>libc.a</file>
         <name>strcmp_t2.S.obj</name>
      </input_file>
      <input_file id="fl-182">
         <path>C:\ti\ccs2100\ccs\tools\compiler\ti-cgt-armllvm_5.1.1.LTS\lib\armv8m.main-ti-none-eabihf\dsp\c\</path>
         <kind>archive</kind>
         <file>libc.a</file>
         <name>memcpy_t2.S.obj</name>
      </input_file>
      <input_file id="fl-183">
         <path>C:\ti\ccs2100\ccs\tools\compiler\ti-cgt-armllvm_5.1.1.LTS\lib\armv8m.main-ti-none-eabihf\dsp\c\</path>
         <kind>archive</kind>
         <file>libc.a</file>
         <name>memset_t2.S.obj</name>
      </input_file>
   </input_file_list>
   <object_component_list>
      <object_component id="oc-18">
         <name>.intvecs</name>
         <load_address>0x0</load_address>
         <readonly>true</readonly>
         <run_address>0x0</run_address>
         <size>0x100</size>
         <alignment>0x4</alignment>
         <input_file_ref idref="fl-28"/>
      </object_component>
      <object_component id="oc-3b9">
         <name>.text:strcmp</name>
         <load_address>0x640</load_address>
         <readonly>true</readonly>
         <executable>true</executable>
         <run_address>0x640</run_address>
         <size>0x2dc</size>
         <alignment>0x20</alignment>
         <input_file_ref idref="fl-181"/>
      </object_component>
      <object_component id="oc-27c">
         <name>.text:__TI_printfi_minimal</name>
         <load_address>0x91c</load_address>
         <readonly>true</readonly>
         <executable>true</executable>
         <run_address>0x91c</run_address>
         <size>0x254</size>
         <alignment>0x4</alignment>
         <input_file_ref idref="fl-139"/>
      </object_component>
      <object_component id="oc-241">
         <name>.text.UART_consecutive_transfer_start</name>
         <load_address>0xb70</load_address>
         <readonly>true</readonly>
         <executable>true</executable>
         <run_address>0xb70</run_address>
         <size>0x1f8</size>
         <alignment>0x4</alignment>
         <input_file_ref idref="fl-9"/>
      </object_component>
      <object_component id="oc-1a8">
         <name>.text</name>
         <load_address>0xd68</load_address>
         <readonly>true</readonly>
         <executable>true</executable>
         <run_address>0xd68</run_address>
         <size>0x1b6</size>
         <alignment>0x4</alignment>
         <input_file_ref idref="fl-16c"/>
      </object_component>
      <object_component id="oc-174">
         <name>.text.DL_ECAP_init</name>
         <load_address>0xf1e</load_address>
         <readonly>true</readonly>
         <executable>true</executable>
         <run_address>0xf1e</run_address>
         <size>0x17c</size>
         <alignment>0x2</alignment>
         <input_file_ref idref="fl-20"/>
      </object_component>
      <object_component id="oc-c3">
         <name>.text.Capture_init</name>
         <load_address>0x109a</load_address>
         <readonly>true</readonly>
         <executable>true</executable>
         <run_address>0x109a</run_address>
         <size>0x2</size>
         <alignment>0x2</alignment>
         <input_file_ref idref="fl-1"/>
      </object_component>
      <object_component id="oc-185">
         <name>.text.DL_MCPWM_configureActionQualifierActions</name>
         <load_address>0x109c</load_address>
         <readonly>true</readonly>
         <executable>true</executable>
         <run_address>0x109c</run_address>
         <size>0x16a</size>
         <alignment>0x4</alignment>
         <input_file_ref idref="fl-22"/>
      </object_component>
      <object_component id="oc-106">
         <name>.text.SYSCFG_DL_initPower</name>
         <load_address>0x1206</load_address>
         <readonly>true</readonly>
         <executable>true</executable>
         <run_address>0x1206</run_address>
         <size>0x164</size>
         <alignment>0x2</alignment>
         <input_file_ref idref="fl-3"/>
      </object_component>
      <object_component id="oc-c1">
         <name>.text.Clocks_init</name>
         <load_address>0x136a</load_address>
         <readonly>true</readonly>
         <executable>true</executable>
         <run_address>0x136a</run_address>
         <size>0x2</size>
         <alignment>0x2</alignment>
         <input_file_ref idref="fl-2"/>
      </object_component>
      <object_component id="oc-26e">
         <name>.text</name>
         <load_address>0x136c</load_address>
         <readonly>true</readonly>
         <executable>true</executable>
         <run_address>0x136c</run_address>
         <size>0x14c</size>
         <alignment>0x4</alignment>
         <input_file_ref idref="fl-17c"/>
      </object_component>
      <object_component id="oc-1c7">
         <name>.text.capture_get_data</name>
         <load_address>0x14b8</load_address>
         <readonly>true</readonly>
         <executable>true</executable>
         <run_address>0x14b8</run_address>
         <size>0x12e</size>
         <alignment>0x2</alignment>
         <input_file_ref idref="fl-7"/>
      </object_component>
      <object_component id="oc-242">
         <name>.text.UART_consecutive_transfer_stop</name>
         <load_address>0x15e6</load_address>
         <readonly>true</readonly>
         <executable>true</executable>
         <run_address>0x15e6</run_address>
         <size>0x2</size>
         <alignment>0x2</alignment>
         <input_file_ref idref="fl-9"/>
      </object_component>
      <object_component id="oc-11b">
         <name>.text.UART_apply_configuration</name>
         <load_address>0x15e8</load_address>
         <readonly>true</readonly>
         <executable>true</executable>
         <run_address>0x15e8</run_address>
         <size>0x128</size>
         <alignment>0x4</alignment>
         <input_file_ref idref="fl-9"/>
      </object_component>
      <object_component id="oc-11d">
         <name>.text.pwm_configure</name>
         <load_address>0x1710</load_address>
         <readonly>true</readonly>
         <executable>true</executable>
         <run_address>0x1710</run_address>
         <size>0x128</size>
         <alignment>0x8</alignment>
         <input_file_ref idref="fl-8"/>
      </object_component>
      <object_component id="oc-187">
         <name>.text.DL_MCPWM_configureLoadMode</name>
         <load_address>0x1838</load_address>
         <readonly>true</readonly>
         <executable>true</executable>
         <run_address>0x1838</run_address>
         <size>0x11e</size>
         <alignment>0x2</alignment>
         <input_file_ref idref="fl-22"/>
      </object_component>
      <object_component id="oc-172">
         <name>.text.DL_ADC_sequencerInit</name>
         <load_address>0x1956</load_address>
         <readonly>true</readonly>
         <executable>true</executable>
         <run_address>0x1956</run_address>
         <size>0x102</size>
         <alignment>0x2</alignment>
         <input_file_ref idref="fl-1d"/>
      </object_component>
      <object_component id="oc-344">
         <name>.text.aligned_alloc</name>
         <load_address>0x1a58</load_address>
         <readonly>true</readonly>
         <executable>true</executable>
         <run_address>0x1a58</run_address>
         <size>0x100</size>
         <alignment>0x4</alignment>
         <input_file_ref idref="fl-148"/>
      </object_component>
      <object_component id="oc-264">
         <name>.text</name>
         <load_address>0x1b58</load_address>
         <readonly>true</readonly>
         <executable>true</executable>
         <run_address>0x1b58</run_address>
         <size>0xfc</size>
         <alignment>0x4</alignment>
         <input_file_ref idref="fl-17b"/>
      </object_component>
      <object_component id="oc-1bc">
         <name>.text.uart_read</name>
         <load_address>0x1c54</load_address>
         <readonly>true</readonly>
         <executable>true</executable>
         <run_address>0x1c54</run_address>
         <size>0xf8</size>
         <alignment>0x2</alignment>
         <input_file_ref idref="fl-7"/>
      </object_component>
      <object_component id="oc-287">
         <name>.text.fputs</name>
         <load_address>0x1d4c</load_address>
         <readonly>true</readonly>
         <executable>true</executable>
         <run_address>0x1d4c</run_address>
         <size>0xe8</size>
         <alignment>0x4</alignment>
         <input_file_ref idref="fl-13d"/>
      </object_component>
      <object_component id="oc-183">
         <name>.text.DL_MCPWM_configureCounterCompare</name>
         <load_address>0x1e34</load_address>
         <readonly>true</readonly>
         <executable>true</executable>
         <run_address>0x1e34</run_address>
         <size>0xe6</size>
         <alignment>0x2</alignment>
         <input_file_ref idref="fl-22"/>
      </object_component>
      <object_component id="oc-237">
         <name>.text.UART_stop</name>
         <load_address>0x1f1a</load_address>
         <readonly>true</readonly>
         <executable>true</executable>
         <run_address>0x1f1a</run_address>
         <size>0x2</size>
         <alignment>0x2</alignment>
         <input_file_ref idref="fl-9"/>
      </object_component>
      <object_component id="oc-31b">
         <name>.text.free</name>
         <load_address>0x1f1c</load_address>
         <readonly>true</readonly>
         <executable>true</executable>
         <run_address>0x1f1c</run_address>
         <size>0xdc</size>
         <alignment>0x4</alignment>
         <input_file_ref idref="fl-148"/>
      </object_component>
      <object_component id="oc-2d9">
         <name>.text.setvbuf</name>
         <load_address>0x1ff8</load_address>
         <readonly>true</readonly>
         <executable>true</executable>
         <run_address>0x1ff8</run_address>
         <size>0xd8</size>
         <alignment>0x4</alignment>
         <input_file_ref idref="fl-13f"/>
      </object_component>
      <object_component id="oc-198">
         <name>.text.DL_MCPWM_configureEventTrigger</name>
         <load_address>0x20d0</load_address>
         <readonly>true</readonly>
         <executable>true</executable>
         <run_address>0x20d0</run_address>
         <size>0xd2</size>
         <alignment>0x2</alignment>
         <input_file_ref idref="fl-22"/>
      </object_component>
      <object_component id="oc-32b">
         <name>.text.__aeabi_ldiv0</name>
         <load_address>0x21a2</load_address>
         <readonly>true</readonly>
         <executable>true</executable>
         <run_address>0x21a2</run_address>
         <size>0x2</size>
         <alignment>0x2</alignment>
         <input_file_ref idref="fl-17d"/>
      </object_component>
      <object_component id="oc-2e6">
         <name>.text</name>
         <load_address>0x21a4</load_address>
         <readonly>true</readonly>
         <executable>true</executable>
         <run_address>0x21a4</run_address>
         <size>0xb0</size>
         <alignment>0x4</alignment>
         <input_file_ref idref="fl-17a"/>
      </object_component>
      <object_component id="oc-10b">
         <name>.text.SYSCFG_DL_HSADC_init</name>
         <load_address>0x2254</load_address>
         <readonly>true</readonly>
         <executable>true</executable>
         <run_address>0x2254</run_address>
         <size>0x9a</size>
         <alignment>0x2</alignment>
         <input_file_ref idref="fl-3"/>
      </object_component>
      <object_component id="oc-1ca">
         <name>.text._nop</name>
         <load_address>0x22ee</load_address>
         <readonly>true</readonly>
         <executable>true</executable>
         <run_address>0x22ee</run_address>
         <size>0x2</size>
         <alignment>0x2</alignment>
         <input_file_ref idref="fl-142"/>
      </object_component>
      <object_component id="oc-236">
         <name>.text.UART_transfer_till_read_count</name>
         <load_address>0x22f0</load_address>
         <readonly>true</readonly>
         <executable>true</executable>
         <run_address>0x22f0</run_address>
         <size>0x96</size>
         <alignment>0x4</alignment>
         <input_file_ref idref="fl-9"/>
      </object_component>
      <object_component id="oc-17c">
         <name>.text.DL_MCPWM_configureTimeBase</name>
         <load_address>0x2386</load_address>
         <readonly>true</readonly>
         <executable>true</executable>
         <run_address>0x2386</run_address>
         <size>0x94</size>
         <alignment>0x2</alignment>
         <input_file_ref idref="fl-22"/>
      </object_component>
      <object_component id="oc-163">
         <name>.text.DL_SYSCTL_configSYSPLL</name>
         <load_address>0x241c</load_address>
         <readonly>true</readonly>
         <executable>true</executable>
         <run_address>0x241c</run_address>
         <size>0x92</size>
         <alignment>0x4</alignment>
         <input_file_ref idref="fl-23"/>
      </object_component>
      <object_component id="oc-113">
         <name>.text.SYSCFG_DL_RS485_UART_init</name>
         <load_address>0x24ae</load_address>
         <readonly>true</readonly>
         <executable>true</executable>
         <run_address>0x24ae</run_address>
         <size>0x92</size>
         <alignment>0x2</alignment>
         <input_file_ref idref="fl-3"/>
      </object_component>
      <object_component id="oc-114">
         <name>.text.SYSCFG_DL_USER_UART_init</name>
         <load_address>0x2540</load_address>
         <readonly>true</readonly>
         <executable>true</executable>
         <run_address>0x2540</run_address>
         <size>0x92</size>
         <alignment>0x2</alignment>
         <input_file_ref idref="fl-3"/>
      </object_component>
      <object_component id="oc-238">
         <name>.text.UART_transfer_until_char</name>
         <load_address>0x25d4</load_address>
         <readonly>true</readonly>
         <executable>true</executable>
         <run_address>0x25d4</run_address>
         <size>0x90</size>
         <alignment>0x4</alignment>
         <input_file_ref idref="fl-9"/>
      </object_component>
      <object_component id="oc-1bf">
         <name>.text.uart_single_transfer</name>
         <load_address>0x2664</load_address>
         <readonly>true</readonly>
         <executable>true</executable>
         <run_address>0x2664</run_address>
         <size>0x90</size>
         <alignment>0x2</alignment>
         <input_file_ref idref="fl-7"/>
      </object_component>
      <object_component id="oc-257">
         <name>.text.fputc</name>
         <load_address>0x26f4</load_address>
         <readonly>true</readonly>
         <executable>true</executable>
         <run_address>0x26f4</run_address>
         <size>0x88</size>
         <alignment>0x4</alignment>
         <input_file_ref idref="fl-13c"/>
      </object_component>
      <object_component id="oc-1b9">
         <name>.text.pwm_set_config</name>
         <load_address>0x277c</load_address>
         <readonly>true</readonly>
         <executable>true</executable>
         <run_address>0x277c</run_address>
         <size>0x88</size>
         <alignment>0x2</alignment>
         <input_file_ref idref="fl-7"/>
      </object_component>
      <object_component id="oc-22d">
         <name>.text.UART_read_until_char</name>
         <load_address>0x2804</load_address>
         <readonly>true</readonly>
         <executable>true</executable>
         <run_address>0x2804</run_address>
         <size>0x82</size>
         <alignment>0x4</alignment>
         <input_file_ref idref="fl-9"/>
      </object_component>
      <object_component id="oc-1bd">
         <name>.text.uart_read_buffer_get</name>
         <load_address>0x2888</load_address>
         <readonly>true</readonly>
         <executable>true</executable>
         <run_address>0x2888</run_address>
         <size>0x82</size>
         <alignment>0x4</alignment>
         <input_file_ref idref="fl-7"/>
      </object_component>
      <object_component id="oc-36">
         <name>.text.Reset_Handler</name>
         <load_address>0x290a</load_address>
         <readonly>true</readonly>
         <executable>true</executable>
         <run_address>0x290a</run_address>
         <size>0x6</size>
         <alignment>0x2</alignment>
         <input_file_ref idref="fl-28"/>
      </object_component>
      <object_component id="oc-247">
         <name>.text.Capture_stop</name>
         <load_address>0x2910</load_address>
         <readonly>true</readonly>
         <executable>true</executable>
         <run_address>0x2910</run_address>
         <size>0x80</size>
         <alignment>0x8</alignment>
         <input_file_ref idref="fl-1"/>
      </object_component>
      <object_component id="oc-104">
         <name>.text.SYSCFG_DL_SYSCTL_CLK_init</name>
         <load_address>0x2990</load_address>
         <readonly>true</readonly>
         <executable>true</executable>
         <run_address>0x2990</run_address>
         <size>0x80</size>
         <alignment>0x4</alignment>
         <input_file_ref idref="fl-3"/>
      </object_component>
      <object_component id="oc-1be">
         <name>.text.uart_put_into_write_buffer</name>
         <load_address>0x2a10</load_address>
         <readonly>true</readonly>
         <executable>true</executable>
         <run_address>0x2a10</run_address>
         <size>0x7e</size>
         <alignment>0x4</alignment>
         <input_file_ref idref="fl-7"/>
      </object_component>
      <object_component id="oc-f8">
         <name>.text.Device_InitPrepareHw</name>
         <load_address>0x2a8e</load_address>
         <readonly>true</readonly>
         <executable>true</executable>
         <run_address>0x2a8e</run_address>
         <size>0x7c</size>
         <alignment>0x2</alignment>
         <input_file_ref idref="fl-1a"/>
      </object_component>
      <object_component id="oc-22f">
         <name>.text.UART_read_till_count</name>
         <load_address>0x2b0c</load_address>
         <readonly>true</readonly>
         <executable>true</executable>
         <run_address>0x2b0c</run_address>
         <size>0x7c</size>
         <alignment>0x4</alignment>
         <input_file_ref idref="fl-9"/>
      </object_component>
      <object_component id="oc-1b8">
         <name>.text.get_device_info</name>
         <load_address>0x2b88</load_address>
         <readonly>true</readonly>
         <executable>true</executable>
         <run_address>0x2b88</run_address>
         <size>0x78</size>
         <alignment>0x4</alignment>
         <input_file_ref idref="fl-7"/>
      </object_component>
      <object_component id="oc-1c">
         <name>.text:decompress:lzss</name>
         <load_address>0x2c00</load_address>
         <readonly>true</readonly>
         <executable>true</executable>
         <run_address>0x2c00</run_address>
         <size>0x74</size>
         <alignment>0x2</alignment>
         <input_file_ref idref="fl-151"/>
      </object_component>
      <object_component id="oc-170">
         <name>.text.DL_ADC_dmaInterruptInit</name>
         <load_address>0x2c74</load_address>
         <readonly>true</readonly>
         <executable>true</executable>
         <run_address>0x2c74</run_address>
         <size>0x70</size>
         <alignment>0x2</alignment>
         <input_file_ref idref="fl-1d"/>
      </object_component>
      <object_component id="oc-345">
         <name>.text.__TI_closefile</name>
         <load_address>0x2ce4</load_address>
         <readonly>true</readonly>
         <executable>true</executable>
         <run_address>0x2ce4</run_address>
         <size>0x70</size>
         <alignment>0x4</alignment>
         <input_file_ref idref="fl-15b"/>
      </object_component>
      <object_component id="oc-278">
         <name>.text</name>
         <load_address>0x2d54</load_address>
         <readonly>true</readonly>
         <executable>true</executable>
         <run_address>0x2d54</run_address>
         <size>0x6e</size>
         <alignment>0x4</alignment>
         <input_file_ref idref="fl-172"/>
      </object_component>
      <object_component id="oc-c4">
         <name>.text.PWM_init</name>
         <load_address>0x2dc4</load_address>
         <readonly>true</readonly>
         <executable>true</executable>
         <run_address>0x2dc4</run_address>
         <size>0x6c</size>
         <alignment>0x4</alignment>
         <input_file_ref idref="fl-8"/>
      </object_component>
      <object_component id="oc-376">
         <name>.text.split</name>
         <load_address>0x2e30</load_address>
         <readonly>true</readonly>
         <executable>true</executable>
         <run_address>0x2e30</run_address>
         <size>0x6c</size>
         <alignment>0x4</alignment>
         <input_file_ref idref="fl-148"/>
      </object_component>
      <object_component id="oc-46">
         <name>.text.UC2_IRQHandler</name>
         <load_address>0x2e9c</load_address>
         <readonly>true</readonly>
         <executable>true</executable>
         <run_address>0x2e9c</run_address>
         <size>0x6a</size>
         <alignment>0x2</alignment>
         <input_file_ref idref="fl-9"/>
      </object_component>
      <object_component id="oc-317">
         <name>.text.fseeko</name>
         <load_address>0x2f08</load_address>
         <readonly>true</readonly>
         <executable>true</executable>
         <run_address>0x2f08</run_address>
         <size>0x68</size>
         <alignment>0x4</alignment>
         <input_file_ref idref="fl-158"/>
      </object_component>
      <object_component id="oc-3ad">
         <name>.text.getdevice</name>
         <load_address>0x2f70</load_address>
         <readonly>true</readonly>
         <executable>true</executable>
         <run_address>0x2f70</run_address>
         <size>0x68</size>
         <alignment>0x4</alignment>
         <input_file_ref idref="fl-180"/>
      </object_component>
      <object_component id="oc-141">
         <name>.text.Arch_Interrupt_Init</name>
         <load_address>0x2fd8</load_address>
         <readonly>true</readonly>
         <executable>true</executable>
         <run_address>0x2fd8</run_address>
         <size>0x66</size>
         <alignment>0x4</alignment>
         <input_file_ref idref="fl-1c"/>
      </object_component>
      <object_component id="oc-36a">
         <name>.text.HOSTrename</name>
         <load_address>0x3040</load_address>
         <readonly>true</readonly>
         <executable>true</executable>
         <run_address>0x3040</run_address>
         <size>0x64</size>
         <alignment>0x4</alignment>
         <input_file_ref idref="fl-168"/>
      </object_component>
      <object_component id="oc-1bb">
         <name>.text.uart_write</name>
         <load_address>0x30a4</load_address>
         <readonly>true</readonly>
         <executable>true</executable>
         <run_address>0x30a4</run_address>
         <size>0x62</size>
         <alignment>0x4</alignment>
         <input_file_ref idref="fl-7"/>
      </object_component>
      <object_component id="oc-34e">
         <name>.text.HOSTopen</name>
         <load_address>0x3108</load_address>
         <readonly>true</readonly>
         <executable>true</executable>
         <run_address>0x3108</run_address>
         <size>0x60</size>
         <alignment>0x4</alignment>
         <input_file_ref idref="fl-166"/>
      </object_component>
      <object_component id="oc-112">
         <name>.text.SYSCFG_DL_HSADC_TRIGGER_PWM_init</name>
         <load_address>0x3168</load_address>
         <readonly>true</readonly>
         <executable>true</executable>
         <run_address>0x3168</run_address>
         <size>0x60</size>
         <alignment>0x2</alignment>
         <input_file_ref idref="fl-3"/>
      </object_component>
      <object_component id="oc-28d">
         <name>.text.__TI_wrt_ok</name>
         <load_address>0x31c8</load_address>
         <readonly>true</readonly>
         <executable>true</executable>
         <run_address>0x31c8</run_address>
         <size>0x60</size>
         <alignment>0x2</alignment>
         <input_file_ref idref="fl-13e"/>
      </object_component>
      <object_component id="oc-1e0">
         <name>.text.printf</name>
         <load_address>0x3228</load_address>
         <readonly>true</readonly>
         <executable>true</executable>
         <run_address>0x3228</run_address>
         <size>0x60</size>
         <alignment>0x4</alignment>
         <input_file_ref idref="fl-138"/>
      </object_component>
      <object_component id="oc-378">
         <name>.text.close</name>
         <load_address>0x3288</load_address>
         <readonly>true</readonly>
         <executable>true</executable>
         <run_address>0x3288</run_address>
         <size>0x5c</size>
         <alignment>0x4</alignment>
         <input_file_ref idref="fl-162"/>
      </object_component>
      <object_component id="oc-275">
         <name>.text.Clocks_get_time_us</name>
         <load_address>0x32e4</load_address>
         <readonly>true</readonly>
         <executable>true</executable>
         <run_address>0x32e4</run_address>
         <size>0x5a</size>
         <alignment>0x2</alignment>
         <input_file_ref idref="fl-2"/>
      </object_component>
      <object_component id="oc-1c1">
         <name>.text.uart_configure_consecutive_transfer_instance</name>
         <load_address>0x333e</load_address>
         <readonly>true</readonly>
         <executable>true</executable>
         <run_address>0x333e</run_address>
         <size>0x58</size>
         <alignment>0x2</alignment>
         <input_file_ref idref="fl-7"/>
      </object_component>
      <object_component id="oc-358">
         <name>.text.HOSTread</name>
         <load_address>0x3398</load_address>
         <readonly>true</readonly>
         <executable>true</executable>
         <run_address>0x3398</run_address>
         <size>0x54</size>
         <alignment>0x4</alignment>
         <input_file_ref idref="fl-167"/>
      </object_component>
      <object_component id="oc-35c">
         <name>.text.HOSTwrite</name>
         <load_address>0x33ec</load_address>
         <readonly>true</readonly>
         <executable>true</executable>
         <run_address>0x33ec</run_address>
         <size>0x54</size>
         <alignment>0x4</alignment>
         <input_file_ref idref="fl-16a"/>
      </object_component>
      <object_component id="oc-10f">
         <name>.text.SYSCFG_DL_PWM_CH1_init</name>
         <load_address>0x3440</load_address>
         <readonly>true</readonly>
         <executable>true</executable>
         <run_address>0x3440</run_address>
         <size>0x52</size>
         <alignment>0x2</alignment>
         <input_file_ref idref="fl-3"/>
      </object_component>
      <object_component id="oc-110">
         <name>.text.SYSCFG_DL_PWM_CH2_init</name>
         <load_address>0x3492</load_address>
         <readonly>true</readonly>
         <executable>true</executable>
         <run_address>0x3492</run_address>
         <size>0x52</size>
         <alignment>0x2</alignment>
         <input_file_ref idref="fl-3"/>
      </object_component>
      <object_component id="oc-111">
         <name>.text.SYSCFG_DL_PWM_CH3_init</name>
         <load_address>0x34e4</load_address>
         <readonly>true</readonly>
         <executable>true</executable>
         <run_address>0x34e4</run_address>
         <size>0x52</size>
         <alignment>0x2</alignment>
         <input_file_ref idref="fl-3"/>
      </object_component>
      <object_component id="oc-bc">
         <name>.text.SYSCFG_DL_init</name>
         <load_address>0x3536</load_address>
         <readonly>true</readonly>
         <executable>true</executable>
         <run_address>0x3536</run_address>
         <size>0x52</size>
         <alignment>0x2</alignment>
         <input_file_ref idref="fl-3"/>
      </object_component>
      <object_component id="oc-10e">
         <name>.text.SYSCFG_DL_PWM_CH0_init</name>
         <load_address>0x3588</load_address>
         <readonly>true</readonly>
         <executable>true</executable>
         <run_address>0x3588</run_address>
         <size>0x50</size>
         <alignment>0x2</alignment>
         <input_file_ref idref="fl-3"/>
      </object_component>
      <object_component id="oc-297">
         <name>.text.__TI_doflush</name>
         <load_address>0x35d8</load_address>
         <readonly>true</readonly>
         <executable>true</executable>
         <run_address>0x35d8</run_address>
         <size>0x50</size>
         <alignment>0x2</alignment>
         <input_file_ref idref="fl-156"/>
      </object_component>
      <object_component id="oc-13c">
         <name>.text.copy_in</name>
         <load_address>0x3628</load_address>
         <readonly>true</readonly>
         <executable>true</executable>
         <run_address>0x3628</run_address>
         <size>0x50</size>
         <alignment>0x4</alignment>
         <input_file_ref idref="fl-14e"/>
      </object_component>
      <object_component id="oc-1b7">
         <name>.text.ping_device</name>
         <load_address>0x3678</load_address>
         <readonly>true</readonly>
         <executable>true</executable>
         <run_address>0x3678</run_address>
         <size>0x50</size>
         <alignment>0x2</alignment>
         <input_file_ref idref="fl-7"/>
      </object_component>
      <object_component id="oc-19d">
         <name>.text.DL_UART_init</name>
         <load_address>0x36c8</load_address>
         <readonly>true</readonly>
         <executable>true</executable>
         <run_address>0x36c8</run_address>
         <size>0x4e</size>
         <alignment>0x2</alignment>
         <input_file_ref idref="fl-25"/>
      </object_component>
      <object_component id="oc-1c2">
         <name>.text.uart_consecutive_transfer_instance_write_bytes</name>
         <load_address>0x3718</load_address>
         <readonly>true</readonly>
         <executable>true</executable>
         <run_address>0x3718</run_address>
         <size>0x4e</size>
         <alignment>0x4</alignment>
         <input_file_ref idref="fl-7"/>
      </object_component>
      <object_component id="oc-360">
         <name>.text.HOSTlseek</name>
         <load_address>0x3768</load_address>
         <readonly>true</readonly>
         <executable>true</executable>
         <run_address>0x3768</run_address>
         <size>0x4c</size>
         <alignment>0x4</alignment>
         <input_file_ref idref="fl-165"/>
      </object_component>
      <object_component id="oc-168">
         <name>.text.DL_ADC_socInit</name>
         <load_address>0x37b4</load_address>
         <readonly>true</readonly>
         <executable>true</executable>
         <run_address>0x37b4</run_address>
         <size>0x4a</size>
         <alignment>0x2</alignment>
         <input_file_ref idref="fl-1d"/>
      </object_component>
      <object_component id="oc-cf">
         <name>.text.HSADC_acquire</name>
         <load_address>0x3800</load_address>
         <readonly>true</readonly>
         <executable>true</executable>
         <run_address>0x3800</run_address>
         <size>0x48</size>
         <alignment>0x4</alignment>
         <input_file_ref idref="fl-4"/>
      </object_component>
      <object_component id="oc-15c">
         <name>.text.DL_SYSCTL_setHFCLKSourceXTAL</name>
         <load_address>0x3848</load_address>
         <readonly>true</readonly>
         <executable>true</executable>
         <run_address>0x3848</run_address>
         <size>0x46</size>
         <alignment>0x4</alignment>
         <input_file_ref idref="fl-23"/>
      </object_component>
      <object_component id="oc-1f5">
         <name>.text.DL_DMA_initChannel</name>
         <load_address>0x388e</load_address>
         <readonly>true</readonly>
         <executable>true</executable>
         <run_address>0x388e</run_address>
         <size>0x44</size>
         <alignment>0x2</alignment>
         <input_file_ref idref="fl-1f"/>
      </object_component>
      <object_component id="oc-e6">
         <name>.text:__TI_auto_init_nopinit</name>
         <load_address>0x38d4</load_address>
         <readonly>true</readonly>
         <executable>true</executable>
         <run_address>0x38d4</run_address>
         <size>0x44</size>
         <alignment>0x4</alignment>
         <input_file_ref idref="fl-14c"/>
      </object_component>
      <object_component id="oc-1ac">
         <name>.text</name>
         <load_address>0x3918</load_address>
         <readonly>true</readonly>
         <executable>true</executable>
         <run_address>0x3918</run_address>
         <size>0x44</size>
         <alignment>0x4</alignment>
         <input_file_ref idref="fl-16f"/>
      </object_component>
      <object_component id="oc-364">
         <name>.text.HOSTunlink</name>
         <load_address>0x395c</load_address>
         <readonly>true</readonly>
         <executable>true</executable>
         <run_address>0x395c</run_address>
         <size>0x40</size>
         <alignment>0x4</alignment>
         <input_file_ref idref="fl-169"/>
      </object_component>
      <object_component id="oc-166">
         <name>.text.SYSCFG_DL_HSADC_DMA_init</name>
         <load_address>0x399c</load_address>
         <readonly>true</readonly>
         <executable>true</executable>
         <run_address>0x399c</run_address>
         <size>0x40</size>
         <alignment>0x2</alignment>
         <input_file_ref idref="fl-3"/>
      </object_component>
      <object_component id="oc-c9">
         <name>.text.HSADC_init</name>
         <load_address>0x39dc</load_address>
         <readonly>true</readonly>
         <executable>true</executable>
         <run_address>0x39dc</run_address>
         <size>0x3e</size>
         <alignment>0x2</alignment>
         <input_file_ref idref="fl-4"/>
      </object_component>
      <object_component id="oc-156">
         <name>.text.Log_RegisterOutput</name>
         <load_address>0x3a1a</load_address>
         <readonly>true</readonly>
         <executable>true</executable>
         <run_address>0x3a1a</run_address>
         <size>0x3e</size>
         <alignment>0x2</alignment>
         <input_file_ref idref="fl-26"/>
      </object_component>
      <object_component id="oc-1c5">
         <name>.text.uart_consecutive_transfer_instance_read_bytes</name>
         <load_address>0x3a58</load_address>
         <readonly>true</readonly>
         <executable>true</executable>
         <run_address>0x3a58</run_address>
         <size>0x3e</size>
         <alignment>0x4</alignment>
         <input_file_ref idref="fl-7"/>
      </object_component>
      <object_component id="oc-354">
         <name>.text.HOSTclose</name>
         <load_address>0x3a98</load_address>
         <readonly>true</readonly>
         <executable>true</executable>
         <run_address>0x3a98</run_address>
         <size>0x3c</size>
         <alignment>0x4</alignment>
         <input_file_ref idref="fl-164"/>
      </object_component>
      <object_component id="oc-240">
         <name>.text.UART_consecutive_transfer_write_byte</name>
         <load_address>0x3ad4</load_address>
         <readonly>true</readonly>
         <executable>true</executable>
         <run_address>0x3ad4</run_address>
         <size>0x3c</size>
         <alignment>0x4</alignment>
         <input_file_ref idref="fl-9"/>
      </object_component>
      <object_component id="oc-22a">
         <name>.text.UART_write</name>
         <load_address>0x3b10</load_address>
         <readonly>true</readonly>
         <executable>true</executable>
         <run_address>0x3b10</run_address>
         <size>0x38</size>
         <alignment>0x4</alignment>
         <input_file_ref idref="fl-9"/>
      </object_component>
      <object_component id="oc-31e">
         <name>.text.__TI_cleanup</name>
         <load_address>0x3b48</load_address>
         <readonly>true</readonly>
         <executable>true</executable>
         <run_address>0x3b48</run_address>
         <size>0x38</size>
         <alignment>0x4</alignment>
         <input_file_ref idref="fl-157"/>
      </object_component>
      <object_component id="oc-1c6">
         <name>.text.capture_control</name>
         <load_address>0x3b80</load_address>
         <readonly>true</readonly>
         <executable>true</executable>
         <run_address>0x3b80</run_address>
         <size>0x38</size>
         <alignment>0x2</alignment>
         <input_file_ref idref="fl-7"/>
      </object_component>
      <object_component id="oc-1c4">
         <name>.text.uart_consecutive_transfer_instance_get_read_count_and_status</name>
         <load_address>0x3bb8</load_address>
         <readonly>true</readonly>
         <executable>true</executable>
         <run_address>0x3bb8</run_address>
         <size>0x38</size>
         <alignment>0x2</alignment>
         <input_file_ref idref="fl-7"/>
      </object_component>
      <object_component id="oc-1b0">
         <name>.text</name>
         <load_address>0x3bf0</load_address>
         <readonly>true</readonly>
         <executable>true</executable>
         <run_address>0x3bf0</run_address>
         <size>0x38</size>
         <alignment>0x4</alignment>
         <input_file_ref idref="fl-16d"/>
      </object_component>
      <object_component id="oc-40">
         <name>.text.ECAP0_IRQHandler</name>
         <load_address>0x3c28</load_address>
         <readonly>true</readonly>
         <executable>true</executable>
         <run_address>0x3c28</run_address>
         <size>0x36</size>
         <alignment>0x2</alignment>
         <input_file_ref idref="fl-1"/>
      </object_component>
      <object_component id="oc-ca">
         <name>.text.protocol_app_interface_init</name>
         <load_address>0x3c5e</load_address>
         <readonly>true</readonly>
         <executable>true</executable>
         <run_address>0x3c5e</run_address>
         <size>0x36</size>
         <alignment>0x2</alignment>
         <input_file_ref idref="fl-7"/>
      </object_component>
      <object_component id="oc-384">
         <name>.text.__TI_writemsg</name>
         <load_address>0x3c94</load_address>
         <readonly>true</readonly>
         <executable>true</executable>
         <run_address>0x3c94</run_address>
         <size>0x34</size>
         <alignment>0x4</alignment>
         <input_file_ref idref="fl-16b"/>
      </object_component>
      <object_component id="oc-9b">
         <name>.text.main</name>
         <load_address>0x3cc8</load_address>
         <readonly>true</readonly>
         <executable>true</executable>
         <run_address>0x3cc8</run_address>
         <size>0x34</size>
         <alignment>0x4</alignment>
         <input_file_ref idref="fl-5"/>
      </object_component>
      <object_component id="oc-1ba">
         <name>.text.uart_configure</name>
         <load_address>0x3cfc</load_address>
         <readonly>true</readonly>
         <executable>true</executable>
         <run_address>0x3cfc</run_address>
         <size>0x34</size>
         <alignment>0x2</alignment>
         <input_file_ref idref="fl-7"/>
      </object_component>
      <object_component id="oc-1c0">
         <name>.text.uart_consecutive_transfers_configure</name>
         <load_address>0x3d30</load_address>
         <readonly>true</readonly>
         <executable>true</executable>
         <run_address>0x3d30</run_address>
         <size>0x34</size>
         <alignment>0x2</alignment>
         <input_file_ref idref="fl-7"/>
      </object_component>
      <object_component id="oc-6c">
         <name>.text:_c_int00_noargs</name>
         <load_address>0x3d64</load_address>
         <readonly>true</readonly>
         <executable>true</executable>
         <run_address>0x3d64</run_address>
         <size>0x34</size>
         <alignment>0x4</alignment>
         <input_file_ref idref="fl-14a"/>
      </object_component>
      <object_component id="oc-164">
         <name>.text.DL_SYSCTL_switchMCLKfromSYSOSCtoHSCLK</name>
         <load_address>0x3d98</load_address>
         <readonly>true</readonly>
         <executable>true</executable>
         <run_address>0x3d98</run_address>
         <size>0x32</size>
         <alignment>0x4</alignment>
         <input_file_ref idref="fl-23"/>
      </object_component>
      <object_component id="oc-103">
         <name>.text.SYSCFG_DL_FLASH_init</name>
         <load_address>0x3dca</load_address>
         <readonly>true</readonly>
         <executable>true</executable>
         <run_address>0x3dca</run_address>
         <size>0x32</size>
         <alignment>0x2</alignment>
         <input_file_ref idref="fl-3"/>
      </object_component>
      <object_component id="oc-107">
         <name>.text.SYSCFG_DL_Pinmux_init</name>
         <load_address>0x3dfc</load_address>
         <readonly>true</readonly>
         <executable>true</executable>
         <run_address>0x3dfc</run_address>
         <size>0x32</size>
         <alignment>0x2</alignment>
         <input_file_ref idref="fl-3"/>
      </object_component>
      <object_component id="oc-c2">
         <name>.text.UART_init</name>
         <load_address>0x3e2e</load_address>
         <readonly>true</readonly>
         <executable>true</executable>
         <run_address>0x3e2e</run_address>
         <size>0x32</size>
         <alignment>0x2</alignment>
         <input_file_ref idref="fl-9"/>
      </object_component>
      <object_component id="oc-38a">
         <name>.text.__TI_readmsg</name>
         <load_address>0x3e60</load_address>
         <readonly>true</readonly>
         <executable>true</executable>
         <run_address>0x3e60</run_address>
         <size>0x30</size>
         <alignment>0x4</alignment>
         <input_file_ref idref="fl-16b"/>
      </object_component>
      <object_component id="oc-dd">
         <name>.text.exit</name>
         <load_address>0x3e90</load_address>
         <readonly>true</readonly>
         <executable>true</executable>
         <run_address>0x3e90</run_address>
         <size>0x30</size>
         <alignment>0x4</alignment>
         <input_file_ref idref="fl-141"/>
      </object_component>
      <object_component id="oc-128">
         <name>.text.protocol_uart_send</name>
         <load_address>0x3ec0</load_address>
         <readonly>true</readonly>
         <executable>true</executable>
         <run_address>0x3ec0</run_address>
         <size>0x2e</size>
         <alignment>0x4</alignment>
         <input_file_ref idref="fl-7"/>
      </object_component>
      <object_component id="oc-3b6">
         <name>.text.finddevice</name>
         <load_address>0x3ef0</load_address>
         <readonly>true</readonly>
         <executable>true</executable>
         <run_address>0x3ef0</run_address>
         <size>0x2c</size>
         <alignment>0x4</alignment>
         <input_file_ref idref="fl-180"/>
      </object_component>
      <object_component id="oc-33d">
         <name>.text.lseek</name>
         <load_address>0x3f1c</load_address>
         <readonly>true</readonly>
         <executable>true</executable>
         <run_address>0x3f1c</run_address>
         <size>0x2c</size>
         <alignment>0x4</alignment>
         <input_file_ref idref="fl-161"/>
      </object_component>
      <object_component id="oc-218">
         <name>.text.strstr</name>
         <load_address>0x3f48</load_address>
         <readonly>true</readonly>
         <executable>true</executable>
         <run_address>0x3f48</run_address>
         <size>0x2c</size>
         <alignment>0x2</alignment>
         <input_file_ref idref="fl-149"/>
      </object_component>
      <object_component id="oc-3a4">
         <name>.text.unlink</name>
         <load_address>0x3f74</load_address>
         <readonly>true</readonly>
         <executable>true</executable>
         <run_address>0x3f74</run_address>
         <size>0x2c</size>
         <alignment>0x4</alignment>
         <input_file_ref idref="fl-163"/>
      </object_component>
      <object_component id="oc-293">
         <name>.text.write</name>
         <load_address>0x3fa0</load_address>
         <readonly>true</readonly>
         <executable>true</executable>
         <run_address>0x3fa0</run_address>
         <size>0x2c</size>
         <alignment>0x4</alignment>
         <input_file_ref idref="fl-15d"/>
      </object_component>
      <object_component id="oc-4c">
         <name>.text.DMA0_IRQHandler</name>
         <load_address>0x3fcc</load_address>
         <readonly>true</readonly>
         <executable>true</executable>
         <run_address>0x3fcc</run_address>
         <size>0x2a</size>
         <alignment>0x2</alignment>
         <input_file_ref idref="fl-4"/>
      </object_component>
      <object_component id="oc-343">
         <name>.text.free_list_insert</name>
         <load_address>0x3ff8</load_address>
         <readonly>true</readonly>
         <executable>true</executable>
         <run_address>0x3ff8</run_address>
         <size>0x28</size>
         <alignment>0x4</alignment>
         <input_file_ref idref="fl-148"/>
      </object_component>
      <object_component id="oc-277">
         <name>.text.Clocks_wait_us_precise</name>
         <load_address>0x4020</load_address>
         <readonly>true</readonly>
         <executable>true</executable>
         <run_address>0x4020</run_address>
         <size>0x26</size>
         <alignment>0x4</alignment>
         <input_file_ref idref="fl-2"/>
      </object_component>
      <object_component id="oc-147">
         <name>.text.Arch_Counter_Init</name>
         <load_address>0x4046</load_address>
         <readonly>true</readonly>
         <executable>true</executable>
         <run_address>0x4046</run_address>
         <size>0x24</size>
         <alignment>0x2</alignment>
         <input_file_ref idref="fl-1b"/>
      </object_component>
      <object_component id="oc-246">
         <name>.text.Capture_start</name>
         <load_address>0x406a</load_address>
         <readonly>true</readonly>
         <executable>true</executable>
         <run_address>0x406a</run_address>
         <size>0x22</size>
         <alignment>0x2</alignment>
         <input_file_ref idref="fl-1"/>
      </object_component>
      <object_component id="oc-b8">
         <name>.text.Device_Init</name>
         <load_address>0x408c</load_address>
         <readonly>true</readonly>
         <executable>true</executable>
         <run_address>0x408c</run_address>
         <size>0x22</size>
         <alignment>0x2</alignment>
         <input_file_ref idref="fl-19"/>
      </object_component>
      <object_component id="oc-22c">
         <name>.text.UART_reset_read_buffer</name>
         <load_address>0x40ae</load_address>
         <readonly>true</readonly>
         <executable>true</executable>
         <run_address>0x40ae</run_address>
         <size>0x22</size>
         <alignment>0x2</alignment>
         <input_file_ref idref="fl-9"/>
      </object_component>
      <object_component id="oc-2ad">
         <name>.text.memccpy</name>
         <load_address>0x40d0</load_address>
         <readonly>true</readonly>
         <executable>true</executable>
         <run_address>0x40d0</run_address>
         <size>0x22</size>
         <alignment>0x2</alignment>
         <input_file_ref idref="fl-147"/>
      </object_component>
      <object_component id="oc-1c3">
         <name>.text.uart_consecutive_transfer_start</name>
         <load_address>0x40f2</load_address>
         <readonly>true</readonly>
         <executable>true</executable>
         <run_address>0x40f2</run_address>
         <size>0x22</size>
         <alignment>0x2</alignment>
         <input_file_ref idref="fl-7"/>
      </object_component>
      <object_component id="oc-14f">
         <name>.text.Log_Init</name>
         <load_address>0x4114</load_address>
         <readonly>true</readonly>
         <executable>true</executable>
         <run_address>0x4114</run_address>
         <size>0x20</size>
         <alignment>0x2</alignment>
         <input_file_ref idref="fl-26"/>
      </object_component>
      <object_component id="oc-115">
         <name>.text.SYSCFG_DL_SYSTICK_init</name>
         <load_address>0x4134</load_address>
         <readonly>true</readonly>
         <executable>true</executable>
         <run_address>0x4134</run_address>
         <size>0x20</size>
         <alignment>0x2</alignment>
         <input_file_ref idref="fl-3"/>
      </object_component>
      <object_component id="oc-228">
         <name>.text.UART_reset_write_buffer</name>
         <load_address>0x4154</load_address>
         <readonly>true</readonly>
         <executable>true</executable>
         <run_address>0x4154</run_address>
         <size>0x20</size>
         <alignment>0x2</alignment>
         <input_file_ref idref="fl-9"/>
      </object_component>
      <object_component id="oc-1a2">
         <name>.text</name>
         <load_address>0x4174</load_address>
         <readonly>true</readonly>
         <executable>true</executable>
         <run_address>0x4174</run_address>
         <size>0x20</size>
         <alignment>0x4</alignment>
         <input_file_ref idref="fl-171"/>
      </object_component>
      <object_component id="oc-10a">
         <name>.text.SYSCFG_DL_DMA0_init</name>
         <load_address>0x4194</load_address>
         <readonly>true</readonly>
         <executable>true</executable>
         <run_address>0x4194</run_address>
         <size>0x1e</size>
         <alignment>0x2</alignment>
         <input_file_ref idref="fl-3"/>
      </object_component>
      <object_component id="oc-230">
         <name>.text.UART_receive_stop</name>
         <load_address>0x41b2</load_address>
         <readonly>true</readonly>
         <executable>true</executable>
         <run_address>0x41b2</run_address>
         <size>0x1e</size>
         <alignment>0x2</alignment>
         <input_file_ref idref="fl-9"/>
      </object_component>
      <object_component id="oc-ff">
         <name>.text.Device_InitSetupSw</name>
         <load_address>0x41d0</load_address>
         <readonly>true</readonly>
         <executable>true</executable>
         <run_address>0x41d0</run_address>
         <size>0x1c</size>
         <alignment>0x2</alignment>
         <input_file_ref idref="fl-1a"/>
      </object_component>
      <object_component id="oc-223">
         <name>.text.PWM_disable</name>
         <load_address>0x41ec</load_address>
         <readonly>true</readonly>
         <executable>true</executable>
         <run_address>0x41ec</run_address>
         <size>0x1c</size>
         <alignment>0x4</alignment>
         <input_file_ref idref="fl-8"/>
      </object_component>
      <object_component id="oc-116">
         <name>.text.SYSCFG_DL_INTERRUPT_init</name>
         <load_address>0x4208</load_address>
         <readonly>true</readonly>
         <executable>true</executable>
         <run_address>0x4208</run_address>
         <size>0x1c</size>
         <alignment>0x2</alignment>
         <input_file_ref idref="fl-3"/>
      </object_component>
      <object_component id="oc-22e">
         <name>.text.UART_receive_start</name>
         <load_address>0x4224</load_address>
         <readonly>true</readonly>
         <executable>true</executable>
         <run_address>0x4224</run_address>
         <size>0x1c</size>
         <alignment>0x2</alignment>
         <input_file_ref idref="fl-9"/>
      </object_component>
      <object_component id="oc-235">
         <name>.text.UART_start</name>
         <load_address>0x4240</load_address>
         <readonly>true</readonly>
         <executable>true</executable>
         <run_address>0x4240</run_address>
         <size>0x1c</size>
         <alignment>0x2</alignment>
         <input_file_ref idref="fl-9"/>
      </object_component>
      <object_component id="oc-341">
         <name>.text.free_list_remove</name>
[...]
         <value>0x4665</value>
         <object_component_ref idref="oc-3a"/>
      </symbol>
      <symbol id="sm-317">
         <name>ADC1_INT1_IRQHandler</name>
         <value>0x4665</value>
         <object_component_ref idref="oc-3a"/>
      </symbol>
      <symbol id="sm-318">
         <name>ADC1_INT2_IRQHandler</name>
         <value>0x4665</value>
         <object_component_ref idref="oc-3a"/>
      </symbol>
      <symbol id="sm-319">
         <name>ADC1_INT3_IRQHandler</name>
         <value>0x4665</value>
         <object_component_ref idref="oc-3a"/>
      </symbol>
      <symbol id="sm-31a">
         <name>ADC1_INT4_IRQHandler</name>
         <value>0x4665</value>
         <object_component_ref idref="oc-3a"/>
      </symbol>
      <symbol id="sm-31b">
         <name>ADC1_EVT_IRQHandler</name>
         <value>0x4665</value>
         <object_component_ref idref="oc-3a"/>
      </symbol>
      <symbol id="sm-31c">
         <name>ADC2_INT1_IRQHandler</name>
         <value>0x4665</value>
         <object_component_ref idref="oc-3a"/>
      </symbol>
      <symbol id="sm-31d">
         <name>ADC2_INT2_IRQHandler</name>
         <value>0x4665</value>
         <object_component_ref idref="oc-3a"/>
      </symbol>
      <symbol id="sm-31e">
         <name>ADC2_INT3_IRQHandler</name>
         <value>0x4665</value>
         <object_component_ref idref="oc-3a"/>
      </symbol>
      <symbol id="sm-31f">
         <name>ADC2_INT4_IRQHandler</name>
         <value>0x4665</value>
         <object_component_ref idref="oc-3a"/>
      </symbol>
      <symbol id="sm-320">
         <name>ADC2_EVT_IRQHandler</name>
         <value>0x4665</value>
         <object_component_ref idref="oc-3a"/>
      </symbol>
      <symbol id="sm-321">
         <name>MCAN0_IRQHandler</name>
         <value>0x4665</value>
         <object_component_ref idref="oc-3a"/>
      </symbol>
      <symbol id="sm-322">
         <name>MCPWM0_IRQHandler</name>
         <value>0x4665</value>
         <object_component_ref idref="oc-3a"/>
      </symbol>
      <symbol id="sm-323">
         <name>MCPWM1_IRQHandler</name>
         <value>0x4665</value>
         <object_component_ref idref="oc-3a"/>
      </symbol>
      <symbol id="sm-324">
         <name>MCPWM2_IRQHandler</name>
         <value>0x4665</value>
         <object_component_ref idref="oc-3a"/>
      </symbol>
      <symbol id="sm-325">
         <name>MCPWM3_IRQHandler</name>
         <value>0x4665</value>
         <object_component_ref idref="oc-3a"/>
      </symbol>
      <symbol id="sm-326">
         <name>MCPWM4_IRQHandler</name>
         <value>0x4665</value>
         <object_component_ref idref="oc-3a"/>
      </symbol>
      <symbol id="sm-327">
         <name>ECAP1_IRQHandler</name>
         <value>0x4665</value>
         <object_component_ref idref="oc-3a"/>
      </symbol>
      <symbol id="sm-328">
         <name>EQEP0_IRQHandler</name>
         <value>0x4665</value>
         <object_component_ref idref="oc-3a"/>
      </symbol>
      <symbol id="sm-329">
         <name>EQEP1_IRQHandler</name>
         <value>0x4665</value>
         <object_component_ref idref="oc-3a"/>
      </symbol>
      <symbol id="sm-32a">
         <name>EQEP2_IRQHandler</name>
         <value>0x4665</value>
         <object_component_ref idref="oc-3a"/>
      </symbol>
      <symbol id="sm-32b">
         <name>UC0_IRQHandler</name>
         <value>0x4665</value>
         <object_component_ref idref="oc-3a"/>
      </symbol>
      <symbol id="sm-32c">
         <name>UC1_IRQHandler</name>
         <value>0x4665</value>
         <object_component_ref idref="oc-3a"/>
      </symbol>
      <symbol id="sm-32d">
         <name>UC3_IRQHandler</name>
         <value>0x4665</value>
         <object_component_ref idref="oc-3a"/>
      </symbol>
      <symbol id="sm-32e">
         <name>UC4_IRQHandler</name>
         <value>0x4665</value>
         <object_component_ref idref="oc-3a"/>
      </symbol>
      <symbol id="sm-32f">
         <name>UC5_IRQHandler</name>
         <value>0x4665</value>
         <object_component_ref idref="oc-3a"/>
      </symbol>
      <symbol id="sm-330">
         <name>TINIE_LITE_IRQHandler</name>
         <value>0x4665</value>
         <object_component_ref idref="oc-3a"/>
      </symbol>
      <symbol id="sm-331">
         <name>EPI_IRQHandler</name>
         <value>0x4665</value>
         <object_component_ref idref="oc-3a"/>
      </symbol>
      <symbol id="sm-332">
         <name>AES_IRQHandler</name>
         <value>0x4665</value>
         <object_component_ref idref="oc-3a"/>
      </symbol>
      <symbol id="sm-333">
         <name>TIMG4_0_IRQHandler</name>
         <value>0x4665</value>
         <object_component_ref idref="oc-3a"/>
      </symbol>
      <symbol id="sm-334">
         <name>TIMG12_0_IRQHandler</name>
         <value>0x4665</value>
         <object_component_ref idref="oc-3a"/>
      </symbol>
      <symbol id="sm-335">
         <name>TMU_LUF_IRQHandler</name>
         <value>0x4665</value>
         <object_component_ref idref="oc-3a"/>
      </symbol>
      <symbol id="sm-336">
         <name>TMU_LVF_IRQHandler</name>
         <value>0x4665</value>
         <object_component_ref idref="oc-3a"/>
      </symbol>
      <symbol id="sm-347">
         <name>printf</name>
         <value>0x3229</value>
         <object_component_ref idref="oc-1e0"/>
      </symbol>
      <symbol id="sm-35d">
         <name>__TI_printfi_minimal</name>
         <value>0x91d</value>
         <object_component_ref idref="oc-27c"/>
      </symbol>
      <symbol id="sm-36d">
         <name>fputc</name>
         <value>0x26f5</value>
         <object_component_ref idref="oc-257"/>
      </symbol>
      <symbol id="sm-36e">
         <name>putchar</name>
         <value>0x4601</value>
         <object_component_ref idref="oc-1e6"/>
      </symbol>
      <symbol id="sm-37f">
         <name>fputs</name>
         <value>0x1d4d</value>
         <object_component_ref idref="oc-287"/>
      </symbol>
      <symbol id="sm-389">
         <name>__TI_wrt_ok</name>
         <value>0x31c9</value>
         <object_component_ref idref="oc-28d"/>
      </symbol>
      <symbol id="sm-393">
         <name>setvbuf</name>
         <value>0x1ff9</value>
         <object_component_ref idref="oc-2d9"/>
      </symbol>
      <symbol id="sm-3a2">
         <name>abort</name>
         <value>0x4625</value>
         <object_component_ref idref="oc-d8"/>
      </symbol>
      <symbol id="sm-3a3">
         <name>__TI_cleanup_ptr</name>
         <value>0x2000824c</value>
         <object_component_ref idref="oc-138"/>
      </symbol>
      <symbol id="sm-3a4">
         <name>__TI_dtors_ptr</name>
         <value>0x20008250</value>
         <object_component_ref idref="oc-138"/>
      </symbol>
      <symbol id="sm-3a5">
         <name>exit</name>
         <value>0x3e91</value>
         <object_component_ref idref="oc-dd"/>
      </symbol>
      <symbol id="sm-3ae">
         <name>_nop</name>
         <value>0x22ef</value>
         <object_component_ref idref="oc-1ca"/>
      </symbol>
      <symbol id="sm-3af">
         <name>_lock</name>
         <value>0x20008268</value>
         <object_component_ref idref="oc-136"/>
      </symbol>
      <symbol id="sm-3b0">
         <name>_unlock</name>
         <value>0x2000826c</value>
         <object_component_ref idref="oc-139"/>
      </symbol>
      <symbol id="sm-3b8">
         <name>_ftable</name>
         <value>0x20008008</value>
         <object_component_ref idref="oc-251"/>
      </symbol>
      <symbol id="sm-3b9">
         <name>__TI_ft_end</name>
         <value>0x20008264</value>
         <object_component_ref idref="oc-34b"/>
      </symbol>
      <symbol id="sm-3ba">
         <name>__TI_tmpnams</name>
         <value>0x2000ae40</value>
         <object_component_ref idref="oc-380"/>
      </symbol>
      <symbol id="sm-3c3">
         <name>memccpy</name>
         <value>0x40d1</value>
         <object_component_ref idref="oc-2ad"/>
      </symbol>
      <symbol id="sm-3e6">
         <name>malloc</name>
         <value>0x4617</value>
         <object_component_ref idref="oc-31d"/>
      </symbol>
      <symbol id="sm-3e7">
         <name>aligned_alloc</name>
         <value>0x1a59</value>
         <object_component_ref idref="oc-344"/>
      </symbol>
      <symbol id="sm-3e8">
         <name>free</name>
         <value>0x1f1d</value>
         <object_component_ref idref="oc-31b"/>
      </symbol>
      <symbol id="sm-3e9">
         <name>_sys_memory</name>
         <value>0x20009280</value>
         <object_component_ref idref="oc-34"/>
      </symbol>
      <symbol id="sm-3ea">
         <name>memalign</name>
         <value>0x1a59</value>
         <object_component_ref idref="oc-344"/>
      </symbol>
      <symbol id="sm-3f3">
         <name>strstr</name>
         <value>0x3f49</value>
         <object_component_ref idref="oc-218"/>
      </symbol>
      <symbol id="sm-3fe">
         <name>_c_int00_noargs</name>
         <value>0x3d65</value>
         <object_component_ref idref="oc-6c"/>
      </symbol>
      <symbol id="sm-3ff">
         <name>__stack</name>
         <value>0x20008280</value>
         <object_component_ref idref="oc-1a"/>
      </symbol>
      <symbol id="sm-40b">
         <name>__TI_auto_init_nopinit</name>
         <value>0x38d5</value>
         <object_component_ref idref="oc-e6"/>
      </symbol>
      <symbol id="sm-413">
         <name>_system_pre_init</name>
         <value>0x464f</value>
         <object_component_ref idref="oc-97"/>
      </symbol>
      <symbol id="sm-41d">
         <name>copy_in</name>
         <value>0x3629</value>
         <object_component_ref idref="oc-13c"/>
      </symbol>
      <symbol id="sm-427">
         <name>__TI_zero_init</name>
         <value>0x44bf</value>
         <object_component_ref idref="oc-69"/>
      </symbol>
      <symbol id="sm-430">
         <name>__TI_decompress_none</name>
         <value>0x4593</value>
         <object_component_ref idref="oc-20"/>
      </symbol>
      <symbol id="sm-43a">
         <name>__TI_decompress_lzss</name>
         <value>0x2c01</value>
         <object_component_ref idref="oc-1c"/>
      </symbol>
      <symbol id="sm-448">
         <name>__TI_doflush</name>
         <value>0x35d9</value>
         <object_component_ref idref="oc-297"/>
      </symbol>
      <symbol id="sm-453">
         <name>__TI_cleanup</name>
         <value>0x3b49</value>
         <object_component_ref idref="oc-31e"/>
      </symbol>
      <symbol id="sm-460">
         <name>fseek</name>
         <value>0x4653</value>
         <object_component_ref idref="oc-2d4"/>
      </symbol>
      <symbol id="sm-461">
         <name>fseeko</name>
         <value>0x2f09</value>
         <object_component_ref idref="oc-317"/>
      </symbol>
      <symbol id="sm-46d">
         <name>__TI_closefile</name>
         <value>0x2ce5</value>
         <object_component_ref idref="oc-345"/>
      </symbol>
      <symbol id="sm-475">
         <name>HOSTexit</name>
         <value>0x4633</value>
         <object_component_ref idref="oc-130"/>
      </symbol>
      <symbol id="sm-476">
         <name>C$$EXIT</name>
         <value>0x4632</value>
         <object_component_ref idref="oc-130"/>
      </symbol>
      <symbol id="sm-480">
         <name>write</name>
         <value>0x3fa1</value>
         <object_component_ref idref="oc-293"/>
      </symbol>
      <symbol id="sm-485">
         <name>_device</name>
         <value>0x200080f8</value>
         <object_component_ref idref="oc-327"/>
      </symbol>
      <symbol id="sm-486">
         <name>_stream</name>
         <value>0x20008170</value>
         <object_component_ref idref="oc-2df"/>
      </symbol>
      <symbol id="sm-48e">
         <name>remove</name>
         <value>0x465b</value>
         <object_component_ref idref="oc-37c"/>
      </symbol>
      <symbol id="sm-499">
         <name>lseek</name>
         <value>0x3f1d</value>
         <object_component_ref idref="oc-33d"/>
      </symbol>
      <symbol id="sm-4a3">
         <name>close</name>
         <value>0x3289</value>
         <object_component_ref idref="oc-378"/>
      </symbol>
      <symbol id="sm-4ad">
         <name>unlink</name>
         <value>0x3f75</value>
         <object_component_ref idref="oc-3a4"/>
      </symbol>
      <symbol id="sm-4b7">
         <name>HOSTclose</name>
         <value>0x3a99</value>
         <object_component_ref idref="oc-354"/>
      </symbol>
      <symbol id="sm-4c1">
         <name>HOSTlseek</name>
         <value>0x3769</value>
         <object_component_ref idref="oc-360"/>
      </symbol>
      <symbol id="sm-4cf">
         <name>HOSTopen</name>
         <value>0x3109</value>
         <object_component_ref idref="oc-34e"/>
      </symbol>
      <symbol id="sm-4d0">
         <name>parmbuf</name>
         <value>0x2000af38</value>
         <object_component_ref idref="oc-38b"/>
      </symbol>
      <symbol id="sm-4da">
         <name>HOSTread</name>
         <value>0x3399</value>
         <object_component_ref idref="oc-358"/>
      </symbol>
      <symbol id="sm-4eb">
         <name>HOSTrename</name>
         <value>0x3041</value>
         <object_component_ref idref="oc-36a"/>
      </symbol>
      <symbol id="sm-4f9">
         <name>HOSTunlink</name>
         <value>0x395d</value>
         <object_component_ref idref="oc-364"/>
      </symbol>
      <symbol id="sm-503">
         <name>HOSTwrite</name>
         <value>0x33ed</value>
         <object_component_ref idref="oc-35c"/>
      </symbol>
      <symbol id="sm-511">
         <name>C$$IO$$</name>
         <value>0x3cbf</value>
         <object_component_ref idref="oc-384"/>
      </symbol>
      <symbol id="sm-512">
         <name>__TI_writemsg</name>
         <value>0x3c95</value>
         <object_component_ref idref="oc-384"/>
      </symbol>
      <symbol id="sm-513">
         <name>__CIOBUF_</name>
         <value>0x2000ad20</value>
         <object_component_ref idref="oc-3aa"/>
      </symbol>
      <symbol id="sm-514">
         <name>__TI_readmsg</name>
         <value>0x3e61</value>
         <object_component_ref idref="oc-38a"/>
      </symbol>
      <symbol id="sm-515">
         <name>_CIOBUF_</name>
         <value>0x2000ad20</value>
         <object_component_ref idref="oc-3aa"/>
      </symbol>
      <symbol id="sm-51b">
         <name>__aeabi_dadd</name>
         <value>0xd73</value>
         <object_component_ref idref="oc-1a8"/>
      </symbol>
      <symbol id="sm-51c">
         <name>__adddf3</name>
         <value>0xd73</value>
         <object_component_ref idref="oc-1a8"/>
      </symbol>
      <symbol id="sm-51d">
         <name>__aeabi_dsub</name>
         <value>0xd69</value>
         <object_component_ref idref="oc-1a8"/>
      </symbol>
      <symbol id="sm-51e">
         <name>__subdf3</name>
         <value>0xd69</value>
         <object_component_ref idref="oc-1a8"/>
      </symbol>
      <symbol id="sm-524">
         <name>__aeabi_f2d</name>
         <value>0x3bf1</value>
         <object_component_ref idref="oc-1b0"/>
      </symbol>
      <symbol id="sm-525">
         <name>__extendsfdf2</name>
         <value>0x3bf1</value>
         <object_component_ref idref="oc-1b0"/>
      </symbol>
      <symbol id="sm-52b">
         <name>__aeabi_d2uiz</name>
         <value>0x3919</value>
         <object_component_ref idref="oc-1ac"/>
      </symbol>
      <symbol id="sm-52c">
         <name>__fixunsdfsi</name>
         <value>0x3919</value>
         <object_component_ref idref="oc-1ac"/>
      </symbol>
      <symbol id="sm-532">
         <name>__aeabi_ui2d</name>
         <value>0x4175</value>
         <object_component_ref idref="oc-1a2"/>
      </symbol>
      <symbol id="sm-533">
         <name>__floatunsidf</name>
         <value>0x4175</value>
         <object_component_ref idref="oc-1a2"/>
      </symbol>
      <symbol id="sm-539">
         <name>__aeabi_d2f</name>
         <value>0x2d55</value>
         <object_component_ref idref="oc-278"/>
      </symbol>
      <symbol id="sm-53a">
         <name>__truncdfsf2</name>
         <value>0x2d55</value>
         <object_component_ref idref="oc-278"/>
      </symbol>
      <symbol id="sm-544">
         <name>__aeabi_ddiv</name>
         <value>0x463b</value>
         <object_component_ref idref="oc-210"/>
      </symbol>
      <symbol id="sm-54d">
         <name>__aeabi_dmul</name>
         <value>0x463f</value>
         <object_component_ref idref="oc-20a"/>
      </symbol>
      <symbol id="sm-553">
         <name>__aeabi_uldivmod</name>
         <value>0x43c5</value>
         <object_component_ref idref="oc-2a7"/>
      </symbol>
      <symbol id="sm-559">
         <name>__aeabi_memcpy</name>
         <value>0x4661</value>
         <object_component_ref idref="oc-5c"/>
      </symbol>
      <symbol id="sm-55a">
         <name>__aeabi_memcpy4</name>
         <value>0x4661</value>
         <object_component_ref idref="oc-5c"/>
      </symbol>
      <symbol id="sm-55b">
         <name>__aeabi_memcpy8</name>
         <value>0x4661</value>
         <object_component_ref idref="oc-5c"/>
      </symbol>
      <symbol id="sm-561">
         <name>__aeabi_memset</name>
         <value>0x447d</value>
         <object_component_ref idref="oc-93"/>
      </symbol>
      <symbol id="sm-562">
         <name>__aeabi_memset4</name>
         <value>0x447d</value>
         <object_component_ref idref="oc-93"/>
      </symbol>
      <symbol id="sm-563">
         <name>__aeabi_memset8</name>
         <value>0x447d</value>
         <object_component_ref idref="oc-93"/>
      </symbol>
      <symbol id="sm-564">
         <name>__aeabi_memclr</name>
         <value>0x4487</value>
         <object_component_ref idref="oc-93"/>
      </symbol>
      <symbol id="sm-565">
         <name>__aeabi_memclr4</name>
         <value>0x4487</value>
         <object_component_ref idref="oc-93"/>
      </symbol>
      <symbol id="sm-566">
         <name>__aeabi_memclr8</name>
         <value>0x4487</value>
         <object_component_ref idref="oc-93"/>
      </symbol>
      <symbol id="sm-56c">
         <name>__udivmoddi4</name>
         <value>0x21a5</value>
         <object_component_ref idref="oc-2e6"/>
      </symbol>
      <symbol id="sm-572">
         <name>__muldf3</name>
         <value>0x1b59</value>
         <object_component_ref idref="oc-264"/>
      </symbol>
      <symbol id="sm-578">
         <name>__divdf3</name>
         <value>0x136d</value>
         <object_component_ref idref="oc-26e"/>
      </symbol>
      <symbol id="sm-582">
         <name>__aeabi_ldiv0</name>
         <value>0x21a3</value>
         <object_component_ref idref="oc-32b"/>
      </symbol>
      <symbol id="sm-592">
         <name>finddevice</name>
         <value>0x3ef1</value>
         <object_component_ref idref="oc-3b6"/>
      </symbol>
      <symbol id="sm-593">
         <name>getdevice</name>
         <value>0x2f71</value>
         <object_component_ref idref="oc-3ad"/>
      </symbol>
      <symbol id="sm-59a">
         <name>strcmp</name>
         <value>0x649</value>
         <object_component_ref idref="oc-3b9"/>
      </symbol>
      <symbol id="sm-5a2">
         <name>TI_memcpy_small</name>
         <value>0x4469</value>
         <object_component_ref idref="oc-ae"/>
      </symbol>
      <symbol id="sm-5aa">
         <name>TI_memset_small</name>
         <value>0x4585</value>
         <object_component_ref idref="oc-f2"/>
      </symbol>
      <symbol id="sm-5ab">
         <name>__TI_static_base__</name>
         <value>0x0</value>
      </symbol>
      <symbol id="sm-5ae">
         <name>__mpu_init</name>
         <value>0x0</value>
      </symbol>
      <symbol id="sm-5af">
         <name>_system_post_cinit</name>
         <value>0x0</value>
      </symbol>
   </symbol_table>
   <title>Link successful</title>
</link_info>
